2018-12-07 15:25:39.172 19447-19618/com.wallet3 D/JIGUANG-JMessage: [RequestingThread] request is [Requesting] - timeout:50000, times:1, request:[Request] - [JHead] - len:0, version:1, command:100, rid:15374, sid:44007, juid:20163561480
2018-12-07 15:25:39.172 19447-19618/com.wallet3 D/JIGUANG-JMessage: [RequestingThread] Request params - cmd:100
2018-12-07 15:25:39.573 19447-19478/com.wallet3 D/JIGUANG-JMessage: [b] processIMData type : im_response
2018-12-07 15:25:39.579 19447-19478/com.wallet3 D/JIGUANG-JMessage: [ResponseProcessor] IMCMD:1
2018-12-07 15:25:39.583 19447-24414/com.wallet3 I/JIGUANG-JMessage: [RequestProcessor] start SyncCheck
2018-12-07 15:25:39.631 19447-19505/com.wallet3 D/EGL_emulation: eglMakeCurrent: 0xddb7ade0: ver 3 0 (tinfo 0xca85a110)
2018-12-07 15:25:40.962 19447-19505/com.wallet3 I/chatty: uid=10095(com.wallet3) RenderThread identical 2 lines
2018-12-07 15:25:40.969 19447-19505/com.wallet3 D/EGL_emulation: eglMakeCurrent: 0xddb7ade0: ver 3 0 (tinfo 0xca85a110)
2018-12-07 15:25:40.970 19447-19505/com.wallet3 D/OpenGLRenderer: endAllActiveAnimators on 0xb96d7a80 (RippleDrawable) with handle 0xb8240420
2018-12-07 15:25:41.001 19447-19505/com.wallet3 D/EGL_emulation: eglMakeCurrent: 0xddb7ade0: ver 3 0 (tinfo 0xca85a110)
2018-12-07 15:25:41.586 19447-19618/com.wallet3 D/JIGUANG-JMessage: [RequestingThread] Action - sendRequestInternal - connection:, timeout:60000, threadId:1018
2018-12-07 15:25:41.587 19447-19618/com.wallet3 D/JIGUANG-JMessage: [RequestingThread] Action - sendCommandWithLoggedIn
2018-12-07 15:25:41.587 19447-19618/com.wallet3 D/JIGUANG-JMessage: [RequestingThread] request is [Requesting] - timeout:50000, times:1, request:[Request] - [JHead] - len:0, version:1, command:100, rid:15376, sid:44007, juid:20163561480
2018-12-07 15:25:41.587 19447-19618/com.wallet3 D/JIGUANG-JMessage: [RequestingThread] Request params - cmd:100
2018-12-07 15:25:41.742 19447-20471/com.wallet3 D/JIGUANG-JMessage: [b] processIMData type : im_response
2018-12-07 15:25:41.743 19447-20471/com.wallet3 D/JIGUANG-JMessage: [ResponseProcessor] IMCMD:40
2018-12-07 15:25:41.743 19447-20471/com.wallet3 D/JIGUANG-JMessage: [SyncRespBaseHandler] sync resp received , uid = 199400809
2018-12-07 15:25:41.743 19447-20471/com.wallet3 I/JIGUANG-JMessage: [SyncRespBaseHandler] [PageReceived] receive page . page no = 1 page = cn.jpush.im.android.c.b.f$m@51fd89
2018-12-07 15:25:41.743 19447-20471/com.wallet3 I/JIGUANG-JMessage: [SyncRespBaseHandler] [PageReceived] cached page no[1]
2018-12-07 15:25:41.743 19447-20471/com.wallet3 D/JIGUANG-JMessage: [SyncRespBaseHandler] [PageReceived]start convLocalize conv pages. total page 1
2018-12-07 15:25:41.752 19447-24431/com.wallet3 I/JIGUANG-JMessage: [SyncConvRespHandler]  conv id = 199400809_204114154 new list totalCount = 4 old list totalCount = 0
2018-12-07 15:25:41.753 19447-24431/com.wallet3 D/JIGUANG-JMessage: [SyncRespBaseHandler] conversation localize finished. status code = -100
2018-12-07 15:25:41.753 19447-24431/com.wallet3 I/JIGUANG-JMessage: [SyncConvRespHandler] send sync conv ack back == synckey is 1544167235451
2018-12-07 15:25:41.754 19447-24431/com.wallet3 I/JIGUANG-JMessage: [SyncRespBaseHandler] sync resp finished. code = 0 desc = Success
2018-12-07 15:25:41.754 19447-19618/com.wallet3 D/JIGUANG-JMessage: [RequestingThread] Action - sendRequestInternal - connection:, timeout:60000, threadId:1018
2018-12-07 15:25:41.755 19447-19618/com.wallet3 D/JIGUANG-JMessage: [RequestingThread] Action - sendCommandWithLoggedIn
2018-12-07 15:25:41.755 19447-19618/com.wallet3 D/JIGUANG-JMessage: [RequestingThread] request is [Requesting] - timeout:50000, times:1, request:[Request] - [JHead] - len:0, version:1, command:100, rid:15378, sid:44007, juid:20163561480
2018-12-07 15:25:41.755 19447-19618/com.wallet3 D/JIGUANG-JMessage: [RequestingThread] Request params - cmd:100
2018-12-07 15:25:41.786 19447-20471/com.wallet3 D/JIGUANG-JMessage: [b] processIMData type : im_response
2018-12-07 15:25:41.787 19447-20471/com.wallet3 D/JIGUANG-JMessage: [ResponseProcessor] IMCMD:39
2018-12-07 15:25:42.432 19447-19618/com.wallet3 D/JIGUANG-JMessage: [RequestingThread] Action - sendRequestInternal - connection:, timeout:300000, threadId:1018
2018-12-07 15:25:42.433 19447-19618/com.wallet3 D/JIGUANG-JMessage: [RequestingThread] Action - sendCommandWithLoggedIn
2018-12-07 15:25:42.433 19447-19618/com.wallet3 D/JIGUANG-JMessage: [RequestingThread] request is [Requesting] - timeout:290000, times:1, request:[Request] - [JHead] - len:0, version:1, command:100, rid:15380, sid:44007, juid:20163561480
2018-12-07 15:25:42.433 19447-19618/com.wallet3 D/JIGUANG-JMessage: [RequestingThread] Request params - cmd:100
2018-12-07 15:25:42.634 19447-20471/com.wallet3 D/JIGUANG-JMessage: [b] processIMData type : im_response
2018-12-07 15:25:42.634 19447-20471/com.wallet3 D/JIGUANG-JMessage: [ResponseProcessor] IMCMD:3
2018-12-07 15:25:42.641 19447-24434/com.wallet3 D/JIGUANG-JMessage: [MsgRequest] send message success. id = 2195594058 cTimeMS = 1544167543452
2018-12-07 15:25:42.753 19447-19505/com.wallet3 D/EGL_emulation: eglMakeCurrent: 0xddb7ade0: ver 3 0 (tinfo 0xca85a110)
2018-12-07 15:25:42.798 19447-19505/com.wallet3 D/EGL_emulation: eglMakeCurrent: 0xddb7ade0: ver 3 0 (tinfo 0xca85a110)
2018-12-07 15:25:44.209 19447-19505/com.wallet3 D/EGL_emulation: eglMakeCurrent: 0xddb7ade0: ver 3 0 (tinfo 0xca85a110)
2018-12-07 15:25:44.217 19447-19505/com.wallet3 D/EGL_emulation: eglMakeCurrent: 0xddb7ade0: ver 3 0 (tinfo 0xca85a110)
2018-12-07 15:25:44.218 19447-19505/com.wallet3 D/OpenGLRenderer: endAllActiveAnimators on 0xb7e44e00 (RippleDrawable) with handle 0xc9fcfd20
2018-12-07 15:25:44.243 19447-19505/com.wallet3 D/EGL_emulation: eglMakeCurrent: 0xddb7ade0: ver 3 0 (tinfo 0xca85a110)
2018-12-07 15:26:07.930 19447-19618/com.wallet3 D/JIGUANG-JMessage: [RequestingThread] Action - sendRequestInternal - connection:, timeout:300000, threadId:1018
2018-12-07 15:26:07.932 19447-19618/com.wallet3 D/JIGUANG-JMessage: [RequestingThread] Action - sendCommandWithLoggedIn
2018-12-07 15:26:07.932 19447-19618/com.wallet3 D/JIGUANG-JMessage: [RequestingThread] request is [Requesting] - timeout:290000, times:1, request:[Request] - [JHead] - len:0, version:1, command:100, rid:15382, sid:44007, juid:20163561480
2018-12-07 15:26:07.932 19447-19618/com.wallet3 D/JIGUANG-JMessage: [RequestingThread] Request params - cmd:100
2018-12-07 15:26:08.040 19447-20471/com.wallet3 D/JIGUANG-JMessage: [b] processIMData type : im_response
2018-12-07 15:26:08.040 19447-20471/com.wallet3 D/JIGUANG-JMessage: [ResponseProcessor] IMCMD:3
2018-12-07 15:26:08.041 19447-20471/com.wallet3 D/JMessageModule: 登录状态改变事件：event = cn.jpush.im.android.api.event.LoginStateChangeEvent@cf5e4fe
2018-12-07 15:26:08.041 19447-20471/com.wallet3 W/unknown:ReactNative: Calling JS function after bridge has been destroyed: RCTDeviceEventEmitter.emit(["JMessage.LoginStateChanged",{"type":"user_login_status_unexpected"}])
2018-12-07 15:26:08.042 19447-20471/com.wallet3 D/JMessageModule: 登录状态改变事件：event = cn.jpush.im.android.api.event.LoginStateChangeEvent@cf5e4fe
2018-12-07 15:26:08.042 19447-20471/com.wallet3 W/unknown:ReactNative: Calling JS function after bridge has been destroyed: RCTDeviceEventEmitter.emit(["JMessage.LoginStateChanged",{"type":"user_login_status_unexpected"}])
2018-12-07 15:26:08.042 19447-20471/com.wallet3 D/JMessageModule: 登录状态改变事件：event = cn.jpush.im.android.api.event.LoginStateChangeEvent@cf5e4fe
2018-12-07 15:26:08.042 19447-20471/com.wallet3 W/unknown:ReactNative: Calling JS function after bridge has been destroyed: RCTDeviceEventEmitter.emit(["JMessage.LoginStateChanged",{"type":"user_login_status_unexpected"}])
2018-12-07 15:26:08.042 19447-20471/com.wallet3 D/JMessageModule: 登录状态改变事件：event = cn.jpush.im.android.api.event.LoginStateChangeEvent@cf5e4fe
2018-12-07 15:26:08.042 19447-20471/com.wallet3 W/unknown:ReactNative: Calling JS function after bridge has been destroyed: RCTDeviceEventEmitter.emit(["JMessage.LoginStateChanged",{"type":"user_login_status_unexpected"}])
2018-12-07 15:26:08.043 19447-20471/com.wallet3 D/JMessageModule: 登录状态改变事件：event = cn.jpush.im.android.api.event.LoginStateChangeEvent@cf5e4fe
2018-12-07 15:26:08.046 19447-19618/com.wallet3 D/JIGUANG-JMessage: [RequestingThread] Action - sendRequestInternal - connection:, timeout:60000, threadId:1018
2018-12-07 15:26:08.047 19447-19618/com.wallet3 D/JIGUANG-JMessage: [RequestingThread] Action - sendCommandWithLoggedIn
2018-12-07 15:26:08.047 19447-19618/com.wallet3 D/JIGUANG-JMessage: [RequestingThread] request is [Requesting] - timeout:50000, times:1, request:[Request] - [JHead] - len:0, version:1, command:100, rid:15384, sid:44007, juid:20163561480
2018-12-07 15:26:08.047 19447-19618/com.wallet3 D/JIGUANG-JMessage: [RequestingThread] Request params - cmd:100
2018-12-07 15:26:08.050 19447-20471/com.wallet3 I/JIGUANG-JMessage: [RequestProcessor] SyncCheck stopped
2018-12-07 15:26:08.051 19447-20471/com.wallet3 W/JIGUANG-JMessage: [ImBaseRequest] response code is handled,return from parse response.
2018-12-07 15:26:08.051 19447-20471/com.wallet3 E/JIGUANG-JMessage: [CommonUtils] [getConversation] have not logged in!
2018-12-07 15:26:08.051 19447-20471/com.wallet3 W/JIGUANG-JMessage: [MsgRequest] conversation is null!update message status failed !
2018-12-07 15:26:08.062 19447-19447/com.wallet3 E/JIGUANG-JMessage: [CommonUtils] [getFromUser] have not logged in!
2018-12-07 15:26:08.097 19447-19505/com.wallet3 D/EGL_emulation: eglMakeCurrent: 0xddb7ade0: ver 3 0 (tinfo 0xca85a110)
2018-12-07 15:26:08.102 19447-19505/com.wallet3 D/EGL_emulation: eglMakeCurrent: 0xddb7ade0: ver 3 0 (tinfo 0xca85a110)
2018-12-07 15:26:08.123 19447-19505/com.wallet3 D/EGL_emulation: eglMakeCurrent: 0xddb7ade0: ver 3 0 (tinfo 0xca85a110)
2018-12-07 15:26:08.148 19447-19505/com.wallet3 I/chatty: uid=10095(com.wallet3) RenderThread identical 4 lines
2018-12-07 15:26:08.154 19447-19505/com.wallet3 D/EGL_emulation: eglMakeCurrent: 0xddb7ade0: ver 3 0 (tinfo 0xca85a110)
2018-12-07 15:26:08.204 19447-20471/com.wallet3 D/JIGUANG-JMessage: [b] processIMData type : im_response
2018-12-07 15:26:08.205 19447-20471/com.wallet3 D/JIGUANG-JMessage: [ResponseProcessor] IMCMD:2
2018-12-07 15:26:08.206 19447-20471/com.wallet3 E/JIGUANG-JMessage: [CommonUtils] [handleIMResponse] have not logged in!
2018-12-07 15:26:09.665 19447-19505/com.wallet3 D/EGL_emulation: eglMakeCurrent: 0xddb7ade0: ver 3 0 (tinfo 0xca85a110)
2018-12-07 15:26:09.972 19447-19505/com.wallet3 D/EGL_emulation: eglMakeCurrent: 0xddb7ade0: ver 3 0 (tinfo 0xca85a110)
2018-12-07 15:26:09.976 19447-19505/com.wallet3 D/OpenGLRenderer: endAllActiveAnimators on 0xb7e49b00 (RippleDrawable) with handle 0xb8efa690
2018-12-07 15:26:10.024 19447-19505/com.wallet3 D/EGL_emulation: eglMakeCurrent: 0xddb7ade0: ver 3 0 (tinfo 0xca85a110)
2018-12-07 15:28:05.104 19447-19473/com.wallet3 W/System: A resource failed to call close. 
2018-12-07 15:28:18.039 19447-19447/com.wallet3 D/JIGUANG-JCore: [PushReceiver] onReceive - cn.jpush.android.intent.ACTION_REPORT_HISTORY
2018-12-07 15:28:18.039 19447-19488/com.wallet3 D/JIGUANG-JPush: [PushReceiverCore] onReceive - cn.jpush.android.intent.ACTION_REPORT_HISTORY
2018-12-07 15:33:08.145 19447-19447/com.wallet3 D/JIGUANG-JCore: [PushReceiver] onReceive - cn.jpush.android.intent.ACTION_REPORT_HISTORY
2018-12-07 15:33:08.146 19447-19488/com.wallet3 D/JIGUANG-JPush: [PushReceiverCore] onReceive - cn.jpush.android.intent.ACTION_REPORT_HISTORY
2018-12-07 15:37:58.249 19447-19447/com.wallet3 D/JIGUANG-JCore: [PushReceiver] onReceive - cn.jpush.android.intent.ACTION_REPORT_HISTORY
2018-12-07 15:37:58.249 19447-19488/com.wallet3 D/JIGUANG-JPush: [PushReceiverCore] onReceive - cn.jpush.android.intent.ACTION_REPORT_HISTORY
2018-12-07 15:42:48.262 19447-19447/com.wallet3 D/JIGUANG-JCore: [PushReceiver] onReceive - cn.jpush.android.intent.ACTION_REPORT_HISTORY
2018-12-07 15:42:48.263 19447-19488/com.wallet3 D/JIGUANG-JPush: [PushReceiverCore] onReceive - cn.jpush.android.intent.ACTION_REPORT_HISTORY
2018-12-07 15:47:38.273 19447-19447/com.wallet3 D/JIGUANG-JCore: [PushReceiver] onReceive - cn.jpush.android.intent.ACTION_REPORT_HISTORY
2018-12-07 15:47:38.274 19447-19488/com.wallet3 D/JIGUANG-JPush: [PushReceiverCore] onReceive - cn.jpush.android.intent.ACTION_REPORT_HISTORY
2018-12-07 15:49:21.875 19447-24040/com.wallet3 I/JMessageModule: username: user1 is logging in
2018-12-07 15:49:21.880 19447-19618/com.wallet3 D/JIGUANG-JMessage: [RequestingThread] Action - sendRequestInternal - connection:, timeout:60000, threadId:1018
2018-12-07 15:49:21.882 19447-19618/com.wallet3 D/JIGUANG-JMessage: [RequestingThread] Action - sendCommandWithLoggedIn
2018-12-07 15:49:21.882 19447-19618/com.wallet3 D/JIGUANG-JMessage: [RequestingThread] request is [Requesting] - timeout:50000, times:1, request:[Request] - [JHead] - len:0, version:1, command:100, rid:15386, sid:44007, juid:20163561480
2018-12-07 15:49:21.882 19447-19618/com.wallet3 D/JIGUANG-JMessage: [RequestingThread] Request params - cmd:100
2018-12-07 15:49:22.098 19447-19478/com.wallet3 D/JIGUANG-JMessage: [b] processIMData type : im_response
2018-12-07 15:49:22.108 19447-19478/com.wallet3 D/JIGUANG-JMessage: [ResponseProcessor] IMCMD:1
2018-12-07 15:49:22.112 19447-25865/com.wallet3 I/JIGUANG-JMessage: [RequestProcessor] start SyncCheck
2018-12-07 15:49:22.238 19447-19505/com.wallet3 D/EGL_emulation: eglMakeCurrent: 0xddb7ade0: ver 3 0 (tinfo 0xca85a110)
2018-12-07 15:49:22.285 19447-19505/com.wallet3 D/EGL_emulation: eglMakeCurrent: 0xddb7ade0: ver 3 0 (tinfo 0xca85a110)
2018-12-07 15:49:23.812 19447-19505/com.wallet3 D/EGL_emulation: eglMakeCurrent: 0xddb7ade0: ver 3 0 (tinfo 0xca85a110)
2018-12-07 15:49:24.117 19447-19618/com.wallet3 D/JIGUANG-JMessage: [RequestingThread] Action - sendRequestInternal - connection:, timeout:60000, threadId:1018
2018-12-07 15:49:24.121 19447-19618/com.wallet3 D/JIGUANG-JMessage: [RequestingThread] Action - sendCommandWithLoggedIn
2018-12-07 15:49:24.121 19447-19618/com.wallet3 D/JIGUANG-JMessage: [RequestingThread] request is [Requesting] - timeout:50000, times:1, request:[Request] - [JHead] - len:0, version:1, command:100, rid:15388, sid:44007, juid:20163561480
2018-12-07 15:49:24.121 19447-19618/com.wallet3 D/JIGUANG-JMessage: [RequestingThread] Request params - cmd:100
2018-12-07 15:49:24.244 19447-19505/com.wallet3 D/EGL_emulation: eglMakeCurrent: 0xddb7ade0: ver 3 0 (tinfo 0xca85a110)
2018-12-07 15:49:24.246 19447-19505/com.wallet3 D/OpenGLRenderer: endAllActiveAnimators on 0xc8c93e80 (RippleDrawable) with handle 0xc8ca4b70
2018-12-07 15:49:24.263 19447-19478/com.wallet3 D/JIGUANG-JMessage: [b] processIMData type : im_response
2018-12-07 15:49:24.264 19447-19478/com.wallet3 D/JIGUANG-JMessage: [ResponseProcessor] IMCMD:39
2018-12-07 15:49:24.275 19447-19505/com.wallet3 D/EGL_emulation: eglMakeCurrent: 0xddb7ade0: ver 3 0 (tinfo 0xca85a110)
2018-12-07 15:49:24.304 19447-19478/com.wallet3 D/JIGUANG-JMessage: [b] processIMData type : im_response
2018-12-07 15:49:24.304 19447-19478/com.wallet3 D/JIGUANG-JMessage: [ResponseProcessor] IMCMD:40
2018-12-07 15:49:24.305 19447-19478/com.wallet3 D/JIGUANG-JMessage: [SyncRespBaseHandler] sync resp received , uid = 199400809
2018-12-07 15:49:24.305 19447-19478/com.wallet3 I/JIGUANG-JMessage: [SyncRespBaseHandler] [PageReceived] receive page . page no = 1 page = cn.jpush.im.android.c.b.f$m@470db3f
2018-12-07 15:49:24.305 19447-19478/com.wallet3 I/JIGUANG-JMessage: [SyncRespBaseHandler] [PageReceived] cached page no[1]
2018-12-07 15:49:24.305 19447-19478/com.wallet3 D/JIGUANG-JMessage: [SyncRespBaseHandler] [PageReceived]start convLocalize conv pages. total page 1
2018-12-07 15:49:24.310 19447-25886/com.wallet3 I/JIGUANG-JMessage: [SyncConvRespHandler]  conv id = 199400809_204114154 new list totalCount = 2 old list totalCount = 0
2018-12-07 15:49:25.005 19447-25893/com.wallet3 W/unknown:ReactNative: Calling JS function after bridge has been destroyed: RCTDeviceEventEmitter.emit(["JMessage.SyncOfflineMessage",{"messageArray":[{"text":"hello","type":"text","unreceiptCount":0,"createTime":1544167558418,"extras":{},"target":{"isFriend":false,"isInBlackList":false,"isNoDisturb":false,"noteName":"","type":"user","username":"user1","noteText":"","region":"","appKey":"1f1558cafbf2dd3946981f0b","nickname":"","gender":"unknown","address":"","avatarThumbPath":"","birthday":0,"signature":""},"from":{"isFriend":false,"isInBlackList":false,"isNoDisturb":false,"noteName":"","type":"user","username":"user2","noteText":"","region":"","appKey":"1f1558cafbf2dd3946981f0b","nickname":"","gender":"unknown","address":"","avatarThumbPath":"","birthday":0,"signature":""},"serverMessageId":"2195595640","id":"30"}],"conversation":{"target":{"isFriend":false,"isInBlackList":false,"isNoDisturb":false,"noteName":"","type":"user","username":"user2","noteText":"","region":"","appKey":"1f1558cafbf2dd3946981f0b","nickname":"","gender":"unknown","address":"","avatarThumbPath":"","birthday":0,"signature":""},"latestMessage":{"text":"hello","type":"text","unreceiptCount":0,"createTime":1544167567923,"extras":{},"target":{"isFriend":false,"isInBlackList":false,"isNoDisturb":false,"noteName":"","type":"user","username":"user2","noteText":"","region":"","appKey":"1f1558cafbf2dd3946981f0b","nickname":"","gender":"unknown","address":"","avatarThumbPath":"","birthday":0,"signature":""},"from":{"isFriend":false,"isInBlackList":false,"isNoDisturb":false,"noteName":"","type":"user","username":"user1","noteText":"","region":"","appKey":"1f1558cafbf2dd3946981f0b","nickname":"","gender":"unknown","address":"","avatarThumbPath":"","birthday":0,"signature":""},"serverMessageId":"0","id":"29"},"unreadCount":5,"conversationType":"single","title":"user2"}}])
2018-12-07 15:49:25.016 19447-25893/com.wallet3 I/chatty: uid=10095(com.wallet3) pool-10-thread- identical 2 lines
2018-12-07 15:49:25.021 19447-25893/com.wallet3 W/unknown:ReactNative: Calling JS function after bridge has been destroyed: RCTDeviceEventEmitter.emit(["JMessage.SyncOfflineMessage",{"messageArray":[{"text":"hello","type":"text","unreceiptCount":0,"createTime":1544167558418,"extras":{},"target":{"isFriend":false,"isInBlackList":false,"isNoDisturb":false,"noteName":"","type":"user","username":"user1","noteText":"","region":"","appKey":"1f1558cafbf2dd3946981f0b","nickname":"","gender":"unknown","address":"","avatarThumbPath":"","birthday":0,"signature":""},"from":{"isFriend":false,"isInBlackList":false,"isNoDisturb":false,"noteName":"","type":"user","username":"user2","noteText":"","region":"","appKey":"1f1558cafbf2dd3946981f0b","nickname":"","gender":"unknown","address":"","avatarThumbPath":"","birthday":0,"signature":""},"serverMessageId":"2195595640","id":"30"}],"conversation":{"target":{"isFriend":false,"isInBlackList":false,"isNoDisturb":false,"noteName":"","type":"user","username":"user2","noteText":"","region":"","appKey":"1f1558cafbf2dd3946981f0b","nickname":"","gender":"unknown","address":"","avatarThumbPath":"","birthday":0,"signature":""},"latestMessage":{"text":"hello","type":"text","unreceiptCount":0,"createTime":1544167567923,"extras":{},"target":{"isFriend":false,"isInBlackList":false,"isNoDisturb":false,"noteName":"","type":"user","username":"user2","noteText":"","region":"","appKey":"1f1558cafbf2dd3946981f0b","nickname":"","gender":"unknown","address":"","avatarThumbPath":"","birthday":0,"signature":""},"from":{"isFriend":false,"isInBlackList":false,"isNoDisturb":false,"noteName":"","type":"user","username":"user1","noteText":"","region":"","appKey":"1f1558cafbf2dd3946981f0b","nickname":"","gender":"unknown","address":"","avatarThumbPath":"","birthday":0,"signature":""},"serverMessageId":"0","id":"29"},"unreadCount":5,"conversationType":"single","title":"user2"}}])
2018-12-07 15:49:25.037 19447-25867/com.wallet3 D/JIGUANG-JMessage: [SyncRespBaseHandler] conversation localize finished. status code = 0
2018-12-07 15:49:25.037 19447-25867/com.wallet3 I/JIGUANG-JMessage: [SyncConvRespHandler] send sync conv ack back == synckey is 1544167558418
2018-12-07 15:49:25.038 19447-25867/com.wallet3 I/JIGUANG-JMessage: [SyncRespBaseHandler] sync resp finished. code = 0 desc = Success
2018-12-07 15:49:25.038 19447-19618/com.wallet3 D/JIGUANG-JMessage: [RequestingThread] Action - sendRequestInternal - connection:, timeout:60000, threadId:1018
2018-12-07 15:49:25.039 19447-19618/com.wallet3 D/JIGUANG-JMessage: [RequestingThread] Action - sendCommandWithLoggedIn
2018-12-07 15:49:25.039 19447-19618/com.wallet3 D/JIGUANG-JMessage: [RequestingThread] request is [Requesting] - timeout:50000, times:1, request:[Request] - [JHead] - len:0, version:1, command:100, rid:15390, sid:44007, juid:20163561480
2018-12-07 15:49:25.039 19447-19618/com.wallet3 D/JIGUANG-JMessage: [RequestingThread] Request params - cmd:100
2018-12-07 15:49:30.632 19447-19447/com.wallet3 D/JPushModule: onHostPause
2018-12-07 15:49:30.633 19447-19447/com.wallet3 D/JPushModule: onHostPause
2018-12-07 15:49:31.402 19447-19505/com.wallet3 D/EGL_emulation: eglMakeCurrent: 0xddb7ade0: ver 3 0 (tinfo 0xca85a110)
2018-12-07 15:49:34.209 19447-19447/com.wallet3 D/JPushModule: onHostResume
2018-12-07 15:49:34.209 19447-19447/com.wallet3 D/JPushModule: onHostResume
2018-12-07 15:49:34.278 19447-19505/com.wallet3 D/EGL_emulation: eglMakeCurrent: 0xddb7ade0: ver 3 0 (tinfo 0xca85a110)
2018-12-07 15:49:42.933 19447-24040/com.wallet3 I/JMessageModule: username: user3 is logging in
2018-12-07 15:49:42.938 19447-25963/com.wallet3 I/JIGUANG-JMessage: [RequestProcessor] SyncCheck stopped
2018-12-07 15:49:42.940 19447-19618/com.wallet3 D/JIGUANG-JMessage: [RequestingThread] Action - sendRequestInternal - connection:, timeout:60000, threadId:1018
2018-12-07 15:49:42.941 19447-19618/com.wallet3 D/JIGUANG-JMessage: [RequestingThread] Action - sendCommandWithLoggedIn
2018-12-07 15:49:42.942 19447-19618/com.wallet3 D/JIGUANG-JMessage: [RequestingThread] request is [Requesting] - timeout:50000, times:1, request:[Request] - [JHead] - len:0, version:1, command:100, rid:15392, sid:44007, juid:20163561480
2018-12-07 15:49:42.942 19447-19618/com.wallet3 D/JIGUANG-JMessage: [RequestingThread] Request params - cmd:100
2018-12-07 15:49:43.189 19447-19476/com.wallet3 D/JIGUANG-JMessage: [b] processIMData type : im_response
2018-12-07 15:49:43.194 19447-19476/com.wallet3 D/JIGUANG-JMessage: [ResponseProcessor] IMCMD:1
2018-12-07 15:49:43.210 19447-25965/com.wallet3 I/JIGUANG-JMessage: [RequestProcessor] start SyncCheck
2018-12-07 15:49:43.298 19447-19505/com.wallet3 D/EGL_emulation: eglMakeCurrent: 0xddb7ade0: ver 3 0 (tinfo 0xca85a110)
2018-12-07 15:49:43.340 19447-19505/com.wallet3 D/EGL_emulation: eglMakeCurrent: 0xddb7ade0: ver 3 0 (tinfo 0xca85a110)
2018-12-07 15:49:44.853 19447-19505/com.wallet3 D/EGL_emulation: eglMakeCurrent: 0xddb7ade0: ver 3 0 (tinfo 0xca85a110)
2018-12-07 15:49:45.180 19447-19505/com.wallet3 D/EGL_emulation: eglMakeCurrent: 0xddb7ade0: ver 3 0 (tinfo 0xca85a110)
2018-12-07 15:49:45.181 19447-19505/com.wallet3 D/OpenGLRenderer: endAllActiveAnimators on 0xb7e4a580 (RippleDrawable) with handle 0xc9fcfb60
2018-12-07 15:49:45.191 19447-19505/com.wallet3 D/EGL_emulation: eglMakeCurrent: 0xddb7ade0: ver 3 0 (tinfo 0xca85a110)
2018-12-07 15:49:45.212 19447-19618/com.wallet3 D/JIGUANG-JMessage: [RequestingThread] Action - sendRequestInternal - connection:, timeout:60000, threadId:1018
2018-12-07 15:49:45.213 19447-19618/com.wallet3 D/JIGUANG-JMessage: [RequestingThread] Action - sendCommandWithLoggedIn
2018-12-07 15:49:45.213 19447-19618/com.wallet3 D/JIGUANG-JMessage: [RequestingThread] request is [Requesting] - timeout:50000, times:1, request:[Request] - [JHead] - len:0, version:1, command:100, rid:15394, sid:44007, juid:20163561480
2018-12-07 15:49:45.213 19447-19618/com.wallet3 D/JIGUANG-JMessage: [RequestingThread] Request params - cmd:100
2018-12-07 15:49:45.309 19447-19478/com.wallet3 D/JIGUANG-JMessage: [b] processIMData type : im_response
2018-12-07 15:49:45.310 19447-19478/com.wallet3 D/JIGUANG-JMessage: [ResponseProcessor] IMCMD:39
2018-12-07 15:49:45.356 19447-19478/com.wallet3 D/JIGUANG-JMessage: [b] processIMData type : im_response
2018-12-07 15:49:45.356 19447-19478/com.wallet3 D/JIGUANG-JMessage: [ResponseProcessor] IMCMD:40
2018-12-07 15:49:45.356 19447-19478/com.wallet3 D/JIGUANG-JMessage: [SyncRespBaseHandler] sync resp received , uid = 204166822
2018-12-07 15:49:45.357 19447-19478/com.wallet3 I/JIGUANG-JMessage: [SyncConvRespHandler] send sync conv ack back == synckey is 1544168955797
2018-12-07 15:49:45.357 19447-19618/com.wallet3 D/JIGUANG-JMessage: [RequestingThread] Action - sendRequestInternal - connection:, timeout:60000, threadId:1018
2018-12-07 15:49:45.359 19447-19618/com.wallet3 D/JIGUANG-JMessage: [RequestingThread] Action - sendCommandWithLoggedIn
2018-12-07 15:49:45.360 19447-19618/com.wallet3 D/JIGUANG-JMessage: [RequestingThread] request is [Requesting] - timeout:50000, times:1, request:[Request] - [JHead] - len:0, version:1, command:100, rid:15396, sid:44007, juid:20163561480
2018-12-07 15:49:45.360 19447-19618/com.wallet3 D/JIGUANG-JMessage: [RequestingThread] Request params - cmd:100
2018-12-07 15:49:45.398 19447-19478/com.wallet3 D/JIGUANG-JMessage: [b] processIMData type : im_response
2018-12-07 15:49:45.405 19447-19618/com.wallet3 D/JIGUANG-JMessage: [RequestingThread] Action - sendRequestInternal - connection:, timeout:0, threadId:1018
2018-12-07 15:49:45.405 19447-19478/com.wallet3 D/JIGUANG-JMessage: [ResponseProcessor] IMCMD:14
2018-12-07 15:49:45.405 19447-19478/com.wallet3 I/JIGUANG-JMessage: [ResponseProcessor]  messageID = 2193830547
2018-12-07 15:49:45.405 19447-19618/com.wallet3 D/JIGUANG-JMessage: [RequestingThread] Action - sendCommandWithLoggedIn
2018-12-07 15:49:45.406 19447-19618/com.wallet3 D/JIGUANG-JMessage: [RequestingThread] request is [Requesting] - timeout:-10000, times:1, request:[Request] - [JHead] - len:0, version:1, command:100, rid:2193830547, sid:44007, juid:20163561480
2018-12-07 15:49:45.406 19447-19618/com.wallet3 D/JIGUANG-JMessage: [RequestingThread] Request params - cmd:100
2018-12-07 15:49:45.431 19447-25982/com.wallet3 D/JMessageModule: 收到消息：msg = Message{_id=1, messageId=2193830547, createTimeInMillis=1544168955797, direct=receive, status=receive_success, content={"text":"hello","extras":{}}, version=1, fromName='null', contentType=text, contentTypesString='text', targetType=single, targetID='zhangzhemin', targetName='null', fromType='admin', atList=null, fromID=zhangzhemin, notification=null, isSetFromName=0, suiMTime=1544168936, haveRead=0, unreceipt cnt=0, unreceipt mtime=0}
2018-12-07 15:49:45.442 19447-25982/com.wallet3 W/unknown:ReactNative: Calling JS function after bridge has been destroyed: RCTDeviceEventEmitter.emit(["JMessage.ReceiveMsgEvent",{"text":"hello","type":"text","unreceiptCount":0,"createTime":1544168955797,"extras":{},"target":{"isFriend":false,"isInBlackList":false,"isNoDisturb":false,"noteName":"","type":"user","username":"user3","noteText":"","region":"","appKey":"1f1558cafbf2dd3946981f0b","nickname":"","gender":"unknown","address":"","avatarThumbPath":"","birthday":0,"signature":""},"from":{"isFriend":false,"isInBlackList":false,"isNoDisturb":false,"noteName":"","type":"user","username":"zhangzhemin","noteText":"","region":"","appKey":"1f1558cafbf2dd3946981f0b","nickname":"","gender":"unknown","address":"","avatarThumbPath":"","birthday":0,"signature":""},"serverMessageId":"2193830547","id":"1"}])
2018-12-07 15:49:45.443 19447-25982/com.wallet3 D/JMessageModule: 收到消息：msg = Message{_id=1, messageId=2193830547, createTimeInMillis=1544168955797, direct=receive, status=receive_success, content={"text":"hello","extras":{}}, version=1, fromName='null', contentType=text, contentTypesString='text', targetType=single, targetID='zhangzhemin', targetName='null', fromType='admin', atList=null, fromID=zhangzhemin, notification=null, isSetFromName=0, suiMTime=1544168936, haveRead=0, unreceipt cnt=0, unreceipt mtime=0}
2018-12-07 15:49:45.463 19447-25982/com.wallet3 W/unknown:ReactNative: Calling JS function after bridge has been destroyed: RCTDeviceEventEmitter.emit(["JMessage.ReceiveMsgEvent",{"text":"hello","type":"text","unreceiptCount":0,"createTime":1544168955797,"extras":{},"target":{"isFriend":false,"isInBlackList":false,"isNoDisturb":false,"noteName":"","type":"user","username":"user3","noteText":"","region":"","appKey":"1f1558cafbf2dd3946981f0b","nickname":"","gender":"unknown","address":"","avatarThumbPath":"","birthday":0,"signature":""},"from":{"isFriend":false,"isInBlackList":false,"isNoDisturb":false,"noteName":"","type":"user","username":"zhangzhemin","noteText":"","region":"","appKey":"1f1558cafbf2dd3946981f0b","nickname":"","gender":"unknown","address":"","avatarThumbPath":"","birthday":0,"signature":""},"serverMessageId":"2193830547","id":"1"}])
2018-12-07 15:49:45.464 19447-25982/com.wallet3 D/JMessageModule: 收到消息：msg = Message{_id=1, messageId=2193830547, createTimeInMillis=1544168955797, direct=receive, status=receive_success, content={"text":"hello","extras":{}}, version=1, fromName='null', contentType=text, contentTypesString='text', targetType=single, targetID='zhangzhemin', targetName='null', fromType='admin', atList=null, fromID=zhangzhemin, notification=null, isSetFromName=0, suiMTime=1544168936, haveRead=0, unreceipt cnt=0, unreceipt mtime=0}
2018-12-07 15:49:45.477 19447-25982/com.wallet3 W/unknown:ReactNative: Calling JS function after bridge has been destroyed: RCTDeviceEventEmitter.emit(["JMessage.ReceiveMsgEvent",{"text":"hello","type":"text","unreceiptCount":0,"createTime":1544168955797,"extras":{},"target":{"isFriend":false,"isInBlackList":false,"isNoDisturb":false,"noteName":"","type":"user","username":"user3","noteText":"","region":"","appKey":"1f1558cafbf2dd3946981f0b","nickname":"","gender":"unknown","address":"","avatarThumbPath":"","birthday":0,"signature":""},"from":{"isFriend":false,"isInBlackList":false,"isNoDisturb":false,"noteName":"","type":"user","username":"zhangzhemin","noteText":"","region":"","appKey":"1f1558cafbf2dd3946981f0b","nickname":"","gender":"unknown","address":"","avatarThumbPath":"","birthday":0,"signature":""},"serverMessageId":"2193830547","id":"1"}])
2018-12-07 15:49:45.477 19447-25982/com.wallet3 D/JMessageModule: 收到消息：msg = Message{_id=1, messageId=2193830547, createTimeInMillis=1544168955797, direct=receive, status=receive_success, content={"text":"hello","extras":{}}, version=1, fromName='null', contentType=text, contentTypesString='text', targetType=single, targetID='zhangzhemin', targetName='null', fromType='admin', atList=null, fromID=zhangzhemin, notification=null, isSetFromName=0, suiMTime=1544168936, haveRead=0, unreceipt cnt=0, unreceipt mtime=0}
2018-12-07 15:49:45.480 19447-25982/com.wallet3 W/unknown:ReactNative: Calling JS function after bridge has been destroyed: RCTDeviceEventEmitter.emit(["JMessage.ReceiveMsgEvent",{"text":"hello","type":"text","unreceiptCount":0,"createTime":1544168955797,"extras":{},"target":{"isFriend":false,"isInBlackList":false,"isNoDisturb":false,"noteName":"","type":"user","username":"user3","noteText":"","region":"","appKey":"1f1558cafbf2dd3946981f0b","nickname":"","gender":"unknown","address":"","avatarThumbPath":"","birthday":0,"signature":""},"from":{"isFriend":false,"isInBlackList":false,"isNoDisturb":false,"noteName":"","type":"user","username":"zhangzhemin","noteText":"","region":"","appKey":"1f1558cafbf2dd3946981f0b","nickname":"","gender":"unknown","address":"","avatarThumbPath":"","birthday":0,"signature":""},"serverMessageId":"2193830547","id":"1"}])
2018-12-07 15:49:45.480 19447-25982/com.wallet3 D/JMessageModule: 收到消息：msg = Message{_id=1, messageId=2193830547, createTimeInMillis=1544168955797, direct=receive, status=receive_success, content={"text":"hello","extras":{}}, version=1, fromName='null', contentType=text, contentTypesString='text', targetType=single, targetID='zhangzhemin', targetName='null', fromType='admin', atList=null, fromID=zhangzhemin, notification=null, isSetFromName=0, suiMTime=1544168936, haveRead=0, unreceipt cnt=0, unreceipt mtime=0}
2018-12-07 15:49:45.521 19447-19505/com.wallet3 D/EGL_emulation: eglMakeCurrent: 0xddb7ade0: ver 3 0 (tinfo 0xca85a110)
2018-12-07 15:49:45.565 19447-19505/com.wallet3 D/EGL_emulation: eglMakeCurrent: 0xddb7ade0: ver 3 0 (tinfo 0xca85a110)
2018-12-07 15:49:45.573 19447-25966/com.wallet3 W/JIGUANG-JMessage: [GetUserInfoTask] parse userInfo failed . server return error.
2018-12-07 15:49:47.098 19447-19505/com.wallet3 D/EGL_emulation: eglMakeCurrent: 0xddb7ade0: ver 3 0 (tinfo 0xca85a110)
2018-12-07 15:49:52.825 19447-19505/com.wallet3 D/EGL_emulation: eglMakeCurrent: 0xddb7ade0: ver 3 0 (tinfo 0xca85a110)
2018-12-07 15:49:52.827 19447-19505/com.wallet3 D/OpenGLRenderer: endAllActiveAnimators on 0xb7290680 (RippleDrawable) with handle 0xc8cbb780
2018-12-07 15:49:52.853 19447-19505/com.wallet3 D/EGL_emulation: eglMakeCurrent: 0xddb7ade0: ver 3 0 (tinfo 0xca85a110)
2018-12-07 15:50:08.954 19447-19447/com.wallet3 D/JIGUANG-JMessage: [IMReceiver] onReceive - cn.jpush.im.android.action.NOTIFICATION_CLICK_PROXY
2018-12-07 15:50:08.962 19447-19618/com.wallet3 D/JIGUANG-JMessage: [RequestingThread] Action - sendRequestInternal - connection:, timeout:60000, threadId:1018
2018-12-07 15:50:08.963 19447-19618/com.wallet3 D/JIGUANG-JMessage: [RequestingThread] Action - sendCommandWithLoggedIn
2018-12-07 15:50:08.963 19447-19618/com.wallet3 D/JIGUANG-JMessage: [RequestingThread] request is [Requesting] - timeout:50000, times:1, request:[Request] - [JHead] - len:0, version:1, command:100, rid:15398, sid:44007, juid:20163561480
2018-12-07 15:50:08.963 19447-19618/com.wallet3 D/JIGUANG-JMessage: [RequestingThread] Request params - cmd:100
2018-12-07 15:50:08.973 19447-19447/com.wallet3 D/JPushModule: onHostPause
2018-12-07 15:50:08.973 19447-19447/com.wallet3 D/JPushModule: onHostPause
2018-12-07 15:50:08.975 19447-26027/com.wallet3 W/unknown:ReactNative: Calling JS function after bridge has been destroyed: RCTDeviceEventEmitter.emit(["JMessage.ClickMessageNotification",{"message":{"text":"hello","type":"text","unreceiptCount":0,"createTime":1544168955797,"extras":{},"target":{"isFriend":false,"isInBlackList":false,"isNoDisturb":false,"noteName":"","type":"user","username":"user3","noteText":"","region":"","appKey":"1f1558cafbf2dd3946981f0b","nickname":"","gender":"unknown","address":"","avatarThumbPath":"","birthday":-28800000,"signature":""},"from":{"isFriend":false,"isInBlackList":false,"isNoDisturb":false,"noteName":"","type":"user","username":"zhangzhemin","noteText":"","region":"","appKey":"1f1558cafbf2dd3946981f0b","nickname":"","gender":"unknown","address":"","avatarThumbPath":"","birthday":0,"signature":""},"serverMessageId":"2193830547","id":"1"}}])
2018-12-07 15:50:08.978 19447-19447/com.wallet3 D/JPushModule: onHostResume
2018-12-07 15:50:08.982 19447-19447/com.wallet3 D/JPushModule: onHostResume
2018-12-07 15:50:08.984 19447-26027/com.wallet3 W/unknown:ReactNative: Calling JS function after bridge has been destroyed: RCTDeviceEventEmitter.emit(["JMessage.ClickMessageNotification",{"message":{"text":"hello","type":"text","unreceiptCount":0,"createTime":1544168955797,"extras":{},"target":{"isFriend":false,"isInBlackList":false,"isNoDisturb":false,"noteName":"","type":"user","username":"user3","noteText":"","region":"","appKey":"1f1558cafbf2dd3946981f0b","nickname":"","gender":"unknown","address":"","avatarThumbPath":"","birthday":-28800000,"signature":""},"from":{"isFriend":false,"isInBlackList":false,"isNoDisturb":false,"noteName":"","type":"user","username":"zhangzhemin","noteText":"","region":"","appKey":"1f1558cafbf2dd3946981f0b","nickname":"","gender":"unknown","address":"","avatarThumbPath":"","birthday":0,"signature":""},"serverMessageId":"2193830547","id":"1"}}])
2018-12-07 15:50:08.992 19447-19447/com.wallet3 D/JPushModule: onHostPause
2018-12-07 15:50:08.993 19447-19447/com.wallet3 D/JPushModule: onHostPause
2018-12-07 15:50:08.996 19447-26027/com.wallet3 W/unknown:ReactNative: Calling JS function after bridge has been destroyed: RCTDeviceEventEmitter.emit(["JMessage.ClickMessageNotification",{"message":{"text":"hello","type":"text","unreceiptCount":0,"createTime":1544168955797,"extras":{},"target":{"isFriend":false,"isInBlackList":false,"isNoDisturb":false,"noteName":"","type":"user","username":"user3","noteText":"","region":"","appKey":"1f1558cafbf2dd3946981f0b","nickname":"","gender":"unknown","address":"","avatarThumbPath":"","birthday":-28800000,"signature":""},"from":{"isFriend":false,"isInBlackList":false,"isNoDisturb":false,"noteName":"","type":"user","username":"zhangzhemin","noteText":"","region":"","appKey":"1f1558cafbf2dd3946981f0b","nickname":"","gender":"unknown","address":"","avatarThumbPath":"","birthday":0,"signature":""},"serverMessageId":"2193830547","id":"1"}}])
2018-12-07 15:50:08.997 19447-19447/com.wallet3 D/JPushModule: onHostResume
2018-12-07 15:50:08.997 19447-19447/com.wallet3 D/JPushModule: onHostResume
2018-12-07 15:50:09.008 19447-19447/com.wallet3 D/JPushModule: onHostPause
2018-12-07 15:50:09.008 19447-19447/com.wallet3 D/JPushModule: onHostPause
2018-12-07 15:50:09.009 19447-26027/com.wallet3 W/unknown:ReactNative: Calling JS function after bridge has been destroyed: RCTDeviceEventEmitter.emit(["JMessage.ClickMessageNotification",{"message":{"text":"hello","type":"text","unreceiptCount":0,"createTime":1544168955797,"extras":{},"target":{"isFriend":false,"isInBlackList":false,"isNoDisturb":false,"noteName":"","type":"user","username":"user3","noteText":"","region":"","appKey":"1f1558cafbf2dd3946981f0b","nickname":"","gender":"unknown","address":"","avatarThumbPath":"","birthday":-28800000,"signature":""},"from":{"isFriend":false,"isInBlackList":false,"isNoDisturb":false,"noteName":"","type":"user","username":"zhangzhemin","noteText":"","region":"","appKey":"1f1558cafbf2dd3946981f0b","nickname":"","gender":"unknown","address":"","avatarThumbPath":"","birthday":0,"signature":""},"serverMessageId":"2193830547","id":"1"}}])
2018-12-07 15:50:09.014 19447-19447/com.wallet3 D/JPushModule: onHostResume
2018-12-07 15:50:09.018 19447-19447/com.wallet3 D/JPushModule: onHostResume
2018-12-07 15:50:09.027 19447-19447/com.wallet3 D/JPushModule: onHostPause
2018-12-07 15:50:09.027 19447-19447/com.wallet3 D/JPushModule: onHostPause
2018-12-07 15:50:09.037 19447-19447/com.wallet3 D/JPushModule: onHostResume
2018-12-07 15:50:09.038 19447-19447/com.wallet3 D/JPushModule: onHostResume
2018-12-07 15:50:09.045 19447-19447/com.wallet3 D/JPushModule: onHostPause
2018-12-07 15:50:09.045 19447-19447/com.wallet3 D/JPushModule: onHostPause
2018-12-07 15:50:09.057 19447-19447/com.wallet3 D/JPushModule: onHostResume
2018-12-07 15:50:09.058 19447-19447/com.wallet3 D/JPushModule: onHostResume
2018-12-07 15:50:09.098 19447-19473/com.wallet3 W/System: A resource failed to call close. 
2018-12-07 15:50:09.099 19447-19473/com.wallet3 W/SQLiteConnectionPool: A SQLiteConnection object for database '/data/user/0/com.wallet3/databases/199400809jpushim.db' was leaked!  Please fix your application to end transactions in progress properly and to close the database when it is no longer needed.
2018-12-07 15:50:09.099 19447-19473/com.wallet3 W/System: A resource failed to call close. 
2018-12-07 15:50:09.099 19447-19473/com.wallet3 W/System: A resource failed to call close. 
2018-12-07 15:50:26.193 19447-19476/com.wallet3 D/JIGUANG-JMessage: [b] processIMData type : im_response
2018-12-07 15:50:26.195 19447-19618/com.wallet3 D/JIGUANG-JMessage: [RequestingThread] Action - sendRequestInternal - connection:, timeout:0, threadId:1018
2018-12-07 15:50:26.195 19447-19476/com.wallet3 D/JIGUANG-JMessage: [ResponseProcessor] IMCMD:14
2018-12-07 15:50:26.195 19447-19476/com.wallet3 I/JIGUANG-JMessage: [ResponseProcessor]  messageID = 2193838497
2018-12-07 15:50:26.195 19447-19618/com.wallet3 D/JIGUANG-JMessage: [RequestingThread] Action - sendCommandWithLoggedIn
2018-12-07 15:50:26.195 19447-19618/com.wallet3 D/JIGUANG-JMessage: [RequestingThread] request is [Requesting] - timeout:-10000, times:1, request:[Request] - [JHead] - len:0, version:1, command:100, rid:2193838497, sid:44007, juid:20163561480
2018-12-07 15:50:26.196 19447-19618/com.wallet3 D/JIGUANG-JMessage: [RequestingThread] Request params - cmd:100
2018-12-07 15:50:26.205 19447-26059/com.wallet3 D/JMessageModule: 收到消息：msg = Message{_id=2, messageId=2193838497, createTimeInMillis=1544169026830, direct=receive, status=receive_success, content={"text":"hello","extras":{}}, version=1, fromName='null', contentType=text, contentTypesString='text', targetType=single, targetID='zhangzhemin', targetName='null', fromType='admin', atList=null, fromID=zhangzhemin, notification=null, isSetFromName=0, suiMTime=1544168936, haveRead=0, unreceipt cnt=0, unreceipt mtime=0}
2018-12-07 15:50:26.209 19447-26059/com.wallet3 W/unknown:ReactNative: Calling JS function after bridge has been destroyed: RCTDeviceEventEmitter.emit(["JMessage.ReceiveMsgEvent",{"text":"hello","type":"text","unreceiptCount":0,"createTime":1544169026830,"extras":{},"target":{"isFriend":false,"isInBlackList":false,"isNoDisturb":false,"noteName":"","type":"user","username":"user3","noteText":"","region":"","appKey":"1f1558cafbf2dd3946981f0b","nickname":"","gender":"unknown","address":"","avatarThumbPath":"","birthday":-28800000,"signature":""},"from":{"isFriend":false,"isInBlackList":false,"isNoDisturb":false,"noteName":"","type":"user","username":"zhangzhemin","noteText":"","region":"","appKey":"1f1558cafbf2dd3946981f0b","nickname":"","gender":"unknown","address":"","avatarThumbPath":"","birthday":0,"signature":""},"serverMessageId":"2193838497","id":"2"}])
2018-12-07 15:50:26.210 19447-26059/com.wallet3 D/JMessageModule: 收到消息：msg = Message{_id=2, messageId=2193838497, createTimeInMillis=1544169026830, direct=receive, status=receive_success, content={"text":"hello","extras":{}}, version=1, fromName='null', contentType=text, contentTypesString='text', targetType=single, targetID='zhangzhemin', targetName='null', fromType='admin', atList=null, fromID=zhangzhemin, notification=null, isSetFromName=0, suiMTime=1544168936, haveRead=0, unreceipt cnt=0, unreceipt mtime=0}
2018-12-07 15:50:26.212 19447-26059/com.wallet3 W/unknown:ReactNative: Calling JS function after bridge has been destroyed: RCTDeviceEventEmitter.emit(["JMessage.ReceiveMsgEvent",{"text":"hello","type":"text","unreceiptCount":0,"createTime":1544169026830,"extras":{},"target":{"isFriend":false,"isInBlackList":false,"isNoDisturb":false,"noteName":"","type":"user","username":"user3","noteText":"","region":"","appKey":"1f1558cafbf2dd3946981f0b","nickname":"","gender":"unknown","address":"","avatarThumbPath":"","birthday":-28800000,"signature":""},"from":{"isFriend":false,"isInBlackList":false,"isNoDisturb":false,"noteName":"","type":"user","username":"zhangzhemin","noteText":"","region":"","appKey":"1f1558cafbf2dd3946981f0b","nickname":"","gender":"unknown","address":"","avatarThumbPath":"","birthday":0,"signature":""},"serverMessageId":"2193838497","id":"2"}])
2018-12-07 15:50:26.212 19447-26059/com.wallet3 D/JMessageModule: 收到消息：msg = Message{_id=2, messageId=2193838497, createTimeInMillis=1544169026830, direct=receive, status=receive_success, content={"text":"hello","extras":{}}, version=1, fromName='null', contentType=text, contentTypesString='text', targetType=single, targetID='zhangzhemin', targetName='null', fromType='admin', atList=null, fromID=zhangzhemin, notification=null, isSetFromName=0, suiMTime=1544168936, haveRead=0, unreceipt cnt=0, unreceipt mtime=0}
2018-12-07 15:50:26.214 19447-26059/com.wallet3 W/unknown:ReactNative: Calling JS function after bridge has been destroyed: RCTDeviceEventEmitter.emit(["JMessage.ReceiveMsgEvent",{"text":"hello","type":"text","unreceiptCount":0,"createTime":1544169026830,"extras":{},"target":{"isFriend":false,"isInBlackList":false,"isNoDisturb":false,"noteName":"","type":"user","username":"user3","noteText":"","region":"","appKey":"1f1558cafbf2dd3946981f0b","nickname":"","gender":"unknown","address":"","avatarThumbPath":"","birthday":-28800000,"signature":""},"from":{"isFriend":false,"isInBlackList":false,"isNoDisturb":false,"noteName":"","type":"user","username":"zhangzhemin","noteText":"","region":"","appKey":"1f1558cafbf2dd3946981f0b","nickname":"","gender":"unknown","address":"","avatarThumbPath":"","birthday":0,"signature":""},"serverMessageId":"2193838497","id":"2"}])
2018-12-07 15:50:26.214 19447-26059/com.wallet3 D/JMessageModule: 收到消息：msg = Message{_id=2, messageId=2193838497, createTimeInMillis=1544169026830, direct=receive, status=receive_success, content={"text":"hello","extras":{}}, version=1, fromName='null', contentType=text, contentTypesString='text', targetType=single, targetID='zhangzhemin', targetName='null', fromType='admin', atList=null, fromID=zhangzhemin, notification=null, isSetFromName=0, suiMTime=1544168936, haveRead=0, unreceipt cnt=0, unreceipt mtime=0}
2018-12-07 15:50:26.217 19447-26059/com.wallet3 W/unknown:ReactNative: Calling JS function after bridge has been destroyed: RCTDeviceEventEmitter.emit(["JMessage.ReceiveMsgEvent",{"text":"hello","type":"text","unreceiptCount":0,"createTime":1544169026830,"extras":{},"target":{"isFriend":false,"isInBlackList":false,"isNoDisturb":false,"noteName":"","type":"user","username":"user3","noteText":"","region":"","appKey":"1f1558cafbf2dd3946981f0b","nickname":"","gender":"unknown","address":"","avatarThumbPath":"","birthday":-28800000,"signature":""},"from":{"isFriend":false,"isInBlackList":false,"isNoDisturb":false,"noteName":"","type":"user","username":"zhangzhemin","noteText":"","region":"","appKey":"1f1558cafbf2dd3946981f0b","nickname":"","gender":"unknown","address":"","avatarThumbPath":"","birthday":0,"signature":""},"serverMessageId":"2193838497","id":"2"}])
2018-12-07 15:50:26.217 19447-26059/com.wallet3 D/JMessageModule: 收到消息：msg = Message{_id=2, messageId=2193838497, createTimeInMillis=1544169026830, direct=receive, status=receive_success, content={"text":"hello","extras":{}}, version=1, fromName='null', contentType=text, contentTypesString='text', targetType=single, targetID='zhangzhemin', targetName='null', fromType='admin', atList=null, fromID=zhangzhemin, notification=null, isSetFromName=0, suiMTime=1544168936, haveRead=0, unreceipt cnt=0, unreceipt mtime=0}
2018-12-07 15:50:26.262 19447-19505/com.wallet3 D/EGL_emulation: eglMakeCurrent: 0xddb7ade0: ver 3 0 (tinfo 0xca85a110)
2018-12-07 15:50:26.312 19447-19505/com.wallet3 D/EGL_emulation: eglMakeCurrent: 0xddb7ade0: ver 3 0 (tinfo 0xca85a110)
2018-12-07 15:50:27.840 19447-19505/com.wallet3 D/EGL_emulation: eglMakeCurrent: 0xddb7ade0: ver 3 0 (tinfo 0xca85a110)
2018-12-07 15:50:29.826 19447-19505/com.wallet3 D/EGL_emulation: eglMakeCurrent: 0xddb7ade0: ver 3 0 (tinfo 0xca85a110)
2018-12-07 15:50:29.828 19447-19505/com.wallet3 D/OpenGLRenderer: endAllActiveAnimators on 0xb7285300 (RippleDrawable) with handle 0xca5a13a0
2018-12-07 15:50:29.858 19447-19505/com.wallet3 D/EGL_emulation: eglMakeCurrent: 0xddb7ade0: ver 3 0 (tinfo 0xca85a110)
2018-12-07 15:50:31.487 19447-19447/com.wallet3 D/JPushModule: onHostPause
2018-12-07 15:50:31.489 19447-19447/com.wallet3 D/JPushModule: onHostPause
2018-12-07 15:50:31.528 19447-19505/com.wallet3 D/EGL_emulation: eglMakeCurrent: 0xddb7ade0: ver 3 0 (tinfo 0xca85a110)
2018-12-07 15:50:35.725 19447-19447/com.wallet3 D/JIGUANG-JMessage: [IMReceiver] onReceive - cn.jpush.im.android.action.NOTIFICATION_CLICK_PROXY
2018-12-07 15:50:35.733 19447-19618/com.wallet3 D/JIGUANG-JMessage: [RequestingThread] Action - sendRequestInternal - connection:, timeout:60000, threadId:1018
2018-12-07 15:50:35.734 19447-19618/com.wallet3 D/JIGUANG-JMessage: [RequestingThread] Action - sendCommandWithLoggedIn
2018-12-07 15:50:35.734 19447-19618/com.wallet3 D/JIGUANG-JMessage: [RequestingThread] request is [Requesting] - timeout:50000, times:1, request:[Request] - [JHead] - len:0, version:1, command:100, rid:15400, sid:44007, juid:20163561480
2018-12-07 15:50:35.734 19447-19618/com.wallet3 D/JIGUANG-JMessage: [RequestingThread] Request params - cmd:100
2018-12-07 15:50:35.746 19447-26095/com.wallet3 W/unknown:ReactNative: Calling JS function after bridge has been destroyed: RCTDeviceEventEmitter.emit(["JMessage.ClickMessageNotification",{"message":{"text":"hello","type":"text","unreceiptCount":0,"createTime":1544169026830,"extras":{},"target":{"isFriend":false,"isInBlackList":false,"isNoDisturb":false,"noteName":"","type":"user","username":"user3","noteText":"","region":"","appKey":"1f1558cafbf2dd3946981f0b","nickname":"","gender":"unknown","address":"","avatarThumbPath":"","birthday":-28800000,"signature":""},"from":{"isFriend":false,"isInBlackList":false,"isNoDisturb":false,"noteName":"","type":"user","username":"zhangzhemin","noteText":"","region":"","appKey":"1f1558cafbf2dd3946981f0b","nickname":"","gender":"unknown","address":"","avatarThumbPath":"","birthday":0,"signature":""},"serverMessageId":"2193838497","id":"2"}}])
2018-12-07 15:50:35.772 19447-19447/com.wallet3 D/JPushModule: onHostResume
2018-12-07 15:50:35.773 19447-19447/com.wallet3 D/JPushModule: onHostResume
