2018-12-07 15:50:35.775 19447-26095/com.wallet3 W/unknown:ReactNative: Calling JS function after bridge has been destroyed: RCTDeviceEventEmitter.emit(["JMessage.ClickMessageNotification",{"message":{"text":"hello","type":"text","unreceiptCount":0,"createTime":1544169026830,"extras":{},"target":{"isFriend":false,"isInBlackList":false,"isNoDisturb":false,"noteName":"","type":"user","username":"user3","noteText":"","region":"","appKey":"1f1558cafbf2dd3946981f0b","nickname":"","gender":"unknown","address":"","avatarThumbPath":"","birthday":-28800000,"signature":""},"from":{"isFriend":false,"isInBlackList":false,"isNoDisturb":false,"noteName":"","type":"user","username":"zhangzhemin","noteText":"","region":"","appKey":"1f1558cafbf2dd3946981f0b","nickname":"","gender":"unknown","address":"","avatarThumbPath":"","birthday":0,"signature":""},"serverMessageId":"2193838497","id":"2"}}])
2018-12-07 15:50:35.787 19447-26095/com.wallet3 W/unknown:ReactNative: Calling JS function after bridge has been destroyed: RCTDeviceEventEmitter.emit(["JMessage.ClickMessageNotification",{"message":{"text":"hello","type":"text","unreceiptCount":0,"createTime":1544169026830,"extras":{},"target":{"isFriend":false,"isInBlackList":false,"isNoDisturb":false,"noteName":"","type":"user","username":"user3","noteText":"","region":"","appKey":"1f1558cafbf2dd3946981f0b","nickname":"","gender":"unknown","address":"","avatarThumbPath":"","birthday":-28800000,"signature":""},"from":{"isFriend":false,"isInBlackList":false,"isNoDisturb":false,"noteName":"","type":"user","username":"zhangzhemin","noteText":"","region":"","appKey":"1f1558cafbf2dd3946981f0b","nickname":"","gender":"unknown","address":"","avatarThumbPath":"","birthday":0,"signature":""},"serverMessageId":"2193838497","id":"2"}}])
2018-12-07 15:50:35.804 19447-26095/com.wallet3 W/unknown:ReactNative: Calling JS function after bridge has been destroyed: RCTDeviceEventEmitter.emit(["JMessage.ClickMessageNotification",{"message":{"text":"hello","type":"text","unreceiptCount":0,"createTime":1544169026830,"extras":{},"target":{"isFriend":false,"isInBlackList":false,"isNoDisturb":false,"noteName":"","type":"user","username":"user3","noteText":"","region":"","appKey":"1f1558cafbf2dd3946981f0b","nickname":"","gender":"unknown","address":"","avatarThumbPath":"","birthday":-28800000,"signature":""},"from":{"isFriend":false,"isInBlackList":false,"isNoDisturb":false,"noteName":"","type":"user","username":"zhangzhemin","noteText":"","region":"","appKey":"1f1558cafbf2dd3946981f0b","nickname":"","gender":"unknown","address":"","avatarThumbPath":"","birthday":0,"signature":""},"serverMessageId":"2193838497","id":"2"}}])
2018-12-07 15:50:35.833 19447-19447/com.wallet3 D/JPushModule: onHostPause
2018-12-07 15:50:35.833 19447-19447/com.wallet3 D/JPushModule: onHostPause
2018-12-07 15:50:35.838 19447-19447/com.wallet3 W/unknown:ReactNative: Packager connection already open, nooping.
2018-12-07 15:50:35.838 19447-19447/com.wallet3 D/JPushModule: onHostResume
2018-12-07 15:50:35.839 19447-19447/com.wallet3 D/JPushModule: onHostResume
2018-12-07 15:50:35.849 19447-19447/com.wallet3 D/JPushModule: onHostPause
2018-12-07 15:50:35.855 19447-19447/com.wallet3 D/JPushModule: onHostPause
2018-12-07 15:50:35.861 19447-19447/com.wallet3 D/JPushModule: onHostResume
2018-12-07 15:50:35.862 19447-19447/com.wallet3 D/JPushModule: onHostResume
2018-12-07 15:50:35.870 19447-19505/com.wallet3 D/EGL_emulation: eglMakeCurrent: 0xddb7ade0: ver 3 0 (tinfo 0xca85a110)
2018-12-07 15:50:35.895 19447-19447/com.wallet3 D/JPushModule: onHostPause
2018-12-07 15:50:35.896 19447-19447/com.wallet3 D/JPushModule: onHostPause
2018-12-07 15:50:35.903 19447-19447/com.wallet3 D/JPushModule: onHostResume
2018-12-07 15:50:35.904 19447-19447/com.wallet3 D/JPushModule: onHostResume
2018-12-07 15:50:35.912 19447-19447/com.wallet3 D/JPushModule: onHostPause
2018-12-07 15:50:35.913 19447-19447/com.wallet3 D/JPushModule: onHostPause
2018-12-07 15:50:35.918 19447-19447/com.wallet3 W/unknown:ReactNative: Packager connection already open, nooping.
2018-12-07 15:50:35.918 19447-19447/com.wallet3 D/JPushModule: onHostResume
2018-12-07 15:50:35.919 19447-19447/com.wallet3 D/JPushModule: onHostResume
2018-12-07 15:50:49.905 19447-19447/com.wallet3 D/JPushModule: onHostPause
2018-12-07 15:50:49.908 19447-19447/com.wallet3 D/JPushModule: onHostPause
2018-12-07 15:50:49.951 19447-19505/com.wallet3 D/EGL_emulation: eglMakeCurrent: 0xddb7ade0: ver 3 0 (tinfo 0xca85a110)
2018-12-07 15:51:02.688 19447-19555/com.wallet3 D/JIGUANG-JMessage: [b] processIMData type : im_response
2018-12-07 15:51:02.690 19447-19618/com.wallet3 D/JIGUANG-JMessage: [RequestingThread] Action - sendRequestInternal - connection:, timeout:0, threadId:1018
2018-12-07 15:51:02.690 19447-19555/com.wallet3 D/JIGUANG-JMessage: [ResponseProcessor] IMCMD:14
2018-12-07 15:51:02.690 19447-19555/com.wallet3 I/JIGUANG-JMessage: [ResponseProcessor]  messageID = 2193842573
2018-12-07 15:51:02.691 19447-19618/com.wallet3 D/JIGUANG-JMessage: [RequestingThread] Action - sendCommandWithLoggedIn
2018-12-07 15:51:02.691 19447-19618/com.wallet3 D/JIGUANG-JMessage: [RequestingThread] request is [Requesting] - timeout:-10000, times:1, request:[Request] - [JHead] - len:0, version:1, command:100, rid:2193842573, sid:44007, juid:20163561480
2018-12-07 15:51:02.691 19447-19618/com.wallet3 D/JIGUANG-JMessage: [RequestingThread] Request params - cmd:100
2018-12-07 15:51:02.698 19447-26138/com.wallet3 D/JMessageModule: 收到消息：msg = Message{_id=3, messageId=2193842573, createTimeInMillis=1544169063359, direct=receive, status=receive_success, content={"text":"hello","extras":{}}, version=1, fromName='null', contentType=text, contentTypesString='text', targetType=single, targetID='zhangzhemin', targetName='null', fromType='admin', atList=null, fromID=zhangzhemin, notification=null, isSetFromName=0, suiMTime=1544168936, haveRead=0, unreceipt cnt=0, unreceipt mtime=0}
2018-12-07 15:51:02.702 19447-26138/com.wallet3 W/unknown:ReactNative: Calling JS function after bridge has been destroyed: RCTDeviceEventEmitter.emit(["JMessage.ReceiveMsgEvent",{"text":"hello","type":"text","unreceiptCount":0,"createTime":1544169063359,"extras":{},"target":{"isFriend":false,"isInBlackList":false,"isNoDisturb":false,"noteName":"","type":"user","username":"user3","noteText":"","region":"","appKey":"1f1558cafbf2dd3946981f0b","nickname":"","gender":"unknown","address":"","avatarThumbPath":"","birthday":-28800000,"signature":""},"from":{"isFriend":false,"isInBlackList":false,"isNoDisturb":false,"noteName":"","type":"user","username":"zhangzhemin","noteText":"","region":"","appKey":"1f1558cafbf2dd3946981f0b","nickname":"","gender":"unknown","address":"","avatarThumbPath":"","birthday":0,"signature":""},"serverMessageId":"2193842573","id":"3"}])
2018-12-07 15:51:02.702 19447-26138/com.wallet3 D/JMessageModule: 收到消息：msg = Message{_id=3, messageId=2193842573, createTimeInMillis=1544169063359, direct=receive, status=receive_success, content={"text":"hello","extras":{}}, version=1, fromName='null', contentType=text, contentTypesString='text', targetType=single, targetID='zhangzhemin', targetName='null', fromType='admin', atList=null, fromID=zhangzhemin, notification=null, isSetFromName=0, suiMTime=1544168936, haveRead=0, unreceipt cnt=0, unreceipt mtime=0}
2018-12-07 15:51:02.705 19447-26138/com.wallet3 W/unknown:ReactNative: Calling JS function after bridge has been destroyed: RCTDeviceEventEmitter.emit(["JMessage.ReceiveMsgEvent",{"text":"hello","type":"text","unreceiptCount":0,"createTime":1544169063359,"extras":{},"target":{"isFriend":false,"isInBlackList":false,"isNoDisturb":false,"noteName":"","type":"user","username":"user3","noteText":"","region":"","appKey":"1f1558cafbf2dd3946981f0b","nickname":"","gender":"unknown","address":"","avatarThumbPath":"","birthday":-28800000,"signature":""},"from":{"isFriend":false,"isInBlackList":false,"isNoDisturb":false,"noteName":"","type":"user","username":"zhangzhemin","noteText":"","region":"","appKey":"1f1558cafbf2dd3946981f0b","nickname":"","gender":"unknown","address":"","avatarThumbPath":"","birthday":0,"signature":""},"serverMessageId":"2193842573","id":"3"}])
2018-12-07 15:51:02.705 19447-26138/com.wallet3 D/JMessageModule: 收到消息：msg = Message{_id=3, messageId=2193842573, createTimeInMillis=1544169063359, direct=receive, status=receive_success, content={"text":"hello","extras":{}}, version=1, fromName='null', contentType=text, contentTypesString='text', targetType=single, targetID='zhangzhemin', targetName='null', fromType='admin', atList=null, fromID=zhangzhemin, notification=null, isSetFromName=0, suiMTime=1544168936, haveRead=0, unreceipt cnt=0, unreceipt mtime=0}
2018-12-07 15:51:02.707 19447-26138/com.wallet3 W/unknown:ReactNative: Calling JS function after bridge has been destroyed: RCTDeviceEventEmitter.emit(["JMessage.ReceiveMsgEvent",{"text":"hello","type":"text","unreceiptCount":0,"createTime":1544169063359,"extras":{},"target":{"isFriend":false,"isInBlackList":false,"isNoDisturb":false,"noteName":"","type":"user","username":"user3","noteText":"","region":"","appKey":"1f1558cafbf2dd3946981f0b","nickname":"","gender":"unknown","address":"","avatarThumbPath":"","birthday":-28800000,"signature":""},"from":{"isFriend":false,"isInBlackList":false,"isNoDisturb":false,"noteName":"","type":"user","username":"zhangzhemin","noteText":"","region":"","appKey":"1f1558cafbf2dd3946981f0b","nickname":"","gender":"unknown","address":"","avatarThumbPath":"","birthday":0,"signature":""},"serverMessageId":"2193842573","id":"3"}])
2018-12-07 15:51:02.708 19447-26138/com.wallet3 D/JMessageModule: 收到消息：msg = Message{_id=3, messageId=2193842573, createTimeInMillis=1544169063359, direct=receive, status=receive_success, content={"text":"hello","extras":{}}, version=1, fromName='null', contentType=text, contentTypesString='text', targetType=single, targetID='zhangzhemin', targetName='null', fromType='admin', atList=null, fromID=zhangzhemin, notification=null, isSetFromName=0, suiMTime=1544168936, haveRead=0, unreceipt cnt=0, unreceipt mtime=0}
2018-12-07 15:51:02.710 19447-26138/com.wallet3 W/unknown:ReactNative: Calling JS function after bridge has been destroyed: RCTDeviceEventEmitter.emit(["JMessage.ReceiveMsgEvent",{"text":"hello","type":"text","unreceiptCount":0,"createTime":1544169063359,"extras":{},"target":{"isFriend":false,"isInBlackList":false,"isNoDisturb":false,"noteName":"","type":"user","username":"user3","noteText":"","region":"","appKey":"1f1558cafbf2dd3946981f0b","nickname":"","gender":"unknown","address":"","avatarThumbPath":"","birthday":-28800000,"signature":""},"from":{"isFriend":false,"isInBlackList":false,"isNoDisturb":false,"noteName":"","type":"user","username":"zhangzhemin","noteText":"","region":"","appKey":"1f1558cafbf2dd3946981f0b","nickname":"","gender":"unknown","address":"","avatarThumbPath":"","birthday":0,"signature":""},"serverMessageId":"2193842573","id":"3"}])
2018-12-07 15:51:02.710 19447-26138/com.wallet3 D/JMessageModule: 收到消息：msg = Message{_id=3, messageId=2193842573, createTimeInMillis=1544169063359, direct=receive, status=receive_success, content={"text":"hello","extras":{}}, version=1, fromName='null', contentType=text, contentTypesString='text', targetType=single, targetID='zhangzhemin', targetName='null', fromType='admin', atList=null, fromID=zhangzhemin, notification=null, isSetFromName=0, suiMTime=1544168936, haveRead=0, unreceipt cnt=0, unreceipt mtime=0}
2018-12-07 15:51:08.911 19447-19447/com.wallet3 D/JIGUANG-JMessage: [IMReceiver] onReceive - cn.jpush.im.android.action.NOTIFICATION_CLICK_PROXY
2018-12-07 15:51:08.915 19447-19618/com.wallet3 D/JIGUANG-JMessage: [RequestingThread] Action - sendRequestInternal - connection:, timeout:60000, threadId:1018
2018-12-07 15:51:08.916 19447-19618/com.wallet3 D/JIGUANG-JMessage: [RequestingThread] Action - sendCommandWithLoggedIn
2018-12-07 15:51:08.916 19447-19618/com.wallet3 D/JIGUANG-JMessage: [RequestingThread] request is [Requesting] - timeout:50000, times:1, request:[Request] - [JHead] - len:0, version:1, command:100, rid:15402, sid:44007, juid:20163561480
2018-12-07 15:51:08.916 19447-19618/com.wallet3 D/JIGUANG-JMessage: [RequestingThread] Request params - cmd:100
2018-12-07 15:51:08.950 19447-26162/com.wallet3 W/unknown:ReactNative: Calling JS function after bridge has been destroyed: RCTDeviceEventEmitter.emit(["JMessage.ClickMessageNotification",{"message":{"text":"hello","type":"text","unreceiptCount":0,"createTime":1544169063359,"extras":{},"target":{"isFriend":false,"isInBlackList":false,"isNoDisturb":false,"noteName":"","type":"user","username":"user3","noteText":"","region":"","appKey":"1f1558cafbf2dd3946981f0b","nickname":"","gender":"unknown","address":"","avatarThumbPath":"","birthday":-28800000,"signature":""},"from":{"isFriend":false,"isInBlackList":false,"isNoDisturb":false,"noteName":"","type":"user","username":"zhangzhemin","noteText":"","region":"","appKey":"1f1558cafbf2dd3946981f0b","nickname":"","gender":"unknown","address":"","avatarThumbPath":"","birthday":0,"signature":""},"serverMessageId":"2193842573","id":"3"}}])
2018-12-07 15:51:08.982 19447-19447/com.wallet3 D/JPushModule: onHostResume
2018-12-07 15:51:08.983 19447-19447/com.wallet3 D/JPushModule: onHostResume
2018-12-07 15:51:08.986 19447-26162/com.wallet3 W/unknown:ReactNative: Calling JS function after bridge has been destroyed: RCTDeviceEventEmitter.emit(["JMessage.ClickMessageNotification",{"message":{"text":"hello","type":"text","unreceiptCount":0,"createTime":1544169063359,"extras":{},"target":{"isFriend":false,"isInBlackList":false,"isNoDisturb":false,"noteName":"","type":"user","username":"user3","noteText":"","region":"","appKey":"1f1558cafbf2dd3946981f0b","nickname":"","gender":"unknown","address":"","avatarThumbPath":"","birthday":-28800000,"signature":""},"from":{"isFriend":false,"isInBlackList":false,"isNoDisturb":false,"noteName":"","type":"user","username":"zhangzhemin","noteText":"","region":"","appKey":"1f1558cafbf2dd3946981f0b","nickname":"","gender":"unknown","address":"","avatarThumbPath":"","birthday":0,"signature":""},"serverMessageId":"2193842573","id":"3"}}])
2018-12-07 15:51:08.998 19447-26162/com.wallet3 W/unknown:ReactNative: Calling JS function after bridge has been destroyed: RCTDeviceEventEmitter.emit(["JMessage.ClickMessageNotification",{"message":{"text":"hello","type":"text","unreceiptCount":0,"createTime":1544169063359,"extras":{},"target":{"isFriend":false,"isInBlackList":false,"isNoDisturb":false,"noteName":"","type":"user","username":"user3","noteText":"","region":"","appKey":"1f1558cafbf2dd3946981f0b","nickname":"","gender":"unknown","address":"","avatarThumbPath":"","birthday":-28800000,"signature":""},"from":{"isFriend":false,"isInBlackList":false,"isNoDisturb":false,"noteName":"","type":"user","username":"zhangzhemin","noteText":"","region":"","appKey":"1f1558cafbf2dd3946981f0b","nickname":"","gender":"unknown","address":"","avatarThumbPath":"","birthday":0,"signature":""},"serverMessageId":"2193842573","id":"3"}}])
2018-12-07 15:51:08.998 19447-19447/com.wallet3 D/JPushModule: onHostPause
2018-12-07 15:51:08.999 19447-19447/com.wallet3 D/JPushModule: onHostPause
2018-12-07 15:51:09.011 19447-26162/com.wallet3 W/unknown:ReactNative: Calling JS function after bridge has been destroyed: RCTDeviceEventEmitter.emit(["JMessage.ClickMessageNotification",{"message":{"text":"hello","type":"text","unreceiptCount":0,"createTime":1544169063359,"extras":{},"target":{"isFriend":false,"isInBlackList":false,"isNoDisturb":false,"noteName":"","type":"user","username":"user3","noteText":"","region":"","appKey":"1f1558cafbf2dd3946981f0b","nickname":"","gender":"unknown","address":"","avatarThumbPath":"","birthday":-28800000,"signature":""},"from":{"isFriend":false,"isInBlackList":false,"isNoDisturb":false,"noteName":"","type":"user","username":"zhangzhemin","noteText":"","region":"","appKey":"1f1558cafbf2dd3946981f0b","nickname":"","gender":"unknown","address":"","avatarThumbPath":"","birthday":0,"signature":""},"serverMessageId":"2193842573","id":"3"}}])
2018-12-07 15:51:09.012 19447-19447/com.wallet3 W/unknown:ReactNative: Packager connection already open, nooping.
2018-12-07 15:51:09.012 19447-19447/com.wallet3 D/JPushModule: onHostResume
2018-12-07 15:51:09.013 19447-19447/com.wallet3 D/JPushModule: onHostResume
2018-12-07 15:51:09.069 19447-19447/com.wallet3 D/JPushModule: onHostPause
2018-12-07 15:51:09.070 19447-19447/com.wallet3 D/JPushModule: onHostPause
2018-12-07 15:51:09.082 19447-19447/com.wallet3 D/JPushModule: onHostResume
2018-12-07 15:51:09.083 19447-19447/com.wallet3 D/JPushModule: onHostResume
2018-12-07 15:51:09.089 19447-19447/com.wallet3 D/JPushModule: onHostPause
2018-12-07 15:51:09.090 19447-19447/com.wallet3 D/JPushModule: onHostPause
2018-12-07 15:51:09.098 19447-19447/com.wallet3 D/JPushModule: onHostResume
2018-12-07 15:51:09.102 19447-19447/com.wallet3 D/JPushModule: onHostResume
2018-12-07 15:51:09.109 19447-19447/com.wallet3 D/JPushModule: onHostPause
2018-12-07 15:51:09.109 19447-19447/com.wallet3 D/JPushModule: onHostPause
2018-12-07 15:51:09.119 19447-19447/com.wallet3 D/JPushModule: onHostResume
2018-12-07 15:51:09.120 19447-19447/com.wallet3 D/JPushModule: onHostResume
2018-12-07 15:51:09.129 19447-19505/com.wallet3 D/EGL_emulation: eglMakeCurrent: 0xddb7ade0: ver 3 0 (tinfo 0xca85a110)
2018-12-07 15:52:28.380 19447-19447/com.wallet3 D/JIGUANG-JCore: [PushReceiver] onReceive - cn.jpush.android.intent.ACTION_REPORT_HISTORY
2018-12-07 15:52:28.381 19447-19488/com.wallet3 D/JIGUANG-JPush: [PushReceiverCore] onReceive - cn.jpush.android.intent.ACTION_REPORT_HISTORY
2018-12-07 15:54:45.215 19447-19618/com.wallet3 D/JIGUANG-JMessage: [RequestingThread] Action - sendRequestInternal - connection:, timeout:60000, threadId:1018
2018-12-07 15:54:45.217 19447-19618/com.wallet3 D/JIGUANG-JMessage: [RequestingThread] Action - sendCommandWithLoggedIn
2018-12-07 15:54:45.217 19447-19618/com.wallet3 D/JIGUANG-JMessage: [RequestingThread] request is [Requesting] - timeout:50000, times:1, request:[Request] - [JHead] - len:0, version:1, command:100, rid:15404, sid:44007, juid:20163561480
2018-12-07 15:54:45.217 19447-19618/com.wallet3 D/JIGUANG-JMessage: [RequestingThread] Request params - cmd:100
2018-12-07 15:54:45.322 19447-26194/com.wallet3 D/JIGUANG-JMessage: [b] processIMData type : im_response
2018-12-07 15:54:45.323 19447-26194/com.wallet3 D/JIGUANG-JMessage: [ResponseProcessor] IMCMD:39
2018-12-07 15:54:45.364 19447-26194/com.wallet3 D/JIGUANG-JMessage: [b] processIMData type : im_response
2018-12-07 15:54:45.365 19447-26194/com.wallet3 D/JIGUANG-JMessage: [ResponseProcessor] IMCMD:40
2018-12-07 15:54:45.365 19447-26194/com.wallet3 D/JIGUANG-JMessage: [SyncRespBaseHandler] sync resp received , uid = 204166822
2018-12-07 15:54:45.365 19447-26194/com.wallet3 I/JIGUANG-JMessage: [SyncRespBaseHandler] [PageReceived] receive page . page no = 1 page = cn.jpush.im.android.c.b.f$m@3fe4b66
2018-12-07 15:54:45.365 19447-26194/com.wallet3 I/JIGUANG-JMessage: [SyncRespBaseHandler] [PageReceived] cached page no[1]
2018-12-07 15:54:45.366 19447-26194/com.wallet3 D/JIGUANG-JMessage: [SyncRespBaseHandler] [PageReceived]start convLocalize conv pages. total page 1
2018-12-07 15:54:45.370 19447-26392/com.wallet3 I/JIGUANG-JMessage: [SyncConvRespHandler]  conv id = 204166822_204166888 new list totalCount = 2 old list totalCount = 0
2018-12-07 15:54:45.370 19447-26392/com.wallet3 D/JIGUANG-JMessage: [SyncRespBaseHandler] conversation localize finished. status code = -100
2018-12-07 15:54:45.370 19447-26392/com.wallet3 I/JIGUANG-JMessage: [SyncConvRespHandler] send sync conv ack back == synckey is 1544169063359
2018-12-07 15:54:45.371 19447-26392/com.wallet3 I/JIGUANG-JMessage: [SyncRespBaseHandler] sync resp finished. code = 0 desc = Success
2018-12-07 15:54:45.371 19447-19618/com.wallet3 D/JIGUANG-JMessage: [RequestingThread] Action - sendRequestInternal - connection:, timeout:60000, threadId:1018
2018-12-07 15:54:45.372 19447-19618/com.wallet3 D/JIGUANG-JMessage: [RequestingThread] Action - sendCommandWithLoggedIn
2018-12-07 15:54:45.372 19447-19618/com.wallet3 D/JIGUANG-JMessage: [RequestingThread] request is [Requesting] - timeout:50000, times:1, request:[Request] - [JHead] - len:0, version:1, command:100, rid:15406, sid:44007, juid:20163561480
2018-12-07 15:54:45.372 19447-19618/com.wallet3 D/JIGUANG-JMessage: [RequestingThread] Request params - cmd:100
2018-12-07 15:57:18.488 19447-19447/com.wallet3 D/JIGUANG-JCore: [PushReceiver] onReceive - cn.jpush.android.intent.ACTION_REPORT_HISTORY
2018-12-07 15:57:18.489 19447-19488/com.wallet3 D/JIGUANG-JPush: [PushReceiverCore] onReceive - cn.jpush.android.intent.ACTION_REPORT_HISTORY
2018-12-07 15:59:45.218 19447-19618/com.wallet3 D/JIGUANG-JMessage: [RequestingThread] Action - sendRequestInternal - connection:, timeout:60000, threadId:1018
2018-12-07 15:59:45.221 19447-19618/com.wallet3 D/JIGUANG-JMessage: [RequestingThread] Action - sendCommandWithLoggedIn
2018-12-07 15:59:45.221 19447-19618/com.wallet3 D/JIGUANG-JMessage: [RequestingThread] request is [Requesting] - timeout:50000, times:1, request:[Request] - [JHead] - len:0, version:1, command:100, rid:15408, sid:44007, juid:20163561480
2018-12-07 15:59:45.221 19447-19618/com.wallet3 D/JIGUANG-JMessage: [RequestingThread] Request params - cmd:100
2018-12-07 15:59:45.328 19447-19478/com.wallet3 D/JIGUANG-JMessage: [b] processIMData type : im_response
2018-12-07 15:59:45.329 19447-19478/com.wallet3 D/JIGUANG-JMessage: [ResponseProcessor] IMCMD:39
2018-12-07 16:02:08.582 19447-19447/com.wallet3 D/JIGUANG-JCore: [PushReceiver] onReceive - cn.jpush.android.intent.ACTION_REPORT_HISTORY
2018-12-07 16:02:08.583 19447-19488/com.wallet3 D/JIGUANG-JPush: [PushReceiverCore] onReceive - cn.jpush.android.intent.ACTION_REPORT_HISTORY
2018-12-07 16:04:45.222 19447-19618/com.wallet3 D/JIGUANG-JMessage: [RequestingThread] Action - sendRequestInternal - connection:, timeout:60000, threadId:1018
2018-12-07 16:04:45.224 19447-19618/com.wallet3 D/JIGUANG-JMessage: [RequestingThread] Action - sendCommandWithLoggedIn
2018-12-07 16:04:45.224 19447-19618/com.wallet3 D/JIGUANG-JMessage: [RequestingThread] request is [Requesting] - timeout:50000, times:1, request:[Request] - [JHead] - len:0, version:1, command:100, rid:15410, sid:44007, juid:20163561480
2018-12-07 16:04:45.224 19447-19618/com.wallet3 D/JIGUANG-JMessage: [RequestingThread] Request params - cmd:100
2018-12-07 16:04:45.375 19447-19555/com.wallet3 D/JIGUANG-JMessage: [b] processIMData type : im_response
2018-12-07 16:04:45.376 19447-19555/com.wallet3 D/JIGUANG-JMessage: [ResponseProcessor] IMCMD:39
2018-12-07 16:06:58.631 19447-19447/com.wallet3 D/JIGUANG-JCore: [PushReceiver] onReceive - cn.jpush.android.intent.ACTION_REPORT_HISTORY
2018-12-07 16:06:58.631 19447-19488/com.wallet3 D/JIGUANG-JPush: [PushReceiverCore] onReceive - cn.jpush.android.intent.ACTION_REPORT_HISTORY
2018-12-07 16:09:45.231 19447-19618/com.wallet3 D/JIGUANG-JMessage: [RequestingThread] Action - sendRequestInternal - connection:, timeout:60000, threadId:1018
2018-12-07 16:09:45.232 19447-19618/com.wallet3 D/JIGUANG-JMessage: [RequestingThread] Action - sendCommandWithLoggedIn
2018-12-07 16:09:45.232 19447-19618/com.wallet3 D/JIGUANG-JMessage: [RequestingThread] request is [Requesting] - timeout:50000, times:1, request:[Request] - [JHead] - len:0, version:1, command:100, rid:15412, sid:44007, juid:20163561480
2018-12-07 16:09:45.232 19447-19618/com.wallet3 D/JIGUANG-JMessage: [RequestingThread] Request params - cmd:100
2018-12-07 16:09:45.328 19447-19478/com.wallet3 D/JIGUANG-JMessage: [b] processIMData type : im_response
2018-12-07 16:09:45.328 19447-19478/com.wallet3 D/JIGUANG-JMessage: [ResponseProcessor] IMCMD:39
2018-12-07 16:11:48.730 19447-19447/com.wallet3 D/JIGUANG-JCore: [PushReceiver] onReceive - cn.jpush.android.intent.ACTION_REPORT_HISTORY
2018-12-07 16:11:48.731 19447-19488/com.wallet3 D/JIGUANG-JPush: [PushReceiverCore] onReceive - cn.jpush.android.intent.ACTION_REPORT_HISTORY
2018-12-07 16:14:45.233 19447-19618/com.wallet3 D/JIGUANG-JMessage: [RequestingThread] Action - sendRequestInternal - connection:, timeout:60000, threadId:1018
2018-12-07 16:14:45.234 19447-19618/com.wallet3 D/JIGUANG-JMessage: [RequestingThread] Action - sendCommandWithLoggedIn
2018-12-07 16:14:45.234 19447-19618/com.wallet3 D/JIGUANG-JMessage: [RequestingThread] request is [Requesting] - timeout:50000, times:1, request:[Request] - [JHead] - len:0, version:1, command:100, rid:15414, sid:44007, juid:20163561480
2018-12-07 16:14:45.234 19447-19618/com.wallet3 D/JIGUANG-JMessage: [RequestingThread] Request params - cmd:100
2018-12-07 16:14:45.338 19447-19555/com.wallet3 D/JIGUANG-JMessage: [b] processIMData type : im_response
2018-12-07 16:14:45.339 19447-19555/com.wallet3 D/JIGUANG-JMessage: [ResponseProcessor] IMCMD:39
2018-12-07 16:15:40.354 19447-19505/com.wallet3 D/EGL_emulation: eglMakeCurrent: 0xddb7ade0: ver 3 0 (tinfo 0xca85a110)
2018-12-07 16:15:40.463 19447-19505/com.wallet3 D/EGL_emulation: eglMakeCurrent: 0xddb7ade0: ver 3 0 (tinfo 0xca85a110)
2018-12-07 16:15:40.466 19447-19447/com.wallet3 D/ReactNative: ReactInstanceManager.onJSBundleLoadedFromServer()
2018-12-07 16:15:40.467 19447-19447/com.wallet3 D/ReactNative: ReactInstanceManager.recreateReactContextInBackground()
2018-12-07 16:15:40.467 19447-19447/com.wallet3 D/ReactNative: ReactInstanceManager.runCreateReactContextOnNewThread()
2018-12-07 16:15:40.467 19447-19447/com.wallet3 D/ReactNative: ReactInstanceManager.tearDownReactContext()
2018-12-07 16:15:40.467 19447-19447/com.wallet3 D/JPushModule: onHostPause
2018-12-07 16:15:40.467 19447-19447/com.wallet3 D/JPushModule: onHostPause
2018-12-07 16:15:40.469 19447-19447/com.wallet3 D/ReactNative: CatalystInstanceImpl.destroy() start
2018-12-07 16:15:40.469 19447-19447/com.wallet3 W/unknown:ReactNative: Packager connection already open, nooping.
2018-12-07 16:15:40.474 19447-19505/com.wallet3 D/EGL_emulation: eglMakeCurrent: 0xddb7ade0: ver 3 0 (tinfo 0xca85a110)
2018-12-07 16:15:40.481 19447-27652/com.wallet3 D/ReactNative: ReactInstanceManager.createReactContext()
2018-12-07 16:15:40.483 19447-27652/com.wallet3 W/unknown:ViewManagerPropertyUpdater: Could not find generated setter for class com.facebook.react.views.art.ARTGroupViewManager
2018-12-07 16:15:40.483 19447-27652/com.wallet3 W/unknown:ViewManagerPropertyUpdater: Could not find generated setter for class com.facebook.react.views.art.ARTGroupShadowNode
2018-12-07 16:15:40.483 19447-24040/com.wallet3 I/JPushModule: onCatalystInstanceDestroy
2018-12-07 16:15:40.483 19447-27652/com.wallet3 W/unknown:ViewManagerPropertyUpdater: Could not find generated setter for class com.facebook.react.views.art.ARTShapeViewManager
2018-12-07 16:15:40.485 19447-27652/com.wallet3 W/unknown:ViewManagerPropertyUpdater: Could not find generated setter for class com.facebook.react.views.art.ARTShapeShadowNode
2018-12-07 16:15:40.485 19447-27652/com.wallet3 W/unknown:ViewManagerPropertyUpdater: Could not find generated setter for class com.facebook.react.views.art.ARTTextViewManager
2018-12-07 16:15:40.485 19447-27652/com.wallet3 W/unknown:ViewManagerPropertyUpdater: Could not find generated setter for class com.facebook.react.views.art.ARTTextShadowNode
2018-12-07 16:15:40.486 19447-27652/com.wallet3 W/unknown:ViewManagerPropertyUpdater: Could not find generated setter for class com.facebook.react.views.checkbox.ReactCheckBoxManager
2018-12-07 16:15:40.487 19447-27652/com.wallet3 W/unknown:ViewManagerPropertyUpdater: Could not find generated setter for class com.facebook.react.uimanager.LayoutShadowNode
2018-12-07 16:15:40.490 19447-27652/com.wallet3 W/unknown:ViewManagerPropertyUpdater: Could not find generated setter for class com.facebook.react.views.picker.ReactDialogPickerManager
2018-12-07 16:15:40.490 19447-27652/com.wallet3 W/unknown:ViewManagerPropertyUpdater: Could not find generated setter for class com.facebook.react.views.drawer.ReactDrawerLayoutManager
2018-12-07 16:15:40.490 19447-27652/com.wallet3 W/unknown:ViewManagerPropertyUpdater: Could not find generated setter for class com.facebook.react.views.picker.ReactDropdownPickerManager
2018-12-07 16:15:40.491 19447-27652/com.wallet3 W/unknown:ViewManagerPropertyUpdater: Could not find generated setter for class com.facebook.react.views.scroll.ReactHorizontalScrollViewManager
2018-12-07 16:15:40.491 19447-27652/com.wallet3 W/unknown:ViewManagerPropertyUpdater: Could not find generated setter for class com.facebook.react.views.scroll.ReactHorizontalScrollContainerViewManager
2018-12-07 16:15:40.491 19447-27652/com.wallet3 W/unknown:ViewManagerPropertyUpdater: Could not find generated setter for class com.facebook.react.views.progressbar.ReactProgressBarViewManager
2018-12-07 16:15:40.492 19447-27652/com.wallet3 W/unknown:ViewManagerPropertyUpdater: Could not find generated setter for class com.facebook.react.views.progressbar.ProgressBarShadowNode
2018-12-07 16:15:40.492 19447-27652/com.wallet3 W/unknown:ViewManagerPropertyUpdater: Could not find generated setter for class com.facebook.react.views.scroll.ReactScrollViewManager
2018-12-07 16:15:40.493 19447-27652/com.wallet3 W/unknown:ViewManagerPropertyUpdater: Could not find generated setter for class com.facebook.react.views.slider.ReactSliderManager
2018-12-07 16:15:40.493 19447-27652/com.wallet3 W/unknown:ViewManagerPropertyUpdater: Could not find generated setter for class com.facebook.react.views.slider.ReactSliderManager$ReactSliderShadowNode
2018-12-07 16:15:40.493 19447-27652/com.wallet3 W/unknown:ViewManagerPropertyUpdater: Could not find generated setter for class com.facebook.react.views.switchview.ReactSwitchManager
2018-12-07 16:15:40.493 19447-27652/com.wallet3 W/unknown:ViewManagerPropertyUpdater: Could not find generated setter for class com.facebook.react.views.switchview.ReactSwitchManager$ReactSwitchShadowNode
2018-12-07 16:15:40.493 19447-27652/com.wallet3 W/unknown:ViewManagerPropertyUpdater: Could not find generated setter for class com.facebook.react.views.toolbar.ReactToolbarManager
2018-12-07 16:15:40.494 19447-27652/com.wallet3 W/unknown:ViewManagerPropertyUpdater: Could not find generated setter for class com.facebook.react.views.webview.ReactWebViewManager
2018-12-07 16:15:40.494 19447-27652/com.wallet3 W/unknown:ViewManagerPropertyUpdater: Could not find generated setter for class com.facebook.react.views.swiperefresh.SwipeRefreshLayoutManager
2018-12-07 16:15:40.495 19447-27652/com.wallet3 W/unknown:ViewManagerPropertyUpdater: Could not find generated setter for class com.facebook.react.views.art.ARTSurfaceViewManager
2018-12-07 16:15:40.495 19447-27652/com.wallet3 W/unknown:ViewManagerPropertyUpdater: Could not find generated setter for class com.facebook.react.views.art.ARTSurfaceViewShadowNode
2018-12-07 16:15:40.495 19447-27652/com.wallet3 W/unknown:ViewManagerPropertyUpdater: Could not find generated setter for class com.facebook.react.views.text.frescosupport.FrescoBasedReactTextInlineImageViewManager
2018-12-07 16:15:40.495 19447-27652/com.wallet3 W/unknown:ViewManagerPropertyUpdater: Could not find generated setter for class com.facebook.react.views.text.frescosupport.FrescoBasedReactTextInlineImageShadowNode
2018-12-07 16:15:40.495 19447-27652/com.wallet3 W/unknown:ViewManagerPropertyUpdater: Could not find generated setter for class com.facebook.react.views.image.ReactImageManager
2018-12-07 16:15:40.496 19447-27652/com.wallet3 W/unknown:ViewManagerPropertyUpdater: Could not find generated setter for class com.facebook.react.views.modal.ReactModalHostManager
2018-12-07 16:15:40.496 19447-27652/com.wallet3 W/unknown:ViewManagerPropertyUpdater: Could not find generated setter for class com.facebook.react.views.modal.ModalHostShadowNode
2018-12-07 16:15:40.496 19447-27652/com.wallet3 W/unknown:ViewManagerPropertyUpdater: Could not find generated setter for class com.facebook.react.views.text.ReactRawTextManager
2018-12-07 16:15:40.496 19447-27652/com.wallet3 W/unknown:ViewManagerPropertyUpdater: Could not find generated setter for class com.facebook.react.views.text.ReactRawTextShadowNode
2018-12-07 16:15:40.497 19447-27652/com.wallet3 W/unknown:ViewManagerPropertyUpdater: Could not find generated setter for class com.facebook.react.views.textinput.ReactTextInputManager
2018-12-07 16:15:40.497 19447-27652/com.wallet3 W/unknown:ViewManagerPropertyUpdater: Could not find generated setter for class com.facebook.react.views.textinput.ReactTextInputShadowNode
2018-12-07 16:15:40.498 19447-27652/com.wallet3 W/unknown:ViewManagerPropertyUpdater: Could not find generated setter for class com.facebook.react.views.text.ReactTextViewManager
2018-12-07 16:15:40.499 19447-27652/com.wallet3 W/unknown:ViewManagerPropertyUpdater: Could not find generated setter for class com.facebook.react.views.text.ReactTextShadowNode
2018-12-07 16:15:40.499 19447-27652/com.wallet3 W/unknown:ViewManagerPropertyUpdater: Could not find generated setter for class com.facebook.react.views.view.ReactViewManager
2018-12-07 16:15:40.501 19447-27652/com.wallet3 W/unknown:ViewManagerPropertyUpdater: Could not find generated setter for class com.facebook.react.views.viewpager.ReactViewPagerManager
2018-12-07 16:15:40.501 19447-27652/com.wallet3 W/unknown:ViewManagerPropertyUpdater: Could not find generated setter for class com.facebook.react.views.text.ReactVirtualTextViewManager
2018-12-07 16:15:40.501 19447-27652/com.wallet3 W/unknown:ViewManagerPropertyUpdater: Could not find generated setter for class com.facebook.react.views.text.ReactVirtualTextShadowNode
2018-12-07 16:15:40.501 19447-27652/com.wallet3 W/unknown:ViewManagerPropertyUpdater: Could not find generated setter for class io.jchat.android.BubbleMsgManager
2018-12-07 16:15:40.501 19447-27652/com.wallet3 W/unknown:ViewManagerPropertyUpdater: Could not find generated setter for class com.lwansbrough.RCTCamera.RCTCameraViewManager
2018-12-07 16:15:40.502 19447-27652/com.wallet3 W/unknown:ViewManagerPropertyUpdater: Could not find generated setter for class cn.jiguang.imui.messagelist.viewmanager.ReactMsgListManager
2018-12-07 16:15:40.503 19447-27652/com.wallet3 W/unknown:ViewManagerPropertyUpdater: Could not find generated setter for class cn.jiguang.imui.messagelist.viewmanager.ReactChatInputManager
2018-12-07 16:15:40.506 19447-27652/com.wallet3 V/JSRealm: setDefaultRealmFileDirectory
2018-12-07 16:15:40.506 19447-27652/com.wallet3 D/JSRealm: Absolute path: /data/data/com.wallet3/files
2018-12-07 16:15:40.507 19447-27652/com.wallet3 D/ReactNative: Initializing React Xplat Bridge.
2018-12-07 16:15:40.509 19447-27652/com.wallet3 D/ReactNative: Initializing React Xplat Bridge before initializeBridge
2018-12-07 16:15:40.513 19447-27652/com.wallet3 D/ReactNative: Initializing React Xplat Bridge after initializeBridge
2018-12-07 16:15:40.513 19447-27652/com.wallet3 D/ReactNative: CatalystInstanceImpl.runJSBundle()
2018-12-07 16:15:40.514 19447-27657/com.wallet3 D/ReactNative: ReactInstanceManager.setupReactContext()
2018-12-07 16:15:40.514 19447-27657/com.wallet3 D/ReactNative: CatalystInstanceImpl.initialize()
2018-12-07 16:15:40.515 19447-19447/com.wallet3 W/unknown:ReactNative: Packager connection already open, nooping.
2018-12-07 16:15:40.515 19447-27657/com.wallet3 D/JPushModule: onHostResume
2018-12-07 16:15:40.516 19447-27657/com.wallet3 D/JPushModule: onHostResume
2018-12-07 16:15:40.516 19447-27657/com.wallet3 D/ReactNative: ReactInstanceManager.attachRootViewToInstance()
2018-12-07 16:15:40.764 19447-27655/com.wallet3 D/ReactNative: CatalystInstanceImpl.destroy() end
2018-12-07 16:15:41.285 19447-27656/com.wallet3 W/ReactNativeJS: The StackNavigator function name is deprecated, please use createStackNavigator instead
2018-12-07 16:15:41.308 19447-27656/com.wallet3 I/chatty: uid=10095(com.wallet3) mqt_js identical 1 line
2018-12-07 16:15:41.310 19447-27656/com.wallet3 W/ReactNativeJS: The StackNavigator function name is deprecated, please use createStackNavigator instead
2018-12-07 16:15:41.368 19447-27656/com.wallet3 W/ReactNativeJS: TabNavigator is deprecated. Please use the createBottomTabNavigator or createMaterialTopTabNavigator instead.
2018-12-07 16:15:41.383 19447-27656/com.wallet3 W/ReactNativeJS: The StackNavigator function name is deprecated, please use createStackNavigator instead
2018-12-07 16:15:41.395 19447-27656/com.wallet3 I/ReactNativeJS: Running application "Wallet3" with appParams: {"rootTag":51}. __DEV__ === true, development-level warning are ON, performance optimizations are OFF
2018-12-07 16:15:41.656 19447-27656/com.wallet3 W/ReactNativeJS: Warning: isMounted(...) is deprecated in plain JavaScript React classes. Instead, make sure to clean up subscriptions and pending requests in componentWillUnmount to prevent memory leaks.
2018-12-07 16:15:41.679 19447-27656/com.wallet3 I/chatty: uid=10095(com.wallet3) mqt_js identical 7 lines
2018-12-07 16:15:41.691 19447-27656/com.wallet3 W/ReactNativeJS: Warning: isMounted(...) is deprecated in plain JavaScript React classes. Instead, make sure to clean up subscriptions and pending requests in componentWillUnmount to prevent memory leaks.
2018-12-07 16:15:43.996 19447-19447/com.wallet3 I/AssistStructure: Flattened final assist data: 5788 bytes, containing 1 windows, 20 views
2018-12-07 16:15:47.002 19447-19447/com.wallet3 E/SpannableStringBuilder: SPAN_EXCLUSIVE_EXCLUSIVE spans cannot have a zero length
2018-12-07 16:15:47.003 19447-19447/com.wallet3 E/SpannableStringBuilder: SPAN_EXCLUSIVE_EXCLUSIVE spans cannot have a zero length
2018-12-07 16:16:13.152 19447-19447/com.wallet3 I/AssistStructure: Flattened final assist data: 5788 bytes, containing 1 windows, 20 views
2018-12-07 16:16:38.785 19447-19447/com.wallet3 D/JIGUANG-JCore: [PushReceiver] onReceive - cn.jpush.android.intent.ACTION_REPORT_HISTORY
2018-12-07 16:16:38.785 19447-19488/com.wallet3 D/JIGUANG-JPush: [PushReceiverCore] onReceive - cn.jpush.android.intent.ACTION_REPORT_HISTORY
2018-12-07 16:19:45.236 19447-19618/com.wallet3 D/JIGUANG-JMessage: [RequestingThread] Action - sendRequestInternal - connection:, timeout:60000, threadId:1018
2018-12-07 16:19:45.239 19447-19618/com.wallet3 D/JIGUANG-JMessage: [RequestingThread] Action - sendCommandWithLoggedIn
2018-12-07 16:19:45.239 19447-19618/com.wallet3 D/JIGUANG-JMessage: [RequestingThread] request is [Requesting] - timeout:50000, times:1, request:[Request] - [JHead] - len:0, version:1, command:100, rid:15416, sid:44007, juid:20163561480
2018-12-07 16:19:45.239 19447-19618/com.wallet3 D/JIGUANG-JMessage: [RequestingThread] Request params - cmd:100
2018-12-07 16:19:45.335 19447-19555/com.wallet3 D/JIGUANG-JMessage: [b] processIMData type : im_response
2018-12-07 16:19:45.335 19447-19555/com.wallet3 D/JIGUANG-JMessage: [ResponseProcessor] IMCMD:39
2018-12-07 16:19:45.409 19447-19555/com.wallet3 D/JIGUANG-JMessage: [b] processIMData type : im_response
2018-12-07 16:19:45.410 19447-19555/com.wallet3 D/JIGUANG-JMessage: [ResponseProcessor] IMCMD:40
2018-12-07 16:19:45.410 19447-19555/com.wallet3 D/JIGUANG-JMessage: [SyncRespBaseHandler] sync resp received , uid = 204166822
2018-12-07 16:19:45.410 19447-19555/com.wallet3 I/JIGUANG-JMessage: [SyncRespBaseHandler] [PageReceived] receive page . page no = 1 page = cn.jpush.im.android.c.b.f$m@c19548d
2018-12-07 16:19:45.410 19447-19555/com.wallet3 I/JIGUANG-JMessage: [SyncRespBaseHandler] [PageReceived] cached page no[1]
2018-12-07 16:19:45.410 19447-19555/com.wallet3 D/JIGUANG-JMessage: [SyncRespBaseHandler] [PageReceived]start convLocalize conv pages. total page 1
2018-12-07 16:19:45.412 19447-27908/com.wallet3 I/JIGUANG-JMessage: [SyncConvRespHandler]  conv id = 204166822_204166888 new list totalCount = 1 old list totalCount = 0
2018-12-07 16:19:46.264 19447-27914/com.wallet3 W/unknown:ReactNative: Calling JS function after bridge has been destroyed: RCTDeviceEventEmitter.emit(["JMessage.SyncOfflineMessage",{"messageArray":[{"text":"hello","type":"text","unreceiptCount":0,"createTime":1544170565797,"extras":{},"target":{"isFriend":false,"isInBlackList":false,"isNoDisturb":false,"noteName":"","type":"user","username":"user3","noteText":"","region":"","appKey":"1f1558cafbf2dd3946981f0b","nickname":"","gender":"unknown","address":"","avatarThumbPath":"","birthday":-28800000,"signature":""},"from":{"isFriend":false,"isInBlackList":false,"isNoDisturb":false,"noteName":"","type":"user","username":"zhangzhemin","noteText":"","region":"","appKey":"1f1558cafbf2dd3946981f0b","nickname":"","gender":"unknown","address":"","avatarThumbPath":"","birthday":0,"signature":""},"serverMessageId":"2195928602","id":"4"}],"conversation":{"target":{"isFriend":false,"isInBlackList":false,"isNoDisturb":false,"noteName":"","type":"user","username":"zhangzhemin","noteText":"","region":"","appKey":"1f1558cafbf2dd3946981f0b","nickname":"","gender":"unknown","address":"","avatarThumbPath":"","birthday":0,"signature":""},"latestMessage":{"text":"hello","type":"text","unreceiptCount":0,"createTime":1544170565797,"extras":{},"target":{"isFriend":false,"isInBlackList":false,"isNoDisturb":false,"noteName":"","type":"user","username":"user3","noteText":"","region":"","appKey":"1f1558cafbf2dd3946981f0b","nickname":"","gender":"unknown","address":"","avatarThumbPath":"","birthday":-28800000,"signature":""},"from":{"isFriend":false,"isInBlackList":false,"isNoDisturb":false,"noteName":"","type":"user","username":"zhangzhemin","noteText":"","region":"","appKey":"1f1558cafbf2dd3946981f0b","nickname":"","gender":"unknown","address":"","avatarThumbPath":"","birthday":0,"signature":""},"serverMessageId":"2195928602","id":"4"},"unreadCount":1,"conversationType":"single","title":"zhangzhemin"}}])
2018-12-07 16:19:46.281 19447-27914/com.wallet3 I/chatty: uid=10095(com.wallet3) pool-10-thread- identical 3 lines
2018-12-07 16:19:46.286 19447-27914/com.wallet3 W/unknown:ReactNative: Calling JS function after bridge has been destroyed: RCTDeviceEventEmitter.emit(["JMessage.SyncOfflineMessage",{"messageArray":[{"text":"hello","type":"text","unreceiptCount":0,"createTime":1544170565797,"extras":{},"target":{"isFriend":false,"isInBlackList":false,"isNoDisturb":false,"noteName":"","type":"user","username":"user3","noteText":"","region":"","appKey":"1f1558cafbf2dd3946981f0b","nickname":"","gender":"unknown","address":"","avatarThumbPath":"","birthday":-28800000,"signature":""},"from":{"isFriend":false,"isInBlackList":false,"isNoDisturb":false,"noteName":"","type":"user","username":"zhangzhemin","noteText":"","region":"","appKey":"1f1558cafbf2dd3946981f0b","nickname":"","gender":"unknown","address":"","avatarThumbPath":"","birthday":0,"signature":""},"serverMessageId":"2195928602","id":"4"}],"conversation":{"target":{"isFriend":false,"isInBlackList":false,"isNoDisturb":false,"noteName":"","type":"user","username":"zhangzhemin","noteText":"","region":"","appKey":"1f1558cafbf2dd3946981f0b","nickname":"","gender":"unknown","address":"","avatarThumbPath":"","birthday":0,"signature":""},"latestMessage":{"text":"hello","type":"text","unreceiptCount":0,"createTime":1544170565797,"extras":{},"target":{"isFriend":false,"isInBlackList":false,"isNoDisturb":false,"noteName":"","type":"user","username":"user3","noteText":"","region":"","appKey":"1f1558cafbf2dd3946981f0b","nickname":"","gender":"unknown","address":"","avatarThumbPath":"","birthday":-28800000,"signature":""},"from":{"isFriend":false,"isInBlackList":false,"isNoDisturb":false,"noteName":"","type":"user","username":"zhangzhemin","noteText":"","region":"","appKey":"1f1558cafbf2dd3946981f0b","nickname":"","gender":"unknown","address":"","avatarThumbPath":"","birthday":0,"signature":""},"serverMessageId":"2195928602","id":"4"},"unreadCount":1,"conversationType":"single","title":"zhangzhemin"}}])
2018-12-07 16:19:46.303 19447-27909/com.wallet3 D/JIGUANG-JMessage: [SyncRespBaseHandler] conversation localize finished. status code = 0
2018-12-07 16:19:46.303 19447-27909/com.wallet3 I/JIGUANG-JMessage: [SyncConvRespHandler] send sync conv ack back == synckey is 1544170565797
2018-12-07 16:19:46.304 19447-27909/com.wallet3 I/JIGUANG-JMessage: [SyncRespBaseHandler] sync resp finished. code = 0 desc = Success
2018-12-07 16:19:46.304 19447-19618/com.wallet3 D/JIGUANG-JMessage: [RequestingThread] Action - sendRequestInternal - connection:, timeout:60000, threadId:1018
2018-12-07 16:19:46.306 19447-19618/com.wallet3 D/JIGUANG-JMessage: [RequestingThread] Action - sendCommandWithLoggedIn
2018-12-07 16:19:46.306 19447-19618/com.wallet3 D/JIGUANG-JMessage: [RequestingThread] request is [Requesting] - timeout:50000, times:1, request:[Request] - [JHead] - len:0, version:1, command:100, rid:15418, sid:44007, juid:20163561480
2018-12-07 16:19:46.306 19447-19618/com.wallet3 D/JIGUANG-JMessage: [RequestingThread] Request params - cmd:100
2018-12-07 16:19:46.316 19447-19485/com.wallet3 W/com.wallet3: Couldn't lock the profile file /data/misc/profiles/cur/0/com.wallet3/primary.prof: Failed to lock file '/data/misc/profiles/cur/0/com.wallet3/primary.prof': Try again
2018-12-07 16:19:46.316 19447-19485/com.wallet3 W/com.wallet3: Could not forcefully load profile /data/misc/profiles/cur/0/com.wallet3/primary.prof

