2018-12-07 15:17:17.034 19447-19505/com.wallet3 D/EGL_emulation: eglMakeCurrent: 0xddb7ade0: ver 3 0 (tinfo 0xca85a110)
2018-12-07 15:17:17.110 19447-19505/com.wallet3 D/EGL_emulation: eglMakeCurrent: 0xddb7ade0: ver 3 0 (tinfo 0xca85a110)
2018-12-07 15:17:17.123 19447-19447/com.wallet3 D/ReactNative: ReactInstanceManager.onJSBundleLoadedFromServer()
2018-12-07 15:17:17.123 19447-19447/com.wallet3 D/ReactNative: ReactInstanceManager.recreateReactContextInBackground()
2018-12-07 15:17:17.123 19447-19447/com.wallet3 D/ReactNative: ReactInstanceManager.runCreateReactContextOnNewThread()
2018-12-07 15:17:17.123 19447-19447/com.wallet3 D/ReactNative: ReactInstanceManager.tearDownReactContext()
2018-12-07 15:17:17.123 19447-19447/com.wallet3 D/JPushModule: onHostPause
2018-12-07 15:17:17.124 19447-19447/com.wallet3 D/JPushModule: onHostPause
2018-12-07 15:17:17.128 19447-19447/com.wallet3 D/ReactNative: CatalystInstanceImpl.destroy() start
2018-12-07 15:17:17.129 19447-19447/com.wallet3 W/unknown:ReactNative: Packager connection already open, nooping.
2018-12-07 15:17:17.132 19447-19505/com.wallet3 D/EGL_emulation: eglMakeCurrent: 0xddb7ade0: ver 3 0 (tinfo 0xca85a110)
2018-12-07 15:17:17.136 19447-23818/com.wallet3 D/ReactNative: ReactInstanceManager.createReactContext()
2018-12-07 15:17:17.144 19447-23818/com.wallet3 W/unknown:ViewManagerPropertyUpdater: Could not find generated setter for class com.facebook.react.views.art.ARTGroupViewManager
2018-12-07 15:17:17.145 19447-23668/com.wallet3 I/JPushModule: onCatalystInstanceDestroy
2018-12-07 15:17:17.145 19447-23818/com.wallet3 W/unknown:ViewManagerPropertyUpdater: Could not find generated setter for class com.facebook.react.views.art.ARTGroupShadowNode
2018-12-07 15:17:17.147 19447-23818/com.wallet3 W/unknown:ViewManagerPropertyUpdater: Could not find generated setter for class com.facebook.react.views.art.ARTShapeViewManager
2018-12-07 15:17:17.148 19447-23818/com.wallet3 W/unknown:ViewManagerPropertyUpdater: Could not find generated setter for class com.facebook.react.views.art.ARTShapeShadowNode
2018-12-07 15:17:17.150 19447-23818/com.wallet3 W/unknown:ViewManagerPropertyUpdater: Could not find generated setter for class com.facebook.react.views.art.ARTTextViewManager
2018-12-07 15:17:17.152 19447-23818/com.wallet3 W/unknown:ViewManagerPropertyUpdater: Could not find generated setter for class com.facebook.react.views.art.ARTTextShadowNode
2018-12-07 15:17:17.156 19447-23818/com.wallet3 W/unknown:ViewManagerPropertyUpdater: Could not find generated setter for class com.facebook.react.views.checkbox.ReactCheckBoxManager
2018-12-07 15:17:17.166 19447-23818/com.wallet3 W/unknown:ViewManagerPropertyUpdater: Could not find generated setter for class com.facebook.react.uimanager.LayoutShadowNode
2018-12-07 15:17:17.175 19447-23818/com.wallet3 W/unknown:ViewManagerPropertyUpdater: Could not find generated setter for class com.facebook.react.views.picker.ReactDialogPickerManager
2018-12-07 15:17:17.177 19447-23818/com.wallet3 W/unknown:ViewManagerPropertyUpdater: Could not find generated setter for class com.facebook.react.views.drawer.ReactDrawerLayoutManager
2018-12-07 15:17:17.178 19447-23818/com.wallet3 W/unknown:ViewManagerPropertyUpdater: Could not find generated setter for class com.facebook.react.views.picker.ReactDropdownPickerManager
2018-12-07 15:17:17.178 19447-23818/com.wallet3 W/unknown:ViewManagerPropertyUpdater: Could not find generated setter for class com.facebook.react.views.scroll.ReactHorizontalScrollViewManager
2018-12-07 15:17:17.179 19447-23818/com.wallet3 W/unknown:ViewManagerPropertyUpdater: Could not find generated setter for class com.facebook.react.views.scroll.ReactHorizontalScrollContainerViewManager
2018-12-07 15:17:17.179 19447-23818/com.wallet3 W/unknown:ViewManagerPropertyUpdater: Could not find generated setter for class com.facebook.react.views.progressbar.ReactProgressBarViewManager
2018-12-07 15:17:17.182 19447-23818/com.wallet3 W/unknown:ViewManagerPropertyUpdater: Could not find generated setter for class com.facebook.react.views.progressbar.ProgressBarShadowNode
2018-12-07 15:17:17.183 19447-23818/com.wallet3 W/unknown:ViewManagerPropertyUpdater: Could not find generated setter for class com.facebook.react.views.scroll.ReactScrollViewManager
2018-12-07 15:17:17.184 19447-23818/com.wallet3 W/unknown:ViewManagerPropertyUpdater: Could not find generated setter for class com.facebook.react.views.slider.ReactSliderManager
2018-12-07 15:17:17.184 19447-23818/com.wallet3 W/unknown:ViewManagerPropertyUpdater: Could not find generated setter for class com.facebook.react.views.slider.ReactSliderManager$ReactSliderShadowNode
2018-12-07 15:17:17.185 19447-23818/com.wallet3 W/unknown:ViewManagerPropertyUpdater: Could not find generated setter for class com.facebook.react.views.switchview.ReactSwitchManager
2018-12-07 15:17:17.185 19447-23818/com.wallet3 W/unknown:ViewManagerPropertyUpdater: Could not find generated setter for class com.facebook.react.views.switchview.ReactSwitchManager$ReactSwitchShadowNode
2018-12-07 15:17:17.186 19447-23818/com.wallet3 W/unknown:ViewManagerPropertyUpdater: Could not find generated setter for class com.facebook.react.views.toolbar.ReactToolbarManager
2018-12-07 15:17:17.186 19447-23818/com.wallet3 W/unknown:ViewManagerPropertyUpdater: Could not find generated setter for class com.facebook.react.views.webview.ReactWebViewManager
2018-12-07 15:17:17.188 19447-23818/com.wallet3 W/unknown:ViewManagerPropertyUpdater: Could not find generated setter for class com.facebook.react.views.swiperefresh.SwipeRefreshLayoutManager
2018-12-07 15:17:17.188 19447-23818/com.wallet3 W/unknown:ViewManagerPropertyUpdater: Could not find generated setter for class com.facebook.react.views.art.ARTSurfaceViewManager
2018-12-07 15:17:17.189 19447-23818/com.wallet3 W/unknown:ViewManagerPropertyUpdater: Could not find generated setter for class com.facebook.react.views.art.ARTSurfaceViewShadowNode
2018-12-07 15:17:17.190 19447-23818/com.wallet3 W/unknown:ViewManagerPropertyUpdater: Could not find generated setter for class com.facebook.react.views.text.frescosupport.FrescoBasedReactTextInlineImageViewManager
2018-12-07 15:17:17.190 19447-23818/com.wallet3 W/unknown:ViewManagerPropertyUpdater: Could not find generated setter for class com.facebook.react.views.text.frescosupport.FrescoBasedReactTextInlineImageShadowNode
2018-12-07 15:17:17.190 19447-23818/com.wallet3 W/unknown:ViewManagerPropertyUpdater: Could not find generated setter for class com.facebook.react.views.image.ReactImageManager
2018-12-07 15:17:17.192 19447-23818/com.wallet3 W/unknown:ViewManagerPropertyUpdater: Could not find generated setter for class com.facebook.react.views.modal.ReactModalHostManager
2018-12-07 15:17:17.194 19447-23818/com.wallet3 W/unknown:ViewManagerPropertyUpdater: Could not find generated setter for class com.facebook.react.views.modal.ModalHostShadowNode
2018-12-07 15:17:17.195 19447-23818/com.wallet3 W/unknown:ViewManagerPropertyUpdater: Could not find generated setter for class com.facebook.react.views.text.ReactRawTextManager
2018-12-07 15:17:17.196 19447-23818/com.wallet3 W/unknown:ViewManagerPropertyUpdater: Could not find generated setter for class com.facebook.react.views.text.ReactRawTextShadowNode
2018-12-07 15:17:17.196 19447-23818/com.wallet3 W/unknown:ViewManagerPropertyUpdater: Could not find generated setter for class com.facebook.react.views.textinput.ReactTextInputManager
2018-12-07 15:17:17.202 19447-23818/com.wallet3 W/unknown:ViewManagerPropertyUpdater: Could not find generated setter for class com.facebook.react.views.textinput.ReactTextInputShadowNode
2018-12-07 15:17:17.204 19447-23818/com.wallet3 W/unknown:ViewManagerPropertyUpdater: Could not find generated setter for class com.facebook.react.views.text.ReactTextViewManager
2018-12-07 15:17:17.207 19447-23818/com.wallet3 W/unknown:ViewManagerPropertyUpdater: Could not find generated setter for class com.facebook.react.views.text.ReactTextShadowNode
2018-12-07 15:17:17.207 19447-23818/com.wallet3 W/unknown:ViewManagerPropertyUpdater: Could not find generated setter for class com.facebook.react.views.view.ReactViewManager
2018-12-07 15:17:17.209 19447-23818/com.wallet3 W/unknown:ViewManagerPropertyUpdater: Could not find generated setter for class com.facebook.react.views.viewpager.ReactViewPagerManager
2018-12-07 15:17:17.209 19447-23818/com.wallet3 W/unknown:ViewManagerPropertyUpdater: Could not find generated setter for class com.facebook.react.views.text.ReactVirtualTextViewManager
2018-12-07 15:17:17.210 19447-23818/com.wallet3 W/unknown:ViewManagerPropertyUpdater: Could not find generated setter for class com.facebook.react.views.text.ReactVirtualTextShadowNode
2018-12-07 15:17:17.211 19447-23818/com.wallet3 W/unknown:ViewManagerPropertyUpdater: Could not find generated setter for class io.jchat.android.BubbleMsgManager
2018-12-07 15:17:17.214 19447-23818/com.wallet3 W/unknown:ViewManagerPropertyUpdater: Could not find generated setter for class com.lwansbrough.RCTCamera.RCTCameraViewManager
2018-12-07 15:17:17.216 19447-23818/com.wallet3 W/unknown:ViewManagerPropertyUpdater: Could not find generated setter for class cn.jiguang.imui.messagelist.viewmanager.ReactMsgListManager
2018-12-07 15:17:17.218 19447-23818/com.wallet3 W/unknown:ViewManagerPropertyUpdater: Could not find generated setter for class cn.jiguang.imui.messagelist.viewmanager.ReactChatInputManager
2018-12-07 15:17:17.222 19447-23818/com.wallet3 V/JSRealm: setDefaultRealmFileDirectory
2018-12-07 15:17:17.222 19447-23818/com.wallet3 D/JSRealm: Absolute path: /data/data/com.wallet3/files
2018-12-07 15:17:17.223 19447-23818/com.wallet3 D/ReactNative: Initializing React Xplat Bridge.
2018-12-07 15:17:17.227 19447-23818/com.wallet3 D/ReactNative: Initializing React Xplat Bridge before initializeBridge
2018-12-07 15:17:17.237 19447-23818/com.wallet3 D/ReactNative: Initializing React Xplat Bridge after initializeBridge
2018-12-07 15:17:17.237 19447-23818/com.wallet3 D/ReactNative: CatalystInstanceImpl.runJSBundle()
2018-12-07 15:17:17.238 19447-23823/com.wallet3 D/ReactNative: ReactInstanceManager.setupReactContext()
2018-12-07 15:17:17.238 19447-23823/com.wallet3 D/ReactNative: CatalystInstanceImpl.initialize()
2018-12-07 15:17:17.239 19447-19447/com.wallet3 W/unknown:ReactNative: Packager connection already open, nooping.
2018-12-07 15:17:17.240 19447-23823/com.wallet3 D/JPushModule: onHostResume
2018-12-07 15:17:17.244 19447-23823/com.wallet3 D/JPushModule: onHostResume
2018-12-07 15:17:17.244 19447-23823/com.wallet3 D/ReactNative: ReactInstanceManager.attachRootViewToInstance()
2018-12-07 15:17:17.356 19447-23820/com.wallet3 D/ReactNative: CatalystInstanceImpl.destroy() end
2018-12-07 15:17:17.915 19447-23822/com.wallet3 W/ReactNativeJS: The StackNavigator function name is deprecated, please use createStackNavigator instead
2018-12-07 15:17:17.938 19447-23822/com.wallet3 I/chatty: uid=10095(com.wallet3) mqt_js identical 1 line
2018-12-07 15:17:17.941 19447-23822/com.wallet3 W/ReactNativeJS: The StackNavigator function name is deprecated, please use createStackNavigator instead
2018-12-07 15:17:17.998 19447-23822/com.wallet3 W/ReactNativeJS: TabNavigator is deprecated. Please use the createBottomTabNavigator or createMaterialTopTabNavigator instead.
2018-12-07 15:17:18.013 19447-23822/com.wallet3 W/ReactNativeJS: The StackNavigator function name is deprecated, please use createStackNavigator instead
2018-12-07 15:17:18.022 19447-23822/com.wallet3 I/ReactNativeJS: Running application "Wallet3" with appParams: {"rootTag":21}. __DEV__ === true, development-level warning are ON, performance optimizations are OFF
2018-12-07 15:17:18.396 19447-23822/com.wallet3 W/ReactNativeJS: Warning: isMounted(...) is deprecated in plain JavaScript React classes. Instead, make sure to clean up subscriptions and pending requests in componentWillUnmount to prevent memory leaks.
2018-12-07 15:17:18.425 19447-23822/com.wallet3 I/chatty: uid=10095(com.wallet3) mqt_js identical 7 lines
2018-12-07 15:17:18.428 19447-23822/com.wallet3 W/ReactNativeJS: Warning: isMounted(...) is deprecated in plain JavaScript React classes. Instead, make sure to clean up subscriptions and pending requests in componentWillUnmount to prevent memory leaks.
2018-12-07 15:17:21.168 19447-19447/com.wallet3 I/AssistStructure: Flattened final assist data: 5788 bytes, containing 1 windows, 20 views
2018-12-07 15:17:23.996 19447-19447/com.wallet3 I/AssistStructure: Flattened final assist data: 5804 bytes, containing 1 windows, 20 views
2018-12-07 15:17:27.242 19447-23823/com.wallet3 I/JMessageModule: username: user1 is logging in
2018-12-07 15:17:27.303 19447-19505/com.wallet3 D/EGL_emulation: eglMakeCurrent: 0xddb7ade0: ver 3 0 (tinfo 0xca85a110)
2018-12-07 15:17:28.752 19447-19505/com.wallet3 I/chatty: uid=10095(com.wallet3) RenderThread identical 2 lines
2018-12-07 15:17:28.760 19447-19505/com.wallet3 D/EGL_emulation: eglMakeCurrent: 0xddb7ade0: ver 3 0 (tinfo 0xca85a110)
2018-12-07 15:17:28.762 19447-19505/com.wallet3 D/OpenGLRenderer: endAllActiveAnimators on 0xb88e7d00 (RippleDrawable) with handle 0xca70d280
2018-12-07 15:17:28.791 19447-19505/com.wallet3 D/EGL_emulation: eglMakeCurrent: 0xddb7ade0: ver 3 0 (tinfo 0xca85a110)
2018-12-07 15:17:33.971 19447-19447/com.wallet3 I/AssistStructure: Flattened final assist data: 5820 bytes, containing 1 windows, 20 views
2018-12-07 15:17:37.005 19447-19447/com.wallet3 I/AssistStructure: Flattened final assist data: 5836 bytes, containing 1 windows, 20 views
2018-12-07 15:17:43.486 19447-19618/com.wallet3 D/JIGUANG-JMessage: [RequestingThread] Action - sendRequestInternal - connection:, timeout:300000, threadId:1018
2018-12-07 15:17:43.489 19447-19618/com.wallet3 D/JIGUANG-JMessage: [RequestingThread] Action - sendCommandWithLoggedIn
2018-12-07 15:17:43.490 19447-19618/com.wallet3 D/JIGUANG-JMessage: [RequestingThread] request is [Requesting] - timeout:290000, times:1, request:[Request] - [JHead] - len:0, version:1, command:100, rid:15324, sid:44007, juid:20163561480
2018-12-07 15:17:43.490 19447-19618/com.wallet3 D/JIGUANG-JMessage: [RequestingThread] Request params - cmd:100
2018-12-07 15:17:43.599 19447-20471/com.wallet3 D/JIGUANG-JMessage: [b] processIMData type : im_response
2018-12-07 15:17:43.600 19447-20471/com.wallet3 D/JIGUANG-JMessage: [ResponseProcessor] IMCMD:3
2018-12-07 15:17:43.600 19447-20471/com.wallet3 D/JMessageModule: 登录状态改变事件：event = cn.jpush.im.android.api.event.LoginStateChangeEvent@1633003
2018-12-07 15:17:43.601 19447-20471/com.wallet3 W/unknown:ReactNative: Calling JS function after bridge has been destroyed: RCTDeviceEventEmitter.emit(["JMessage.LoginStateChanged",{"type":"user_login_status_unexpected"}])
2018-12-07 15:17:43.601 19447-20471/com.wallet3 D/JMessageModule: 登录状态改变事件：event = cn.jpush.im.android.api.event.LoginStateChangeEvent@1633003
2018-12-07 15:17:43.601 19447-20471/com.wallet3 W/unknown:ReactNative: Calling JS function after bridge has been destroyed: RCTDeviceEventEmitter.emit(["JMessage.LoginStateChanged",{"type":"user_login_status_unexpected"}])
2018-12-07 15:17:43.601 19447-20471/com.wallet3 D/JMessageModule: 登录状态改变事件：event = cn.jpush.im.android.api.event.LoginStateChangeEvent@1633003
2018-12-07 15:17:43.602 19447-19618/com.wallet3 D/JIGUANG-JMessage: [RequestingThread] Action - sendRequestInternal - connection:, timeout:60000, threadId:1018
2018-12-07 15:17:43.603 19447-19618/com.wallet3 D/JIGUANG-JMessage: [RequestingThread] Action - sendCommandWithLoggedIn
2018-12-07 15:17:43.603 19447-19618/com.wallet3 D/JIGUANG-JMessage: [RequestingThread] request is [Requesting] - timeout:50000, times:1, request:[Request] - [JHead] - len:0, version:1, command:100, rid:15326, sid:44007, juid:20163561480
2018-12-07 15:17:43.603 19447-19618/com.wallet3 D/JIGUANG-JMessage: [RequestingThread] Request params - cmd:100
2018-12-07 15:17:43.604 19447-20471/com.wallet3 I/JIGUANG-JMessage: [RequestProcessor] SyncCheck stopped
2018-12-07 15:17:43.605 19447-20471/com.wallet3 W/JIGUANG-JMessage: [ImBaseRequest] response code is handled,return from parse response.
2018-12-07 15:17:43.605 19447-20471/com.wallet3 E/JIGUANG-JMessage: [CommonUtils] [getConversation] have not logged in!
2018-12-07 15:17:43.605 19447-20471/com.wallet3 W/JIGUANG-JMessage: [MsgRequest] conversation is null!update message status failed !
2018-12-07 15:17:43.626 19447-19447/com.wallet3 E/JIGUANG-JMessage: [CommonUtils] [getFromUser] have not logged in!
2018-12-07 15:17:43.787 19447-19505/com.wallet3 D/EGL_emulation: eglMakeCurrent: 0xddb7ade0: ver 3 0 (tinfo 0xca85a110)
2018-12-07 15:17:43.836 19447-19505/com.wallet3 D/EGL_emulation: eglMakeCurrent: 0xddb7ade0: ver 3 0 (tinfo 0xca85a110)
2018-12-07 15:17:43.852 19447-19505/com.wallet3 D/EGL_emulation: eglMakeCurrent: 0xddb7ade0: ver 3 0 (tinfo 0xca85a110)
2018-12-07 15:17:43.852 19447-20471/com.wallet3 D/JIGUANG-JMessage: [b] processIMData type : im_response
2018-12-07 15:17:43.853 19447-20471/com.wallet3 D/JIGUANG-JMessage: [ResponseProcessor] IMCMD:2
2018-12-07 15:17:43.853 19447-20471/com.wallet3 E/JIGUANG-JMessage: [CommonUtils] [handleIMResponse] have not logged in!
2018-12-07 15:17:43.860 19447-19505/com.wallet3 D/EGL_emulation: eglMakeCurrent: 0xddb7ade0: ver 3 0 (tinfo 0xca85a110)
2018-12-07 15:17:45.323 19447-19505/com.wallet3 I/chatty: uid=10095(com.wallet3) RenderThread identical 1 line
2018-12-07 15:17:45.805 19447-19505/com.wallet3 D/EGL_emulation: eglMakeCurrent: 0xddb7ade0: ver 3 0 (tinfo 0xca85a110)
2018-12-07 15:17:45.806 19447-19505/com.wallet3 D/OpenGLRenderer: endAllActiveAnimators on 0xbaecba00 (RippleDrawable) with handle 0xca5a1fa0
2018-12-07 15:17:45.839 19447-19505/com.wallet3 D/EGL_emulation: eglMakeCurrent: 0xddb7ade0: ver 3 0 (tinfo 0xca85a110)
2018-12-07 15:17:48.336 19447-23823/com.wallet3 I/JMessageModule: username: user1 is logging in
2018-12-07 15:17:48.341 19447-19618/com.wallet3 D/JIGUANG-JMessage: [RequestingThread] Action - sendRequestInternal - connection:, timeout:60000, threadId:1018
2018-12-07 15:17:48.342 19447-19618/com.wallet3 D/JIGUANG-JMessage: [RequestingThread] Action - sendCommandWithLoggedIn
2018-12-07 15:17:48.342 19447-19618/com.wallet3 D/JIGUANG-JMessage: [RequestingThread] request is [Requesting] - timeout:50000, times:1, request:[Request] - [JHead] - len:0, version:1, command:100, rid:15328, sid:44007, juid:20163561480
2018-12-07 15:17:48.342 19447-19618/com.wallet3 D/JIGUANG-JMessage: [RequestingThread] Request params - cmd:100
2018-12-07 15:17:48.567 19447-20471/com.wallet3 D/JIGUANG-JMessage: [b] processIMData type : im_response
2018-12-07 15:17:48.571 19447-20471/com.wallet3 D/JIGUANG-JMessage: [ResponseProcessor] IMCMD:1
2018-12-07 15:17:48.575 19447-23868/com.wallet3 I/JIGUANG-JMessage: [RequestProcessor] start SyncCheck
2018-12-07 15:17:48.687 19447-19505/com.wallet3 D/EGL_emulation: eglMakeCurrent: 0xddb7ade0: ver 3 0 (tinfo 0xca85a110)
2018-12-07 15:17:48.725 19447-19505/com.wallet3 D/EGL_emulation: eglMakeCurrent: 0xddb7ade0: ver 3 0 (tinfo 0xca85a110)
2018-12-07 15:17:50.239 19447-19505/com.wallet3 D/EGL_emulation: eglMakeCurrent: 0xddb7ade0: ver 3 0 (tinfo 0xca85a110)
2018-12-07 15:17:50.246 19447-19505/com.wallet3 D/EGL_emulation: eglMakeCurrent: 0xddb7ade0: ver 3 0 (tinfo 0xca85a110)
2018-12-07 15:17:50.248 19447-19505/com.wallet3 D/OpenGLRenderer: endAllActiveAnimators on 0xb9823500 (RippleDrawable) with handle 0xb9957770
2018-12-07 15:17:50.273 19447-19505/com.wallet3 D/EGL_emulation: eglMakeCurrent: 0xddb7ade0: ver 3 0 (tinfo 0xca85a110)
2018-12-07 15:17:50.582 19447-19618/com.wallet3 D/JIGUANG-JMessage: [RequestingThread] Action - sendRequestInternal - connection:, timeout:60000, threadId:1018
2018-12-07 15:17:50.584 19447-19618/com.wallet3 D/JIGUANG-JMessage: [RequestingThread] Action - sendCommandWithLoggedIn
2018-12-07 15:17:50.584 19447-19618/com.wallet3 D/JIGUANG-JMessage: [RequestingThread] request is [Requesting] - timeout:50000, times:1, request:[Request] - [JHead] - len:0, version:1, command:100, rid:15330, sid:44007, juid:20163561480
2018-12-07 15:17:50.584 19447-19618/com.wallet3 D/JIGUANG-JMessage: [RequestingThread] Request params - cmd:100
2018-12-07 15:17:50.687 19447-19556/com.wallet3 D/JIGUANG-JMessage: [b] processIMData type : im_response
2018-12-07 15:17:50.687 19447-19556/com.wallet3 D/JIGUANG-JMessage: [ResponseProcessor] IMCMD:39
2018-12-07 15:17:50.779 19447-19556/com.wallet3 D/JIGUANG-JMessage: [b] processIMData type : im_response
2018-12-07 15:17:50.780 19447-19556/com.wallet3 D/JIGUANG-JMessage: [ResponseProcessor] IMCMD:40
2018-12-07 15:17:50.780 19447-19556/com.wallet3 D/JIGUANG-JMessage: [SyncRespBaseHandler] sync resp received , uid = 199400809
2018-12-07 15:17:50.780 19447-19556/com.wallet3 I/JIGUANG-JMessage: [SyncRespBaseHandler] [PageReceived] receive page . page no = 1 page = cn.jpush.im.android.c.b.f$m@ab58c46
2018-12-07 15:17:50.781 19447-19556/com.wallet3 I/JIGUANG-JMessage: [SyncRespBaseHandler] [PageReceived] cached page no[1]
2018-12-07 15:17:50.781 19447-19556/com.wallet3 D/JIGUANG-JMessage: [SyncRespBaseHandler] [PageReceived]start convLocalize conv pages. total page 1
2018-12-07 15:17:50.788 19447-23887/com.wallet3 I/JIGUANG-JMessage: [SyncConvRespHandler]  conv id = 199400809_204114154 new list totalCount = 1 old list totalCount = 0
2018-12-07 15:17:50.790 19447-23887/com.wallet3 D/JIGUANG-JMessage: [SyncRespBaseHandler] conversation localize finished. status code = -100
2018-12-07 15:17:50.790 19447-23887/com.wallet3 I/JIGUANG-JMessage: [SyncConvRespHandler] send sync conv ack back == synckey is 1544166970787
2018-12-07 15:17:50.791 19447-23887/com.wallet3 I/JIGUANG-JMessage: [SyncRespBaseHandler] sync resp finished. code = 0 desc = Success
2018-12-07 15:17:50.791 19447-19618/com.wallet3 D/JIGUANG-JMessage: [RequestingThread] Action - sendRequestInternal - connection:, timeout:60000, threadId:1018
2018-12-07 15:17:50.792 19447-19618/com.wallet3 D/JIGUANG-JMessage: [RequestingThread] Action - sendCommandWithLoggedIn
2018-12-07 15:17:50.792 19447-19618/com.wallet3 D/JIGUANG-JMessage: [RequestingThread] request is [Requesting] - timeout:50000, times:1, request:[Request] - [JHead] - len:0, version:1, command:100, rid:15332, sid:44007, juid:20163561480
2018-12-07 15:17:50.793 19447-19618/com.wallet3 D/JIGUANG-JMessage: [RequestingThread] Request params - cmd:100
2018-12-07 15:17:51.356 19447-19618/com.wallet3 D/JIGUANG-JMessage: [RequestingThread] Action - sendRequestInternal - connection:, timeout:300000, threadId:1018
2018-12-07 15:17:51.357 19447-19618/com.wallet3 D/JIGUANG-JMessage: [RequestingThread] Action - sendCommandWithLoggedIn
2018-12-07 15:17:51.357 19447-19618/com.wallet3 D/JIGUANG-JMessage: [RequestingThread] request is [Requesting] - timeout:290000, times:1, request:[Request] - [JHead] - len:0, version:1, command:100, rid:15334, sid:44007, juid:20163561480
2018-12-07 15:17:51.357 19447-19618/com.wallet3 D/JIGUANG-JMessage: [RequestingThread] Request params - cmd:100
2018-12-07 15:17:52.098 19447-19556/com.wallet3 D/JIGUANG-JMessage: [b] processIMData type : im_response
2018-12-07 15:17:52.099 19447-19556/com.wallet3 D/JIGUANG-JMessage: [ResponseProcessor] IMCMD:3
2018-12-07 15:17:52.104 19447-23893/com.wallet3 D/JIGUANG-JMessage: [MsgRequest] send message success. id = 2195541598 cTimeMS = 1544167072386
2018-12-07 15:17:52.150 19447-19505/com.wallet3 D/EGL_emulation: eglMakeCurrent: 0xddb7ade0: ver 3 0 (tinfo 0xca85a110)
2018-12-07 15:17:52.201 19447-19505/com.wallet3 D/EGL_emulation: eglMakeCurrent: 0xddb7ade0: ver 3 0 (tinfo 0xca85a110)
2018-12-07 15:17:53.411 19447-19505/com.wallet3 D/EGL_emulation: eglMakeCurrent: 0xddb7ade0: ver 3 0 (tinfo 0xca85a110)
2018-12-07 15:17:53.420 19447-19505/com.wallet3 D/EGL_emulation: eglMakeCurrent: 0xddb7ade0: ver 3 0 (tinfo 0xca85a110)
2018-12-07 15:17:53.422 19447-19505/com.wallet3 D/OpenGLRenderer: endAllActiveAnimators on 0xb96d7700 (RippleDrawable) with handle 0xb96de010
2018-12-07 15:17:53.481 19447-19505/com.wallet3 D/EGL_emulation: eglMakeCurrent: 0xddb7ade0: ver 3 0 (tinfo 0xca85a110)
2018-12-07 15:18:20.401 19447-19618/com.wallet3 D/JIGUANG-JMessage: [RequestingThread] Action - sendRequestInternal - connection:, timeout:300000, threadId:1018
2018-12-07 15:18:20.403 19447-19618/com.wallet3 D/JIGUANG-JMessage: [RequestingThread] Action - sendCommandWithLoggedIn
2018-12-07 15:18:20.403 19447-19618/com.wallet3 D/JIGUANG-JMessage: [RequestingThread] request is [Requesting] - timeout:290000, times:1, request:[Request] - [JHead] - len:0, version:1, command:100, rid:15336, sid:44007, juid:20163561480
2018-12-07 15:18:20.403 19447-19618/com.wallet3 D/JIGUANG-JMessage: [RequestingThread] Request params - cmd:100
2018-12-07 15:18:20.512 19447-19476/com.wallet3 D/JIGUANG-JMessage: [b] processIMData type : im_response
2018-12-07 15:18:20.513 19447-19476/com.wallet3 D/JIGUANG-JMessage: [ResponseProcessor] IMCMD:3
2018-12-07 15:18:20.513 19447-19476/com.wallet3 D/JMessageModule: 登录状态改变事件：event = cn.jpush.im.android.api.event.LoginStateChangeEvent@3f61aa9
2018-12-07 15:18:20.513 19447-19476/com.wallet3 W/unknown:ReactNative: Calling JS function after bridge has been destroyed: RCTDeviceEventEmitter.emit(["JMessage.LoginStateChanged",{"type":"user_login_status_unexpected"}])
2018-12-07 15:18:20.513 19447-19476/com.wallet3 D/JMessageModule: 登录状态改变事件：event = cn.jpush.im.android.api.event.LoginStateChangeEvent@3f61aa9
2018-12-07 15:18:20.514 19447-19476/com.wallet3 W/unknown:ReactNative: Calling JS function after bridge has been destroyed: RCTDeviceEventEmitter.emit(["JMessage.LoginStateChanged",{"type":"user_login_status_unexpected"}])
2018-12-07 15:18:20.514 19447-19476/com.wallet3 D/JMessageModule: 登录状态改变事件：event = cn.jpush.im.android.api.event.LoginStateChangeEvent@3f61aa9
2018-12-07 15:18:20.515 19447-19618/com.wallet3 D/JIGUANG-JMessage: [RequestingThread] Action - sendRequestInternal - connection:, timeout:60000, threadId:1018
2018-12-07 15:18:20.516 19447-19618/com.wallet3 D/JIGUANG-JMessage: [RequestingThread] Action - sendCommandWithLoggedIn
2018-12-07 15:18:20.516 19447-19618/com.wallet3 D/JIGUANG-JMessage: [RequestingThread] request is [Requesting] - timeout:50000, times:1, request:[Request] - [JHead] - len:0, version:1, command:100, rid:15338, sid:44007, juid:20163561480
2018-12-07 15:18:20.516 19447-19618/com.wallet3 D/JIGUANG-JMessage: [RequestingThread] Request params - cmd:100
2018-12-07 15:18:20.518 19447-19476/com.wallet3 I/JIGUANG-JMessage: [RequestProcessor] SyncCheck stopped
2018-12-07 15:18:20.519 19447-19476/com.wallet3 W/JIGUANG-JMessage: [ImBaseRequest] response code is handled,return from parse response.
2018-12-07 15:18:20.520 19447-19476/com.wallet3 E/JIGUANG-JMessage: [CommonUtils] [getConversation] have not logged in!
2018-12-07 15:18:20.520 19447-19476/com.wallet3 W/JIGUANG-JMessage: [MsgRequest] conversation is null!update message status failed !
2018-12-07 15:18:20.554 19447-19447/com.wallet3 E/JIGUANG-JMessage: [CommonUtils] [getFromUser] have not logged in!
2018-12-07 15:18:20.589 19447-19505/com.wallet3 D/EGL_emulation: eglMakeCurrent: 0xddb7ade0: ver 3 0 (tinfo 0xca85a110)
2018-12-07 15:18:20.594 19447-19505/com.wallet3 D/EGL_emulation: eglMakeCurrent: 0xddb7ade0: ver 3 0 (tinfo 0xca85a110)
2018-12-07 15:18:20.653 19447-19473/com.wallet3 W/System: A resource failed to call close. 
2018-12-07 15:18:20.653 19447-19473/com.wallet3 W/SQLiteConnectionPool: A SQLiteConnection object for database '/data/user/0/com.wallet3/databases/199400809jpushim.db' was leaked!  Please fix your application to end transactions in progress properly and to close the database when it is no longer needed.
2018-12-07 15:18:20.653 19447-19473/com.wallet3 W/System: A resource failed to call close. 
2018-12-07 15:18:20.654 19447-19473/com.wallet3 W/System: A resource failed to call close. 
2018-12-07 15:18:20.713 19447-19473/com.wallet3 W/System: A resource failed to call close. 
2018-12-07 15:18:20.738 19447-19505/com.wallet3 D/EGL_emulation: eglMakeCurrent: 0xddb7ade0: ver 3 0 (tinfo 0xca85a110)
2018-12-07 15:18:20.770 19447-19505/com.wallet3 D/EGL_emulation: eglMakeCurrent: 0xddb7ade0: ver 3 0 (tinfo 0xca85a110)
2018-12-07 15:18:20.777 19447-19505/com.wallet3 D/EGL_emulation: eglMakeCurrent: 0xddb7ade0: ver 3 0 (tinfo 0xca85a110)
2018-12-07 15:18:20.795 19447-19505/com.wallet3 D/EGL_emulation: eglMakeCurrent: 0xddb7ade0: ver 3 0 (tinfo 0xca85a110)
2018-12-07 15:18:20.803 19447-19556/com.wallet3 D/JIGUANG-JMessage: [b] processIMData type : im_response
2018-12-07 15:18:20.804 19447-19556/com.wallet3 D/JIGUANG-JMessage: [ResponseProcessor] IMCMD:2
2018-12-07 15:18:20.804 19447-19556/com.wallet3 E/JIGUANG-JMessage: [CommonUtils] [handleIMResponse] have not logged in!
2018-12-07 15:18:20.833 19447-19505/com.wallet3 D/EGL_emulation: eglMakeCurrent: 0xddb7ade0: ver 3 0 (tinfo 0xca85a110)
2018-12-07 15:18:22.345 19447-19505/com.wallet3 D/EGL_emulation: eglMakeCurrent: 0xddb7ade0: ver 3 0 (tinfo 0xca85a110)
2018-12-07 15:18:22.623 19447-19505/com.wallet3 D/EGL_emulation: eglMakeCurrent: 0xddb7ade0: ver 3 0 (tinfo 0xca85a110)
2018-12-07 15:18:22.624 19447-19505/com.wallet3 D/OpenGLRenderer: endAllActiveAnimators on 0xc8c93e80 (RippleDrawable) with handle 0xb96def20
2018-12-07 15:18:22.646 19447-19505/com.wallet3 D/EGL_emulation: eglMakeCurrent: 0xddb7ade0: ver 3 0 (tinfo 0xca85a110)
2018-12-07 15:18:26.817 19447-23823/com.wallet3 E/JIGUANG-JMessage: [CommonUtils] [createConversation] have not logged in!
2018-12-07 15:18:26.817 19447-23823/com.wallet3 W/JIGUANG-JMessage: [ConversationManager] parameter invalid! put to map failed!
2018-12-07 15:18:26.818 19447-23823/com.wallet3 W/System.err: java.lang.NullPointerException: Attempt to invoke virtual method 'cn.jpush.im.android.api.model.Message cn.jpush.im.android.api.model.Conversation.createSendMessage(cn.jpush.im.android.api.content.MessageContent)' on a null object reference
2018-12-07 15:18:26.818 19447-23823/com.wallet3 W/System.err:     at io.jchat.android.JMessageModule.createSendMessage(JMessageModule.java:365)
2018-12-07 15:18:26.818 19447-23823/com.wallet3 W/System.err:     at java.lang.reflect.Method.invoke(Native Method)
2018-12-07 15:18:26.818 19447-23823/com.wallet3 W/System.err:     at com.facebook.react.bridge.JavaMethodWrapper.invoke(JavaMethodWrapper.java:372)
2018-12-07 15:18:26.818 19447-23823/com.wallet3 W/System.err:     at com.facebook.react.bridge.JavaModuleWrapper.invoke(JavaModuleWrapper.java:160)
2018-12-07 15:18:26.818 19447-23823/com.wallet3 W/System.err:     at com.facebook.react.bridge.queue.NativeRunnable.run(Native Method)
2018-12-07 15:18:26.818 19447-23823/com.wallet3 W/System.err:     at android.os.Handler.handleCallback(Handler.java:873)
2018-12-07 15:18:26.818 19447-23823/com.wallet3 W/System.err:     at android.os.Handler.dispatchMessage(Handler.java:99)
2018-12-07 15:18:26.818 19447-23823/com.wallet3 W/System.err:     at com.facebook.react.bridge.queue.MessageQueueThreadHandler.dispatchMessage(MessageQueueThreadHandler.java:29)
2018-12-07 15:18:26.819 19447-23823/com.wallet3 W/System.err:     at android.os.Looper.loop(Looper.java:193)
2018-12-07 15:18:26.819 19447-23823/com.wallet3 W/System.err:     at com.facebook.react.bridge.queue.MessageQueueThreadImpl$3.run(MessageQueueThreadImpl.java:192)
2018-12-07 15:18:26.819 19447-23823/com.wallet3 W/System.err:     at java.lang.Thread.run(Thread.java:764)
2018-12-07 15:18:26.839 19447-23823/com.wallet3 E/JIGUANG-JMessage: [CommonUtils] [createConversation] have not logged in!
2018-12-07 15:18:26.840 19447-23823/com.wallet3 W/JIGUANG-JMessage: [ConversationManager] parameter invalid! put to map failed!
2018-12-07 15:18:26.840 19447-23823/com.wallet3 W/System.err: com.facebook.react.bridge.NoSuchKeyException: id
2018-12-07 15:18:26.840 19447-23823/com.wallet3 W/System.err:     at com.facebook.react.bridge.ReadableNativeMap.getNullableValue(ReadableNativeMap.java:128)
2018-12-07 15:18:26.840 19447-23823/com.wallet3 W/System.err:     at com.facebook.react.bridge.ReadableNativeMap.getString(ReadableNativeMap.java:168)
2018-12-07 15:18:26.840 19447-23823/com.wallet3 W/System.err:     at io.jchat.android.JMessageModule.sendMessage(JMessageModule.java:378)
2018-12-07 15:18:26.840 19447-23823/com.wallet3 W/System.err:     at java.lang.reflect.Method.invoke(Native Method)
2018-12-07 15:18:26.840 19447-23823/com.wallet3 W/System.err:     at com.facebook.react.bridge.JavaMethodWrapper.invoke(JavaMethodWrapper.java:372)
2018-12-07 15:18:26.840 19447-23823/com.wallet3 W/System.err:     at com.facebook.react.bridge.JavaModuleWrapper.invoke(JavaModuleWrapper.java:160)
2018-12-07 15:18:26.840 19447-23823/com.wallet3 W/System.err:     at com.facebook.react.bridge.queue.NativeRunnable.run(Native Method)
2018-12-07 15:18:26.840 19447-23823/com.wallet3 W/System.err:     at android.os.Handler.handleCallback(Handler.java:873)
2018-12-07 15:18:26.840 19447-23823/com.wallet3 W/System.err:     at android.os.Handler.dispatchMessage(Handler.java:99)
2018-12-07 15:18:26.840 19447-23823/com.wallet3 W/System.err:     at com.facebook.react.bridge.queue.MessageQueueThreadHandler.dispatchMessage(MessageQueueThreadHandler.java:29)
2018-12-07 15:18:26.840 19447-23823/com.wallet3 W/System.err:     at android.os.Looper.loop(Looper.java:193)
2018-12-07 15:18:26.841 19447-23823/com.wallet3 W/System.err:     at com.facebook.react.bridge.queue.MessageQueueThreadImpl$3.run(MessageQueueThreadImpl.java:192)
2018-12-07 15:18:26.841 19447-23823/com.wallet3 W/System.err:     at java.lang.Thread.run(Thread.java:764)
2018-12-07 15:18:26.951 19447-19505/com.wallet3 D/EGL_emulation: eglMakeCurrent: 0xddb7ade0: ver 3 0 (tinfo 0xca85a110)
2018-12-07 15:18:26.958 19447-19505/com.wallet3 D/EGL_emulation: eglMakeCurrent: 0xddb7ade0: ver 3 0 (tinfo 0xca85a110)
2018-12-07 15:18:26.984 19447-19505/com.wallet3 D/EGL_emulation: eglMakeCurrent: 0xddb7ade0: ver 3 0 (tinfo 0xca85a110)
2018-12-07 15:18:28.258 19447-19505/com.wallet3 I/chatty: uid=10095(com.wallet3) RenderThread identical 5 lines
2018-12-07 15:18:28.266 19447-19505/com.wallet3 D/EGL_emulation: eglMakeCurrent: 0xddb7ade0: ver 3 0 (tinfo 0xca85a110)
2018-12-07 15:18:28.268 19447-19505/com.wallet3 D/OpenGLRenderer: endAllActiveAnimators on 0xb7e46680 (RippleDrawable) with handle 0xc9fbfaa0
2018-12-07 15:18:28.295 19447-19505/com.wallet3 D/EGL_emulation: eglMakeCurrent: 0xddb7ade0: ver 3 0 (tinfo 0xca85a110)
2018-12-07 15:18:30.145 19447-23823/com.wallet3 I/JMessageModule: username: user1 is logging in
2018-12-07 15:18:30.150 19447-19618/com.wallet3 D/JIGUANG-JMessage: [RequestingThread] Action - sendRequestInternal - connection:, timeout:60000, threadId:1018
2018-12-07 15:18:30.151 19447-19618/com.wallet3 D/JIGUANG-JMessage: [RequestingThread] Action - sendCommandWithLoggedIn
2018-12-07 15:18:30.151 19447-19618/com.wallet3 D/JIGUANG-JMessage: [RequestingThread] request is [Requesting] - timeout:50000, times:1, request:[Request] - [JHead] - len:0, version:1, command:100, rid:15340, sid:44007, juid:20163561480
2018-12-07 15:18:30.151 19447-19618/com.wallet3 D/JIGUANG-JMessage: [RequestingThread] Request params - cmd:100
2018-12-07 15:18:30.319 19447-19476/com.wallet3 D/JIGUANG-JMessage: [b] processIMData type : im_response
2018-12-07 15:18:30.326 19447-19476/com.wallet3 D/JIGUANG-JMessage: [ResponseProcessor] IMCMD:1
2018-12-07 15:18:30.330 19447-23933/com.wallet3 I/JIGUANG-JMessage: [RequestProcessor] start SyncCheck
2018-12-07 15:18:30.452 19447-19505/com.wallet3 D/EGL_emulation: eglMakeCurrent: 0xddb7ade0: ver 3 0 (tinfo 0xca85a110)
2018-12-07 15:18:30.487 19447-19505/com.wallet3 D/EGL_emulation: eglMakeCurrent: 0xddb7ade0: ver 3 0 (tinfo 0xca85a110)
2018-12-07 15:18:31.819 19447-19505/com.wallet3 D/EGL_emulation: eglMakeCurrent: 0xddb7ade0: ver 3 0 (tinfo 0xca85a110)
2018-12-07 15:18:31.828 19447-19505/com.wallet3 D/EGL_emulation: eglMakeCurrent: 0xddb7ade0: ver 3 0 (tinfo 0xca85a110)
2018-12-07 15:18:31.829 19447-19505/com.wallet3 D/OpenGLRenderer: endAllActiveAnimators on 0xb9879f80 (RippleDrawable) with handle 0xca478a90
2018-12-07 15:18:31.857 19447-19505/com.wallet3 D/EGL_emulation: eglMakeCurrent: 0xddb7ade0: ver 3 0 (tinfo 0xca85a110)
2018-12-07 15:18:32.334 19447-19618/com.wallet3 D/JIGUANG-JMessage: [RequestingThread] Action - sendRequestInternal - connection:, timeout:60000, threadId:1018
2018-12-07 15:18:32.336 19447-19618/com.wallet3 D/JIGUANG-JMessage: [RequestingThread] Action - sendCommandWithLoggedIn
2018-12-07 15:18:32.336 19447-19618/com.wallet3 D/JIGUANG-JMessage: [RequestingThread] request is [Requesting] - timeout:50000, times:1, request:[Request] - [JHead] - len:0, version:1, command:100, rid:15342, sid:44007, juid:20163561480
2018-12-07 15:18:32.336 19447-19618/com.wallet3 D/JIGUANG-JMessage: [RequestingThread] Request params - cmd:100
2018-12-07 15:18:32.443 19447-19556/com.wallet3 D/JIGUANG-JMessage: [b] processIMData type : im_response
2018-12-07 15:18:32.444 19447-19556/com.wallet3 D/JIGUANG-JMessage: [ResponseProcessor] IMCMD:39
2018-12-07 15:18:32.521 19447-19556/com.wallet3 D/JIGUANG-JMessage: [b] processIMData type : im_response
2018-12-07 15:18:32.523 19447-19556/com.wallet3 D/JIGUANG-JMessage: [ResponseProcessor] IMCMD:40
2018-12-07 15:18:32.523 19447-19556/com.wallet3 D/JIGUANG-JMessage: [SyncRespBaseHandler] sync resp received , uid = 199400809
2018-12-07 15:18:32.523 19447-19556/com.wallet3 I/JIGUANG-JMessage: [SyncRespBaseHandler] [PageReceived] receive page . page no = 1 page = cn.jpush.im.android.c.b.f$m@473e367
2018-12-07 15:18:32.524 19447-19556/com.wallet3 I/JIGUANG-JMessage: [SyncRespBaseHandler] [PageReceived] cached page no[1]
2018-12-07 15:18:32.524 19447-19556/com.wallet3 D/JIGUANG-JMessage: [SyncRespBaseHandler] [PageReceived]start convLocalize conv pages. total page 1
2018-12-07 15:18:32.528 19447-23949/com.wallet3 I/JIGUANG-JMessage: [SyncConvRespHandler]  conv id = 199400809_204114154 new list totalCount = 1 old list totalCount = 0
2018-12-07 15:18:32.529 19447-23949/com.wallet3 D/JIGUANG-JMessage: [SyncRespBaseHandler] conversation localize finished. status code = -100
2018-12-07 15:18:32.530 19447-23949/com.wallet3 I/JIGUANG-JMessage: [SyncConvRespHandler] send sync conv ack back == synckey is 1544167072386
2018-12-07 15:18:32.537 19447-19618/com.wallet3 D/JIGUANG-JMessage: [RequestingThread] Action - sendRequestInternal - connection:, timeout:60000, threadId:1018
2018-12-07 15:18:32.537 19447-23949/com.wallet3 I/JIGUANG-JMessage: [SyncRespBaseHandler] sync resp finished. code = 0 desc = Success
2018-12-07 15:18:32.538 19447-19618/com.wallet3 D/JIGUANG-JMessage: [RequestingThread] Action - sendCommandWithLoggedIn
2018-12-07 15:18:32.538 19447-19618/com.wallet3 D/JIGUANG-JMessage: [RequestingThread] request is [Requesting] - timeout:50000, times:1, request:[Request] - [JHead] - len:0, version:1, command:100, rid:15344, sid:44007, juid:20163561480
2018-12-07 15:18:32.538 19447-19618/com.wallet3 D/JIGUANG-JMessage: [RequestingThread] Request params - cmd:100
2018-12-07 15:18:37.467 19447-19618/com.wallet3 D/JIGUANG-JMessage: [RequestingThread] Action - sendRequestInternal - connection:, timeout:300000, threadId:1018
2018-12-07 15:18:37.468 19447-19618/com.wallet3 D/JIGUANG-JMessage: [RequestingThread] Action - sendCommandWithLoggedIn
2018-12-07 15:18:37.469 19447-19618/com.wallet3 D/JIGUANG-JMessage: [RequestingThread] request is [Requesting] - timeout:290000, times:1, request:[Request] - [JHead] - len:0, version:1, command:100, rid:15346, sid:44007, juid:20163561480
2018-12-07 15:18:37.471 19447-19618/com.wallet3 D/JIGUANG-JMessage: [RequestingThread] Request params - cmd:100
2018-12-07 15:18:37.581 19447-19556/com.wallet3 D/JIGUANG-JMessage: [b] processIMData type : im_response
2018-12-07 15:18:37.582 19447-19556/com.wallet3 D/JIGUANG-JMessage: [ResponseProcessor] IMCMD:3
2018-12-07 15:18:37.586 19447-23956/com.wallet3 D/JIGUANG-JMessage: [MsgRequest] send message success. id = 2193626659 cTimeMS = 1544167118492
2018-12-07 15:18:37.642 19447-19505/com.wallet3 D/EGL_emulation: eglMakeCurrent: 0xddb7ade0: ver 3 0 (tinfo 0xca85a110)
2018-12-07 15:18:37.652 19447-19505/com.wallet3 I/chatty: uid=10095(com.wallet3) RenderThread identical 2 lines
2018-12-07 15:18:37.665 19447-19505/com.wallet3 D/EGL_emulation: eglMakeCurrent: 0xddb7ade0: ver 3 0 (tinfo 0xca85a110)
2018-12-07 15:18:37.879 19447-19447/com.wallet3 D/JIGUANG-JCore: [PushReceiver] onReceive - cn.jpush.android.intent.ACTION_REPORT_HISTORY
2018-12-07 15:18:37.879 19447-19488/com.wallet3 D/JIGUANG-JPush: [PushReceiverCore] onReceive - cn.jpush.android.intent.ACTION_REPORT_HISTORY
2018-12-07 15:18:38.983 19447-19505/com.wallet3 D/EGL_emulation: eglMakeCurrent: 0xddb7ade0: ver 3 0 (tinfo 0xca85a110)
2018-12-07 15:18:38.991 19447-19505/com.wallet3 D/EGL_emulation: eglMakeCurrent: 0xddb7ade0: ver 3 0 (tinfo 0xca85a110)
2018-12-07 15:18:38.992 19447-19505/com.wallet3 D/OpenGLRenderer: endAllActiveAnimators on 0xb7e33a80 (RippleDrawable) with handle 0xca56df10
2018-12-07 15:18:39.017 19447-19505/com.wallet3 D/EGL_emulation: eglMakeCurrent: 0xddb7ade0: ver 3 0 (tinfo 0xca85a110)
2018-12-07 15:18:39.835 19447-19618/com.wallet3 D/JIGUANG-JMessage: [RequestingThread] Action - sendRequestInternal - connection:, timeout:300000, threadId:1018
2018-12-07 15:18:39.836 19447-19618/com.wallet3 D/JIGUANG-JMessage: [RequestingThread] Action - sendCommandWithLoggedIn
2018-12-07 15:18:39.836 19447-19618/com.wallet3 D/JIGUANG-JMessage: [RequestingThread] request is [Requesting] - timeout:290000, times:1, request:[Request] - [JHead] - len:0, version:1, command:100, rid:15348, sid:44007, juid:20163561480
2018-12-07 15:18:39.836 19447-19618/com.wallet3 D/JIGUANG-JMessage: [RequestingThread] Request params - cmd:100
2018-12-07 15:18:39.947 19447-19556/com.wallet3 D/JIGUANG-JMessage: [b] processIMData type : im_response
2018-12-07 15:18:39.947 19447-19556/com.wallet3 D/JIGUANG-JMessage: [ResponseProcessor] IMCMD:3
2018-12-07 15:18:39.951 19447-23964/com.wallet3 D/JIGUANG-JMessage: [MsgRequest] send message success. id = 2193626899 cTimeMS = 1544167120865
2018-12-07 15:18:40.025 19447-19505/com.wallet3 D/EGL_emulation: eglMakeCurrent: 0xddb7ade0: ver 3 0 (tinfo 0xca85a110)
2018-12-07 15:18:41.333 19447-19505/com.wallet3 I/chatty: uid=10095(com.wallet3) RenderThread identical 4 lines
2018-12-07 15:18:41.341 19447-19505/com.wallet3 D/EGL_emulation: eglMakeCurrent: 0xddb7ade0: ver 3 0 (tinfo 0xca85a110)
2018-12-07 15:18:41.342 19447-19505/com.wallet3 D/OpenGLRenderer: endAllActiveAnimators on 0xb7e39580 (RippleDrawable) with handle 0xca5a1aa0
2018-12-07 15:18:41.370 19447-19505/com.wallet3 D/EGL_emulation: eglMakeCurrent: 0xddb7ade0: ver 3 0 (tinfo 0xca85a110)
2018-12-07 15:18:45.760 19447-19618/com.wallet3 D/JIGUANG-JMessage: [RequestingThread] Action - sendRequestInternal - connection:, timeout:300000, threadId:1018
2018-12-07 15:18:45.762 19447-19618/com.wallet3 D/JIGUANG-JMessage: [RequestingThread] Action - sendCommandWithLoggedIn
2018-12-07 15:18:45.762 19447-19618/com.wallet3 D/JIGUANG-JMessage: [RequestingThread] request is [Requesting] - timeout:290000, times:1, request:[Request] - [JHead] - len:0, version:1, command:100, rid:15350, sid:44007, juid:20163561480
2018-12-07 15:18:45.763 19447-19618/com.wallet3 D/JIGUANG-JMessage: [RequestingThread] Request params - cmd:100
2018-12-07 15:18:45.903 19447-19476/com.wallet3 D/JIGUANG-JMessage: [b] processIMData type : im_response
2018-12-07 15:18:45.903 19447-19476/com.wallet3 D/JIGUANG-JMessage: [ResponseProcessor] IMCMD:3
2018-12-07 15:18:45.907 19447-23974/com.wallet3 D/JIGUANG-JMessage: [MsgRequest] send message success. id = 2195547444 cTimeMS = 1544167126789
2018-12-07 15:18:45.954 19447-19505/com.wallet3 D/EGL_emulation: eglMakeCurrent: 0xddb7ade0: ver 3 0 (tinfo 0xca85a110)
2018-12-07 15:18:47.322 19447-19505/com.wallet3 I/chatty: uid=10095(com.wallet3) RenderThread identical 2 lines
2018-12-07 15:18:47.331 19447-19505/com.wallet3 D/EGL_emulation: eglMakeCurrent: 0xddb7ade0: ver 3 0 (tinfo 0xca85a110)
2018-12-07 15:18:47.333 19447-19505/com.wallet3 D/OpenGLRenderer: endAllActiveAnimators on 0xb94e4980 (RippleDrawable) with handle 0xb9bbdcd0
2018-12-07 15:18:47.358 19447-19505/com.wallet3 D/EGL_emulation: eglMakeCurrent: 0xddb7ade0: ver 3 0 (tinfo 0xca85a110)
2018-12-07 15:18:59.349 19447-19618/com.wallet3 D/JIGUANG-JMessage: [RequestingThread] Action - sendRequestInternal - connection:, timeout:300000, threadId:1018
2018-12-07 15:18:59.351 19447-19618/com.wallet3 D/JIGUANG-JMessage: [RequestingThread] Action - sendCommandWithLoggedIn
2018-12-07 15:18:59.351 19447-19618/com.wallet3 D/JIGUANG-JMessage: [RequestingThread] request is [Requesting] - timeout:290000, times:1, request:[Request] - [JHead] - len:0, version:1, command:100, rid:15352, sid:44007, juid:20163561480
2018-12-07 15:18:59.351 19447-19618/com.wallet3 D/JIGUANG-JMessage: [RequestingThread] Request params - cmd:100
2018-12-07 15:18:59.461 19447-19556/com.wallet3 D/JIGUANG-JMessage: [b] processIMData type : im_response
2018-12-07 15:18:59.461 19447-19556/com.wallet3 D/JIGUANG-JMessage: [ResponseProcessor] IMCMD:3
2018-12-07 15:18:59.461 19447-19556/com.wallet3 D/JMessageModule: 登录状态改变事件：event = cn.jpush.im.android.api.event.LoginStateChangeEvent@6b90959
2018-12-07 15:18:59.462 19447-19556/com.wallet3 W/unknown:ReactNative: Calling JS function after bridge has been destroyed: RCTDeviceEventEmitter.emit(["JMessage.LoginStateChanged",{"type":"user_login_status_unexpected"}])
2018-12-07 15:18:59.462 19447-19556/com.wallet3 D/JMessageModule: 登录状态改变事件：event = cn.jpush.im.android.api.event.LoginStateChangeEvent@6b90959
2018-12-07 15:18:59.462 19447-19556/com.wallet3 W/unknown:ReactNative: Calling JS function after bridge has been destroyed: RCTDeviceEventEmitter.emit(["JMessage.LoginStateChanged",{"type":"user_login_status_unexpected"}])
2018-12-07 15:18:59.462 19447-19556/com.wallet3 D/JMessageModule: 登录状态改变事件：event = cn.jpush.im.android.api.event.LoginStateChangeEvent@6b90959
2018-12-07 15:18:59.463 19447-19618/com.wallet3 D/JIGUANG-JMessage: [RequestingThread] Action - sendRequestInternal - connection:, timeout:60000, threadId:1018
2018-12-07 15:18:59.464 19447-19618/com.wallet3 D/JIGUANG-JMessage: [RequestingThread] Action - sendCommandWithLoggedIn
2018-12-07 15:18:59.464 19447-19618/com.wallet3 D/JIGUANG-JMessage: [RequestingThread] request is [Requesting] - timeout:50000, times:1, request:[Request] - [JHead] - len:0, version:1, command:100, rid:15354, sid:44007, juid:20163561480
2018-12-07 15:18:59.464 19447-19618/com.wallet3 D/JIGUANG-JMessage: [RequestingThread] Request params - cmd:100
2018-12-07 15:18:59.465 19447-19556/com.wallet3 I/JIGUANG-JMessage: [RequestProcessor] SyncCheck stopped
2018-12-07 15:18:59.465 19447-19556/com.wallet3 W/JIGUANG-JMessage: [ImBaseRequest] response code is handled,return from parse response.
2018-12-07 15:18:59.466 19447-19556/com.wallet3 E/JIGUANG-JMessage: [CommonUtils] [getConversation] have not logged in!
2018-12-07 15:18:59.466 19447-19556/com.wallet3 W/JIGUANG-JMessage: [MsgRequest] conversation is null!update message status failed !
2018-12-07 15:18:59.478 19447-19447/com.wallet3 E/JIGUANG-JMessage: [CommonUtils] [getFromUser] have not logged in!
2018-12-07 15:18:59.556 19447-19505/com.wallet3 D/EGL_emulation: eglMakeCurrent: 0xddb7ade0: ver 3 0 (tinfo 0xca85a110)
2018-12-07 15:18:59.562 19447-19505/com.wallet3 D/EGL_emulation: eglMakeCurrent: 0xddb7ade0: ver 3 0 (tinfo 0xca85a110)
2018-12-07 15:18:59.653 19447-19505/com.wallet3 D/EGL_emulation: eglMakeCurrent: 0xddb7ade0: ver 3 0 (tinfo 0xca85a110)
2018-12-07 15:18:59.674 19447-19505/com.wallet3 I/chatty: uid=10095(com.wallet3) RenderThread identical 1 line
2018-12-07 15:18:59.702 19447-19505/com.wallet3 D/EGL_emulation: eglMakeCurrent: 0xddb7ade0: ver 3 0 (tinfo 0xca85a110)
2018-12-07 15:18:59.885 19447-19476/com.wallet3 D/JIGUANG-JMessage: [b] processIMData type : im_response
2018-12-07 15:18:59.885 19447-19476/com.wallet3 D/JIGUANG-JMessage: [ResponseProcessor] IMCMD:2
2018-12-07 15:18:59.886 19447-19476/com.wallet3 E/JIGUANG-JMessage: [CommonUtils] [handleIMResponse] have not logged in!
2018-12-07 15:19:00.949 19447-19505/com.wallet3 D/EGL_emulation: eglMakeCurrent: 0xddb7ade0: ver 3 0 (tinfo 0xca85a110)
2018-12-07 15:19:00.957 19447-19505/com.wallet3 D/EGL_emulation: eglMakeCurrent: 0xddb7ade0: ver 3 0 (tinfo 0xca85a110)
2018-12-07 15:19:00.960 19447-19505/com.wallet3 D/OpenGLRenderer: endAllActiveAnimators on 0xb74d5300 (RippleDrawable) with handle 0xc8ca4850
2018-12-07 15:19:00.984 19447-19505/com.wallet3 D/EGL_emulation: eglMakeCurrent: 0xddb7ade0: ver 3 0 (tinfo 0xca85a110)
2018-12-07 15:19:23.067 19447-19505/com.wallet3 D/EGL_emulation: eglMakeCurrent: 0xddb7ade0: ver 3 0 (tinfo 0xca85a110)
2018-12-07 15:19:23.146 19447-19505/com.wallet3 D/EGL_emulation: eglMakeCurrent: 0xddb7ade0: ver 3 0 (tinfo 0xca85a110)
2018-12-07 15:19:23.153 19447-19447/com.wallet3 D/ReactNative: ReactInstanceManager.onJSBundleLoadedFromServer()
2018-12-07 15:19:23.154 19447-19447/com.wallet3 D/ReactNative: ReactInstanceManager.recreateReactContextInBackground()
2018-12-07 15:19:23.154 19447-19447/com.wallet3 D/ReactNative: ReactInstanceManager.runCreateReactContextOnNewThread()
2018-12-07 15:19:23.154 19447-19447/com.wallet3 D/ReactNative: ReactInstanceManager.tearDownReactContext()
2018-12-07 15:19:23.154 19447-19447/com.wallet3 D/JPushModule: onHostPause
2018-12-07 15:19:23.154 19447-19447/com.wallet3 D/JPushModule: onHostPause
2018-12-07 15:19:23.158 19447-19447/com.wallet3 D/ReactNative: CatalystInstanceImpl.destroy() start
2018-12-07 15:19:23.158 19447-19447/com.wallet3 W/unknown:ReactNative: Packager connection already open, nooping.
2018-12-07 15:19:23.163 19447-19505/com.wallet3 D/EGL_emulation: eglMakeCurrent: 0xddb7ade0: ver 3 0 (tinfo 0xca85a110)
