2018-12-07 15:19:23.164 19447-23823/com.wallet3 I/JPushModule: onCatalystInstanceDestroy
2018-12-07 15:19:23.164 19447-24012/com.wallet3 D/ReactNative: ReactInstanceManager.createReactContext()
2018-12-07 15:19:23.168 19447-24012/com.wallet3 W/unknown:ViewManagerPropertyUpdater: Could not find generated setter for class com.facebook.react.views.art.ARTGroupViewManager
2018-12-07 15:19:23.168 19447-24012/com.wallet3 W/unknown:ViewManagerPropertyUpdater: Could not find generated setter for class com.facebook.react.views.art.ARTGroupShadowNode
2018-12-07 15:19:23.168 19447-24012/com.wallet3 W/unknown:ViewManagerPropertyUpdater: Could not find generated setter for class com.facebook.react.views.art.ARTShapeViewManager
2018-12-07 15:19:23.169 19447-24012/com.wallet3 W/unknown:ViewManagerPropertyUpdater: Could not find generated setter for class com.facebook.react.views.art.ARTShapeShadowNode
2018-12-07 15:19:23.169 19447-24012/com.wallet3 W/unknown:ViewManagerPropertyUpdater: Could not find generated setter for class com.facebook.react.views.art.ARTTextViewManager
2018-12-07 15:19:23.169 19447-24012/com.wallet3 W/unknown:ViewManagerPropertyUpdater: Could not find generated setter for class com.facebook.react.views.art.ARTTextShadowNode
2018-12-07 15:19:23.170 19447-24012/com.wallet3 W/unknown:ViewManagerPropertyUpdater: Could not find generated setter for class com.facebook.react.views.checkbox.ReactCheckBoxManager
2018-12-07 15:19:23.170 19447-24012/com.wallet3 W/unknown:ViewManagerPropertyUpdater: Could not find generated setter for class com.facebook.react.uimanager.LayoutShadowNode
2018-12-07 15:19:23.171 19447-24012/com.wallet3 W/unknown:ViewManagerPropertyUpdater: Could not find generated setter for class com.facebook.react.views.picker.ReactDialogPickerManager
2018-12-07 15:19:23.172 19447-24012/com.wallet3 W/unknown:ViewManagerPropertyUpdater: Could not find generated setter for class com.facebook.react.views.drawer.ReactDrawerLayoutManager
2018-12-07 15:19:23.172 19447-24012/com.wallet3 W/unknown:ViewManagerPropertyUpdater: Could not find generated setter for class com.facebook.react.views.picker.ReactDropdownPickerManager
2018-12-07 15:19:23.172 19447-24012/com.wallet3 W/unknown:ViewManagerPropertyUpdater: Could not find generated setter for class com.facebook.react.views.scroll.ReactHorizontalScrollViewManager
2018-12-07 15:19:23.173 19447-24012/com.wallet3 W/unknown:ViewManagerPropertyUpdater: Could not find generated setter for class com.facebook.react.views.scroll.ReactHorizontalScrollContainerViewManager
2018-12-07 15:19:23.173 19447-24012/com.wallet3 W/unknown:ViewManagerPropertyUpdater: Could not find generated setter for class com.facebook.react.views.progressbar.ReactProgressBarViewManager
2018-12-07 15:19:23.173 19447-24012/com.wallet3 W/unknown:ViewManagerPropertyUpdater: Could not find generated setter for class com.facebook.react.views.progressbar.ProgressBarShadowNode
2018-12-07 15:19:23.173 19447-24012/com.wallet3 W/unknown:ViewManagerPropertyUpdater: Could not find generated setter for class com.facebook.react.views.scroll.ReactScrollViewManager
2018-12-07 15:19:23.175 19447-24012/com.wallet3 W/unknown:ViewManagerPropertyUpdater: Could not find generated setter for class com.facebook.react.views.slider.ReactSliderManager
2018-12-07 15:19:23.176 19447-24012/com.wallet3 W/unknown:ViewManagerPropertyUpdater: Could not find generated setter for class com.facebook.react.views.slider.ReactSliderManager$ReactSliderShadowNode
2018-12-07 15:19:23.177 19447-24012/com.wallet3 W/unknown:ViewManagerPropertyUpdater: Could not find generated setter for class com.facebook.react.views.switchview.ReactSwitchManager
2018-12-07 15:19:23.178 19447-24012/com.wallet3 W/unknown:ViewManagerPropertyUpdater: Could not find generated setter for class com.facebook.react.views.switchview.ReactSwitchManager$ReactSwitchShadowNode
2018-12-07 15:19:23.178 19447-24012/com.wallet3 W/unknown:ViewManagerPropertyUpdater: Could not find generated setter for class com.facebook.react.views.toolbar.ReactToolbarManager
2018-12-07 15:19:23.181 19447-24012/com.wallet3 W/unknown:ViewManagerPropertyUpdater: Could not find generated setter for class com.facebook.react.views.webview.ReactWebViewManager
2018-12-07 15:19:23.182 19447-24012/com.wallet3 W/unknown:ViewManagerPropertyUpdater: Could not find generated setter for class com.facebook.react.views.swiperefresh.SwipeRefreshLayoutManager
2018-12-07 15:19:23.183 19447-24012/com.wallet3 W/unknown:ViewManagerPropertyUpdater: Could not find generated setter for class com.facebook.react.views.art.ARTSurfaceViewManager
2018-12-07 15:19:23.183 19447-24012/com.wallet3 W/unknown:ViewManagerPropertyUpdater: Could not find generated setter for class com.facebook.react.views.art.ARTSurfaceViewShadowNode
2018-12-07 15:19:23.184 19447-24012/com.wallet3 W/unknown:ViewManagerPropertyUpdater: Could not find generated setter for class com.facebook.react.views.text.frescosupport.FrescoBasedReactTextInlineImageViewManager
2018-12-07 15:19:23.184 19447-24012/com.wallet3 W/unknown:ViewManagerPropertyUpdater: Could not find generated setter for class com.facebook.react.views.text.frescosupport.FrescoBasedReactTextInlineImageShadowNode
2018-12-07 15:19:23.184 19447-24012/com.wallet3 W/unknown:ViewManagerPropertyUpdater: Could not find generated setter for class com.facebook.react.views.image.ReactImageManager
2018-12-07 15:19:23.185 19447-24012/com.wallet3 W/unknown:ViewManagerPropertyUpdater: Could not find generated setter for class com.facebook.react.views.modal.ReactModalHostManager
2018-12-07 15:19:23.185 19447-24012/com.wallet3 W/unknown:ViewManagerPropertyUpdater: Could not find generated setter for class com.facebook.react.views.modal.ModalHostShadowNode
2018-12-07 15:19:23.186 19447-24012/com.wallet3 W/unknown:ViewManagerPropertyUpdater: Could not find generated setter for class com.facebook.react.views.text.ReactRawTextManager
2018-12-07 15:19:23.186 19447-24012/com.wallet3 W/unknown:ViewManagerPropertyUpdater: Could not find generated setter for class com.facebook.react.views.text.ReactRawTextShadowNode
2018-12-07 15:19:23.186 19447-24012/com.wallet3 W/unknown:ViewManagerPropertyUpdater: Could not find generated setter for class com.facebook.react.views.textinput.ReactTextInputManager
2018-12-07 15:19:23.193 19447-24012/com.wallet3 W/unknown:ViewManagerPropertyUpdater: Could not find generated setter for class com.facebook.react.views.textinput.ReactTextInputShadowNode
2018-12-07 15:19:23.197 19447-24012/com.wallet3 W/unknown:ViewManagerPropertyUpdater: Could not find generated setter for class com.facebook.react.views.text.ReactTextViewManager
2018-12-07 15:19:23.199 19447-24012/com.wallet3 W/unknown:ViewManagerPropertyUpdater: Could not find generated setter for class com.facebook.react.views.text.ReactTextShadowNode
2018-12-07 15:19:23.200 19447-24012/com.wallet3 W/unknown:ViewManagerPropertyUpdater: Could not find generated setter for class com.facebook.react.views.view.ReactViewManager
2018-12-07 15:19:23.201 19447-24012/com.wallet3 W/unknown:ViewManagerPropertyUpdater: Could not find generated setter for class com.facebook.react.views.viewpager.ReactViewPagerManager
2018-12-07 15:19:23.202 19447-24012/com.wallet3 W/unknown:ViewManagerPropertyUpdater: Could not find generated setter for class com.facebook.react.views.text.ReactVirtualTextViewManager
2018-12-07 15:19:23.202 19447-24012/com.wallet3 W/unknown:ViewManagerPropertyUpdater: Could not find generated setter for class com.facebook.react.views.text.ReactVirtualTextShadowNode
2018-12-07 15:19:23.202 19447-24012/com.wallet3 W/unknown:ViewManagerPropertyUpdater: Could not find generated setter for class io.jchat.android.BubbleMsgManager
2018-12-07 15:19:23.202 19447-24012/com.wallet3 W/unknown:ViewManagerPropertyUpdater: Could not find generated setter for class com.lwansbrough.RCTCamera.RCTCameraViewManager
2018-12-07 15:19:23.203 19447-24012/com.wallet3 W/unknown:ViewManagerPropertyUpdater: Could not find generated setter for class cn.jiguang.imui.messagelist.viewmanager.ReactMsgListManager
2018-12-07 15:19:23.208 19447-24012/com.wallet3 W/unknown:ViewManagerPropertyUpdater: Could not find generated setter for class cn.jiguang.imui.messagelist.viewmanager.ReactChatInputManager
2018-12-07 15:19:23.214 19447-24012/com.wallet3 V/JSRealm: setDefaultRealmFileDirectory
2018-12-07 15:19:23.214 19447-24012/com.wallet3 D/JSRealm: Absolute path: /data/data/com.wallet3/files
2018-12-07 15:19:23.215 19447-24012/com.wallet3 D/ReactNative: Initializing React Xplat Bridge.
2018-12-07 15:19:23.224 19447-24012/com.wallet3 D/ReactNative: Initializing React Xplat Bridge before initializeBridge
2018-12-07 15:19:23.264 19447-24012/com.wallet3 D/ReactNative: Initializing React Xplat Bridge after initializeBridge
2018-12-07 15:19:23.265 19447-24012/com.wallet3 D/ReactNative: CatalystInstanceImpl.runJSBundle()
2018-12-07 15:19:23.265 19447-24016/com.wallet3 D/ReactNative: ReactInstanceManager.setupReactContext()
2018-12-07 15:19:23.265 19447-24016/com.wallet3 D/ReactNative: CatalystInstanceImpl.initialize()
2018-12-07 15:19:23.266 19447-19447/com.wallet3 W/unknown:ReactNative: Packager connection already open, nooping.
2018-12-07 15:19:23.267 19447-19473/com.wallet3 W/System: A resource failed to call close. 
2018-12-07 15:19:23.267 19447-24016/com.wallet3 D/JPushModule: onHostResume
2018-12-07 15:19:23.270 19447-24016/com.wallet3 D/JPushModule: onHostResume
2018-12-07 15:19:23.270 19447-24016/com.wallet3 D/ReactNative: ReactInstanceManager.attachRootViewToInstance()
2018-12-07 15:19:23.511 19447-24014/com.wallet3 D/ReactNative: CatalystInstanceImpl.destroy() end
2018-12-07 15:19:24.043 19447-24015/com.wallet3 W/ReactNativeJS: The StackNavigator function name is deprecated, please use createStackNavigator instead
2018-12-07 15:19:24.066 19447-24015/com.wallet3 I/chatty: uid=10095(com.wallet3) mqt_js identical 1 line
2018-12-07 15:19:24.068 19447-24015/com.wallet3 W/ReactNativeJS: The StackNavigator function name is deprecated, please use createStackNavigator instead
2018-12-07 15:19:24.126 19447-24015/com.wallet3 W/ReactNativeJS: TabNavigator is deprecated. Please use the createBottomTabNavigator or createMaterialTopTabNavigator instead.
2018-12-07 15:19:24.141 19447-24015/com.wallet3 W/ReactNativeJS: The StackNavigator function name is deprecated, please use createStackNavigator instead
2018-12-07 15:19:24.156 19447-24015/com.wallet3 I/ReactNativeJS: Running application "Wallet3" with appParams: {"rootTag":31}. __DEV__ === true, development-level warning are ON, performance optimizations are OFF
2018-12-07 15:19:24.491 19447-24015/com.wallet3 W/ReactNativeJS: Warning: isMounted(...) is deprecated in plain JavaScript React classes. Instead, make sure to clean up subscriptions and pending requests in componentWillUnmount to prevent memory leaks.
2018-12-07 15:19:24.517 19447-24015/com.wallet3 I/chatty: uid=10095(com.wallet3) mqt_js identical 7 lines
2018-12-07 15:19:24.523 19447-24015/com.wallet3 W/ReactNativeJS: Warning: isMounted(...) is deprecated in plain JavaScript React classes. Instead, make sure to clean up subscriptions and pending requests in componentWillUnmount to prevent memory leaks.
2018-12-07 15:19:41.817 19447-19505/com.wallet3 D/EGL_emulation: eglMakeCurrent: 0xddb7ade0: ver 3 0 (tinfo 0xca85a110)
2018-12-07 15:19:41.936 19447-19505/com.wallet3 D/EGL_emulation: eglMakeCurrent: 0xddb7ade0: ver 3 0 (tinfo 0xca85a110)
2018-12-07 15:19:41.948 19447-19447/com.wallet3 D/ReactNative: ReactInstanceManager.onJSBundleLoadedFromServer()
2018-12-07 15:19:41.948 19447-19447/com.wallet3 D/ReactNative: ReactInstanceManager.recreateReactContextInBackground()
2018-12-07 15:19:41.948 19447-19447/com.wallet3 D/ReactNative: ReactInstanceManager.runCreateReactContextOnNewThread()
2018-12-07 15:19:41.948 19447-19447/com.wallet3 D/ReactNative: ReactInstanceManager.tearDownReactContext()
2018-12-07 15:19:41.948 19447-19447/com.wallet3 D/JPushModule: onHostPause
2018-12-07 15:19:41.948 19447-19447/com.wallet3 D/JPushModule: onHostPause
2018-12-07 15:19:41.951 19447-19447/com.wallet3 D/ReactNative: CatalystInstanceImpl.destroy() start
2018-12-07 15:19:41.951 19447-19447/com.wallet3 W/unknown:ReactNative: Packager connection already open, nooping.
2018-12-07 15:19:41.952 19447-19505/com.wallet3 D/EGL_emulation: eglMakeCurrent: 0xddb7ade0: ver 3 0 (tinfo 0xca85a110)
2018-12-07 15:19:41.952 19447-24016/com.wallet3 I/JPushModule: onCatalystInstanceDestroy
2018-12-07 15:19:41.953 19447-24037/com.wallet3 D/ReactNative: ReactInstanceManager.createReactContext()
2018-12-07 15:19:41.954 19447-24011/com.wallet3 D/ReactNative: CatalystInstanceImpl.destroy() end
2018-12-07 15:19:41.956 19447-24037/com.wallet3 W/unknown:ViewManagerPropertyUpdater: Could not find generated setter for class com.facebook.react.views.art.ARTGroupViewManager
2018-12-07 15:19:41.957 19447-24037/com.wallet3 W/unknown:ViewManagerPropertyUpdater: Could not find generated setter for class com.facebook.react.views.art.ARTGroupShadowNode
2018-12-07 15:19:41.960 19447-24037/com.wallet3 W/unknown:ViewManagerPropertyUpdater: Could not find generated setter for class com.facebook.react.views.art.ARTShapeViewManager
2018-12-07 15:19:41.961 19447-24037/com.wallet3 W/unknown:ViewManagerPropertyUpdater: Could not find generated setter for class com.facebook.react.views.art.ARTShapeShadowNode
2018-12-07 15:19:41.962 19447-24037/com.wallet3 W/unknown:ViewManagerPropertyUpdater: Could not find generated setter for class com.facebook.react.views.art.ARTTextViewManager
2018-12-07 15:19:41.963 19447-24037/com.wallet3 W/unknown:ViewManagerPropertyUpdater: Could not find generated setter for class com.facebook.react.views.art.ARTTextShadowNode
2018-12-07 15:19:41.963 19447-24037/com.wallet3 W/unknown:ViewManagerPropertyUpdater: Could not find generated setter for class com.facebook.react.views.checkbox.ReactCheckBoxManager
2018-12-07 15:19:41.965 19447-24037/com.wallet3 W/unknown:ViewManagerPropertyUpdater: Could not find generated setter for class com.facebook.react.uimanager.LayoutShadowNode
2018-12-07 15:19:41.966 19447-24037/com.wallet3 W/unknown:ViewManagerPropertyUpdater: Could not find generated setter for class com.facebook.react.views.picker.ReactDialogPickerManager
2018-12-07 15:19:41.966 19447-24037/com.wallet3 W/unknown:ViewManagerPropertyUpdater: Could not find generated setter for class com.facebook.react.views.drawer.ReactDrawerLayoutManager
2018-12-07 15:19:41.966 19447-24037/com.wallet3 W/unknown:ViewManagerPropertyUpdater: Could not find generated setter for class com.facebook.react.views.picker.ReactDropdownPickerManager
2018-12-07 15:19:41.966 19447-24037/com.wallet3 W/unknown:ViewManagerPropertyUpdater: Could not find generated setter for class com.facebook.react.views.scroll.ReactHorizontalScrollViewManager
2018-12-07 15:19:41.967 19447-24037/com.wallet3 W/unknown:ViewManagerPropertyUpdater: Could not find generated setter for class com.facebook.react.views.scroll.ReactHorizontalScrollContainerViewManager
2018-12-07 15:19:41.967 19447-24037/com.wallet3 W/unknown:ViewManagerPropertyUpdater: Could not find generated setter for class com.facebook.react.views.progressbar.ReactProgressBarViewManager
2018-12-07 15:19:41.967 19447-24037/com.wallet3 W/unknown:ViewManagerPropertyUpdater: Could not find generated setter for class com.facebook.react.views.progressbar.ProgressBarShadowNode
2018-12-07 15:19:41.968 19447-24037/com.wallet3 W/unknown:ViewManagerPropertyUpdater: Could not find generated setter for class com.facebook.react.views.scroll.ReactScrollViewManager
2018-12-07 15:19:41.968 19447-24037/com.wallet3 W/unknown:ViewManagerPropertyUpdater: Could not find generated setter for class com.facebook.react.views.slider.ReactSliderManager
2018-12-07 15:19:41.968 19447-24037/com.wallet3 W/unknown:ViewManagerPropertyUpdater: Could not find generated setter for class com.facebook.react.views.slider.ReactSliderManager$ReactSliderShadowNode
2018-12-07 15:19:41.970 19447-24037/com.wallet3 W/unknown:ViewManagerPropertyUpdater: Could not find generated setter for class com.facebook.react.views.switchview.ReactSwitchManager
2018-12-07 15:19:41.971 19447-24037/com.wallet3 W/unknown:ViewManagerPropertyUpdater: Could not find generated setter for class com.facebook.react.views.switchview.ReactSwitchManager$ReactSwitchShadowNode
2018-12-07 15:19:41.971 19447-24037/com.wallet3 W/unknown:ViewManagerPropertyUpdater: Could not find generated setter for class com.facebook.react.views.toolbar.ReactToolbarManager
2018-12-07 15:19:41.971 19447-24037/com.wallet3 W/unknown:ViewManagerPropertyUpdater: Could not find generated setter for class com.facebook.react.views.webview.ReactWebViewManager
2018-12-07 15:19:41.973 19447-24037/com.wallet3 W/unknown:ViewManagerPropertyUpdater: Could not find generated setter for class com.facebook.react.views.swiperefresh.SwipeRefreshLayoutManager
2018-12-07 15:19:41.973 19447-24037/com.wallet3 W/unknown:ViewManagerPropertyUpdater: Could not find generated setter for class com.facebook.react.views.art.ARTSurfaceViewManager
2018-12-07 15:19:41.973 19447-24037/com.wallet3 W/unknown:ViewManagerPropertyUpdater: Could not find generated setter for class com.facebook.react.views.art.ARTSurfaceViewShadowNode
2018-12-07 15:19:41.974 19447-24037/com.wallet3 W/unknown:ViewManagerPropertyUpdater: Could not find generated setter for class com.facebook.react.views.text.frescosupport.FrescoBasedReactTextInlineImageViewManager
2018-12-07 15:19:41.974 19447-24037/com.wallet3 W/unknown:ViewManagerPropertyUpdater: Could not find generated setter for class com.facebook.react.views.text.frescosupport.FrescoBasedReactTextInlineImageShadowNode
2018-12-07 15:19:41.974 19447-24037/com.wallet3 W/unknown:ViewManagerPropertyUpdater: Could not find generated setter for class com.facebook.react.views.image.ReactImageManager
2018-12-07 15:19:41.975 19447-24037/com.wallet3 W/unknown:ViewManagerPropertyUpdater: Could not find generated setter for class com.facebook.react.views.modal.ReactModalHostManager
2018-12-07 15:19:41.975 19447-24037/com.wallet3 W/unknown:ViewManagerPropertyUpdater: Could not find generated setter for class com.facebook.react.views.modal.ModalHostShadowNode
2018-12-07 15:19:41.976 19447-24037/com.wallet3 W/unknown:ViewManagerPropertyUpdater: Could not find generated setter for class com.facebook.react.views.text.ReactRawTextManager
2018-12-07 15:19:41.976 19447-24037/com.wallet3 W/unknown:ViewManagerPropertyUpdater: Could not find generated setter for class com.facebook.react.views.text.ReactRawTextShadowNode
2018-12-07 15:19:41.976 19447-24037/com.wallet3 W/unknown:ViewManagerPropertyUpdater: Could not find generated setter for class com.facebook.react.views.textinput.ReactTextInputManager
2018-12-07 15:19:41.977 19447-24037/com.wallet3 W/unknown:ViewManagerPropertyUpdater: Could not find generated setter for class com.facebook.react.views.textinput.ReactTextInputShadowNode
2018-12-07 15:19:41.977 19447-24037/com.wallet3 W/unknown:ViewManagerPropertyUpdater: Could not find generated setter for class com.facebook.react.views.text.ReactTextViewManager
2018-12-07 15:19:41.978 19447-24037/com.wallet3 W/unknown:ViewManagerPropertyUpdater: Could not find generated setter for class com.facebook.react.views.text.ReactTextShadowNode
2018-12-07 15:19:41.978 19447-24037/com.wallet3 W/unknown:ViewManagerPropertyUpdater: Could not find generated setter for class com.facebook.react.views.view.ReactViewManager
2018-12-07 15:19:41.979 19447-24037/com.wallet3 W/unknown:ViewManagerPropertyUpdater: Could not find generated setter for class com.facebook.react.views.viewpager.ReactViewPagerManager
2018-12-07 15:19:41.979 19447-24037/com.wallet3 W/unknown:ViewManagerPropertyUpdater: Could not find generated setter for class com.facebook.react.views.text.ReactVirtualTextViewManager
2018-12-07 15:19:41.980 19447-24037/com.wallet3 W/unknown:ViewManagerPropertyUpdater: Could not find generated setter for class com.facebook.react.views.text.ReactVirtualTextShadowNode
2018-12-07 15:19:41.980 19447-24037/com.wallet3 W/unknown:ViewManagerPropertyUpdater: Could not find generated setter for class io.jchat.android.BubbleMsgManager
2018-12-07 15:19:41.980 19447-24037/com.wallet3 W/unknown:ViewManagerPropertyUpdater: Could not find generated setter for class com.lwansbrough.RCTCamera.RCTCameraViewManager
2018-12-07 15:19:41.980 19447-24037/com.wallet3 W/unknown:ViewManagerPropertyUpdater: Could not find generated setter for class cn.jiguang.imui.messagelist.viewmanager.ReactMsgListManager
2018-12-07 15:19:41.981 19447-24037/com.wallet3 W/unknown:ViewManagerPropertyUpdater: Could not find generated setter for class cn.jiguang.imui.messagelist.viewmanager.ReactChatInputManager
2018-12-07 15:19:41.984 19447-24037/com.wallet3 V/JSRealm: setDefaultRealmFileDirectory
2018-12-07 15:19:41.984 19447-24037/com.wallet3 D/JSRealm: Absolute path: /data/data/com.wallet3/files
2018-12-07 15:19:41.985 19447-24037/com.wallet3 D/ReactNative: Initializing React Xplat Bridge.
2018-12-07 15:19:41.986 19447-24037/com.wallet3 D/ReactNative: Initializing React Xplat Bridge before initializeBridge
2018-12-07 15:19:42.056 19447-24037/com.wallet3 D/ReactNative: Initializing React Xplat Bridge after initializeBridge
2018-12-07 15:19:42.056 19447-24037/com.wallet3 D/ReactNative: CatalystInstanceImpl.runJSBundle()
2018-12-07 15:19:42.057 19447-24040/com.wallet3 D/ReactNative: ReactInstanceManager.setupReactContext()
2018-12-07 15:19:42.057 19447-24040/com.wallet3 D/ReactNative: CatalystInstanceImpl.initialize()
2018-12-07 15:19:42.058 19447-19447/com.wallet3 W/unknown:ReactNative: Packager connection already open, nooping.
2018-12-07 15:19:42.058 19447-24040/com.wallet3 D/JPushModule: onHostResume
2018-12-07 15:19:42.068 19447-24040/com.wallet3 D/JPushModule: onHostResume
2018-12-07 15:19:42.068 19447-24040/com.wallet3 D/ReactNative: ReactInstanceManager.attachRootViewToInstance()
2018-12-07 15:19:42.633 19447-24039/com.wallet3 W/ReactNativeJS: The StackNavigator function name is deprecated, please use createStackNavigator instead
2018-12-07 15:19:42.656 19447-24039/com.wallet3 I/chatty: uid=10095(com.wallet3) mqt_js identical 1 line
2018-12-07 15:19:42.659 19447-24039/com.wallet3 W/ReactNativeJS: The StackNavigator function name is deprecated, please use createStackNavigator instead
2018-12-07 15:19:42.717 19447-24039/com.wallet3 W/ReactNativeJS: TabNavigator is deprecated. Please use the createBottomTabNavigator or createMaterialTopTabNavigator instead.
2018-12-07 15:19:42.733 19447-24039/com.wallet3 W/ReactNativeJS: The StackNavigator function name is deprecated, please use createStackNavigator instead
2018-12-07 15:19:42.745 19447-24039/com.wallet3 I/ReactNativeJS: Running application "Wallet3" with appParams: {"rootTag":41}. __DEV__ === true, development-level warning are ON, performance optimizations are OFF
2018-12-07 15:19:43.082 19447-24039/com.wallet3 W/ReactNativeJS: Warning: isMounted(...) is deprecated in plain JavaScript React classes. Instead, make sure to clean up subscriptions and pending requests in componentWillUnmount to prevent memory leaks.
2018-12-07 15:19:43.106 19447-24039/com.wallet3 I/chatty: uid=10095(com.wallet3) mqt_js identical 7 lines
2018-12-07 15:19:43.110 19447-24039/com.wallet3 W/ReactNativeJS: Warning: isMounted(...) is deprecated in plain JavaScript React classes. Instead, make sure to clean up subscriptions and pending requests in componentWillUnmount to prevent memory leaks.
2018-12-07 15:19:45.205 19447-19447/com.wallet3 I/AssistStructure: Flattened final assist data: 5788 bytes, containing 1 windows, 20 views
2018-12-07 15:19:48.575 19447-19447/com.wallet3 I/AssistStructure: Flattened final assist data: 5804 bytes, containing 1 windows, 20 views
2018-12-07 15:19:52.668 19447-19447/com.wallet3 I/AssistStructure: Flattened final assist data: 5820 bytes, containing 1 windows, 20 views
2018-12-07 15:19:56.406 19447-19447/com.wallet3 I/AssistStructure: Flattened final assist data: 5836 bytes, containing 1 windows, 20 views
2018-12-07 15:20:04.770 19447-24040/com.wallet3 E/JIGUANG-JMessage: [CommonUtils] [createConversation] have not logged in!
2018-12-07 15:20:04.770 19447-24040/com.wallet3 W/JIGUANG-JMessage: [ConversationManager] parameter invalid! put to map failed!
2018-12-07 15:20:04.771 19447-24040/com.wallet3 W/System.err: java.lang.NullPointerException: Attempt to invoke virtual method 'cn.jpush.im.android.api.model.Message cn.jpush.im.android.api.model.Conversation.createSendMessage(cn.jpush.im.android.api.content.MessageContent)' on a null object reference
2018-12-07 15:20:04.771 19447-24040/com.wallet3 W/System.err:     at io.jchat.android.JMessageModule.createSendMessage(JMessageModule.java:365)
2018-12-07 15:20:04.771 19447-24040/com.wallet3 W/System.err:     at java.lang.reflect.Method.invoke(Native Method)
2018-12-07 15:20:04.771 19447-24040/com.wallet3 W/System.err:     at com.facebook.react.bridge.JavaMethodWrapper.invoke(JavaMethodWrapper.java:372)
2018-12-07 15:20:04.771 19447-24040/com.wallet3 W/System.err:     at com.facebook.react.bridge.JavaModuleWrapper.invoke(JavaModuleWrapper.java:160)
2018-12-07 15:20:04.771 19447-24040/com.wallet3 W/System.err:     at com.facebook.react.bridge.queue.NativeRunnable.run(Native Method)
2018-12-07 15:20:04.771 19447-24040/com.wallet3 W/System.err:     at android.os.Handler.handleCallback(Handler.java:873)
2018-12-07 15:20:04.771 19447-24040/com.wallet3 W/System.err:     at android.os.Handler.dispatchMessage(Handler.java:99)
2018-12-07 15:20:04.771 19447-24040/com.wallet3 W/System.err:     at com.facebook.react.bridge.queue.MessageQueueThreadHandler.dispatchMessage(MessageQueueThreadHandler.java:29)
2018-12-07 15:20:04.771 19447-24040/com.wallet3 W/System.err:     at android.os.Looper.loop(Looper.java:193)
2018-12-07 15:20:04.772 19447-24040/com.wallet3 W/System.err:     at com.facebook.react.bridge.queue.MessageQueueThreadImpl$3.run(MessageQueueThreadImpl.java:192)
2018-12-07 15:20:04.772 19447-24040/com.wallet3 W/System.err:     at java.lang.Thread.run(Thread.java:764)
2018-12-07 15:20:04.792 19447-24040/com.wallet3 E/JIGUANG-JMessage: [CommonUtils] [createConversation] have not logged in!
2018-12-07 15:20:04.792 19447-24040/com.wallet3 W/JIGUANG-JMessage: [ConversationManager] parameter invalid! put to map failed!
2018-12-07 15:20:04.792 19447-24040/com.wallet3 W/System.err: com.facebook.react.bridge.NoSuchKeyException: id
2018-12-07 15:20:04.792 19447-24040/com.wallet3 W/System.err:     at com.facebook.react.bridge.ReadableNativeMap.getNullableValue(ReadableNativeMap.java:128)
2018-12-07 15:20:04.792 19447-24040/com.wallet3 W/System.err:     at com.facebook.react.bridge.ReadableNativeMap.getString(ReadableNativeMap.java:168)
2018-12-07 15:20:04.793 19447-24040/com.wallet3 W/System.err:     at io.jchat.android.JMessageModule.sendMessage(JMessageModule.java:378)
2018-12-07 15:20:04.793 19447-24040/com.wallet3 W/System.err:     at java.lang.reflect.Method.invoke(Native Method)
2018-12-07 15:20:04.793 19447-24040/com.wallet3 W/System.err:     at com.facebook.react.bridge.JavaMethodWrapper.invoke(JavaMethodWrapper.java:372)
2018-12-07 15:20:04.793 19447-24040/com.wallet3 W/System.err:     at com.facebook.react.bridge.JavaModuleWrapper.invoke(JavaModuleWrapper.java:160)
2018-12-07 15:20:04.793 19447-24040/com.wallet3 W/System.err:     at com.facebook.react.bridge.queue.NativeRunnable.run(Native Method)
2018-12-07 15:20:04.793 19447-24040/com.wallet3 W/System.err:     at android.os.Handler.handleCallback(Handler.java:873)
2018-12-07 15:20:04.793 19447-24040/com.wallet3 W/System.err:     at android.os.Handler.dispatchMessage(Handler.java:99)
2018-12-07 15:20:04.793 19447-24040/com.wallet3 W/System.err:     at com.facebook.react.bridge.queue.MessageQueueThreadHandler.dispatchMessage(MessageQueueThreadHandler.java:29)
2018-12-07 15:20:04.793 19447-24040/com.wallet3 W/System.err:     at android.os.Looper.loop(Looper.java:193)
2018-12-07 15:20:04.793 19447-24040/com.wallet3 W/System.err:     at com.facebook.react.bridge.queue.MessageQueueThreadImpl$3.run(MessageQueueThreadImpl.java:192)
2018-12-07 15:20:04.793 19447-24040/com.wallet3 W/System.err:     at java.lang.Thread.run(Thread.java:764)
2018-12-07 15:20:04.854 19447-19505/com.wallet3 D/EGL_emulation: eglMakeCurrent: 0xddb7ade0: ver 3 0 (tinfo 0xca85a110)
2018-12-07 15:20:04.858 19447-19505/com.wallet3 D/EGL_emulation: eglMakeCurrent: 0xddb7ade0: ver 3 0 (tinfo 0xca85a110)
2018-12-07 15:20:07.210 19447-24040/com.wallet3 I/JMessageModule: username: user1 is logging in
2018-12-07 15:20:07.214 19447-19618/com.wallet3 D/JIGUANG-JMessage: [RequestingThread] Action - sendRequestInternal - connection:, timeout:60000, threadId:1018
2018-12-07 15:20:07.215 19447-19618/com.wallet3 D/JIGUANG-JMessage: [RequestingThread] Action - sendCommandWithLoggedIn
2018-12-07 15:20:07.215 19447-19618/com.wallet3 D/JIGUANG-JMessage: [RequestingThread] request is [Requesting] - timeout:50000, times:1, request:[Request] - [JHead] - len:0, version:1, command:100, rid:15356, sid:44007, juid:20163561480
2018-12-07 15:20:07.215 19447-19618/com.wallet3 D/JIGUANG-JMessage: [RequestingThread] Request params - cmd:100
2018-12-07 15:20:07.486 19447-24027/com.wallet3 D/JIGUANG-JMessage: [b] processIMData type : im_response
2018-12-07 15:20:07.492 19447-24027/com.wallet3 D/JIGUANG-JMessage: [ResponseProcessor] IMCMD:1
2018-12-07 15:20:07.497 19447-24076/com.wallet3 I/JIGUANG-JMessage: [RequestProcessor] start SyncCheck
2018-12-07 15:20:07.572 19447-19505/com.wallet3 D/EGL_emulation: eglMakeCurrent: 0xddb7ade0: ver 3 0 (tinfo 0xca85a110)
2018-12-07 15:20:07.616 19447-19505/com.wallet3 I/chatty: uid=10095(com.wallet3) RenderThread identical 1 line
2018-12-07 15:20:09.147 19447-19505/com.wallet3 D/EGL_emulation: eglMakeCurrent: 0xddb7ade0: ver 3 0 (tinfo 0xca85a110)
2018-12-07 15:20:09.211 19447-19505/com.wallet3 D/EGL_emulation: eglMakeCurrent: 0xddb7ade0: ver 3 0 (tinfo 0xca85a110)
2018-12-07 15:20:09.212 19447-19505/com.wallet3 D/OpenGLRenderer: endAllActiveAnimators on 0xb83d8800 (RippleDrawable) with handle 0xe129f230
2018-12-07 15:20:09.238 19447-19505/com.wallet3 D/EGL_emulation: eglMakeCurrent: 0xddb7ade0: ver 3 0 (tinfo 0xca85a110)
2018-12-07 15:20:09.499 19447-19618/com.wallet3 D/JIGUANG-JMessage: [RequestingThread] Action - sendRequestInternal - connection:, timeout:60000, threadId:1018
2018-12-07 15:20:09.502 19447-19618/com.wallet3 D/JIGUANG-JMessage: [RequestingThread] Action - sendCommandWithLoggedIn
2018-12-07 15:20:09.503 19447-19618/com.wallet3 D/JIGUANG-JMessage: [RequestingThread] request is [Requesting] - timeout:50000, times:1, request:[Request] - [JHead] - len:0, version:1, command:100, rid:15358, sid:44007, juid:20163561480
2018-12-07 15:20:09.503 19447-19618/com.wallet3 D/JIGUANG-JMessage: [RequestingThread] Request params - cmd:100
2018-12-07 15:20:09.612 19447-20471/com.wallet3 D/JIGUANG-JMessage: [b] processIMData type : im_response
2018-12-07 15:20:09.612 19447-20471/com.wallet3 D/JIGUANG-JMessage: [ResponseProcessor] IMCMD:39
2018-12-07 15:20:09.652 19447-20471/com.wallet3 D/JIGUANG-JMessage: [b] processIMData type : im_response
2018-12-07 15:20:09.653 19447-20471/com.wallet3 D/JIGUANG-JMessage: [ResponseProcessor] IMCMD:40
2018-12-07 15:20:09.653 19447-20471/com.wallet3 D/JIGUANG-JMessage: [SyncRespBaseHandler] sync resp received , uid = 199400809
2018-12-07 15:20:09.653 19447-20471/com.wallet3 I/JIGUANG-JMessage: [SyncRespBaseHandler] [PageReceived] receive page . page no = 1 page = cn.jpush.im.android.c.b.f$m@a04521
2018-12-07 15:20:09.653 19447-20471/com.wallet3 I/JIGUANG-JMessage: [SyncRespBaseHandler] [PageReceived] cached page no[1]
2018-12-07 15:20:09.654 19447-20471/com.wallet3 D/JIGUANG-JMessage: [SyncRespBaseHandler] [PageReceived]start convLocalize conv pages. total page 1
2018-12-07 15:20:09.662 19447-24090/com.wallet3 I/JIGUANG-JMessage: [SyncConvRespHandler]  conv id = 199400809_204114154 new list totalCount = 3 old list totalCount = 0
2018-12-07 15:20:09.665 19447-24090/com.wallet3 D/JIGUANG-JMessage: [SyncRespBaseHandler] conversation localize finished. status code = -100
2018-12-07 15:20:09.665 19447-24090/com.wallet3 I/JIGUANG-JMessage: [SyncConvRespHandler] send sync conv ack back == synckey is 1544167126789
2018-12-07 15:20:09.666 19447-24090/com.wallet3 I/JIGUANG-JMessage: [SyncRespBaseHandler] sync resp finished. code = 0 desc = Success
2018-12-07 15:20:09.666 19447-19618/com.wallet3 D/JIGUANG-JMessage: [RequestingThread] Action - sendRequestInternal - connection:, timeout:60000, threadId:1018
2018-12-07 15:20:09.667 19447-19618/com.wallet3 D/JIGUANG-JMessage: [RequestingThread] Action - sendCommandWithLoggedIn
2018-12-07 15:20:09.667 19447-19618/com.wallet3 D/JIGUANG-JMessage: [RequestingThread] request is [Requesting] - timeout:50000, times:1, request:[Request] - [JHead] - len:0, version:1, command:100, rid:15360, sid:44007, juid:20163561480
2018-12-07 15:20:09.667 19447-19618/com.wallet3 D/JIGUANG-JMessage: [RequestingThread] Request params - cmd:100
2018-12-07 15:20:11.087 19447-19618/com.wallet3 D/JIGUANG-JMessage: [RequestingThread] Action - sendRequestInternal - connection:, timeout:300000, threadId:1018
2018-12-07 15:20:11.087 19447-19618/com.wallet3 D/JIGUANG-JMessage: [RequestingThread] Action - sendCommandWithLoggedIn
2018-12-07 15:20:11.088 19447-19618/com.wallet3 D/JIGUANG-JMessage: [RequestingThread] request is [Requesting] - timeout:290000, times:1, request:[Request] - [JHead] - len:0, version:1, command:100, rid:15362, sid:44007, juid:20163561480
2018-12-07 15:20:11.088 19447-19618/com.wallet3 D/JIGUANG-JMessage: [RequestingThread] Request params - cmd:100
2018-12-07 15:20:11.257 19447-20471/com.wallet3 D/JIGUANG-JMessage: [b] processIMData type : im_response
2018-12-07 15:20:11.258 19447-20471/com.wallet3 D/JIGUANG-JMessage: [ResponseProcessor] IMCMD:3
2018-12-07 15:20:11.264 19447-24099/com.wallet3 D/JIGUANG-JMessage: [MsgRequest] send message success. id = 2195557114 cTimeMS = 1544167212112
2018-12-07 15:20:11.314 19447-19505/com.wallet3 D/EGL_emulation: eglMakeCurrent: 0xddb7ade0: ver 3 0 (tinfo 0xca85a110)
2018-12-07 15:20:11.377 19447-19505/com.wallet3 I/chatty: uid=10095(com.wallet3) RenderThread identical 2 lines
2018-12-07 15:20:11.382 19447-19505/com.wallet3 D/EGL_emulation: eglMakeCurrent: 0xddb7ade0: ver 3 0 (tinfo 0xca85a110)
2018-12-07 15:20:12.623 19447-19505/com.wallet3 D/EGL_emulation: eglMakeCurrent: 0xddb7ade0: ver 3 0 (tinfo 0xca85a110)
2018-12-07 15:20:12.633 19447-19505/com.wallet3 D/EGL_emulation: eglMakeCurrent: 0xddb7ade0: ver 3 0 (tinfo 0xca85a110)
2018-12-07 15:20:12.635 19447-19505/com.wallet3 D/OpenGLRenderer: endAllActiveAnimators on 0xc8c93400 (RippleDrawable) with handle 0xc9fcffe0
2018-12-07 15:20:12.722 19447-19505/com.wallet3 D/EGL_emulation: eglMakeCurrent: 0xddb7ade0: ver 3 0 (tinfo 0xca85a110)
2018-12-07 15:20:19.102 19447-19618/com.wallet3 D/JIGUANG-JMessage: [RequestingThread] Action - sendRequestInternal - connection:, timeout:300000, threadId:1018
2018-12-07 15:20:19.103 19447-19618/com.wallet3 D/JIGUANG-JMessage: [RequestingThread] Action - sendCommandWithLoggedIn
2018-12-07 15:20:19.104 19447-19618/com.wallet3 D/JIGUANG-JMessage: [RequestingThread] request is [Requesting] - timeout:290000, times:1, request:[Request] - [JHead] - len:0, version:1, command:100, rid:15364, sid:44007, juid:20163561480
2018-12-07 15:20:19.104 19447-19618/com.wallet3 D/JIGUANG-JMessage: [RequestingThread] Request params - cmd:100
2018-12-07 15:20:19.277 19447-24027/com.wallet3 D/JIGUANG-JMessage: [b] processIMData type : im_response
2018-12-07 15:20:19.277 19447-24027/com.wallet3 D/JIGUANG-JMessage: [ResponseProcessor] IMCMD:3
2018-12-07 15:20:19.282 19447-24107/com.wallet3 D/JIGUANG-JMessage: [MsgRequest] send message success. id = 2193638067 cTimeMS = 1544167220139
2018-12-07 15:20:19.334 19447-19505/com.wallet3 D/EGL_emulation: eglMakeCurrent: 0xddb7ade0: ver 3 0 (tinfo 0xca85a110)
2018-12-07 15:20:20.713 19447-19505/com.wallet3 I/chatty: uid=10095(com.wallet3) RenderThread identical 4 lines
2018-12-07 15:20:20.720 19447-19505/com.wallet3 D/EGL_emulation: eglMakeCurrent: 0xddb7ade0: ver 3 0 (tinfo 0xca85a110)
2018-12-07 15:20:20.722 19447-19505/com.wallet3 D/OpenGLRenderer: endAllActiveAnimators on 0xb7e48600 (RippleDrawable) with handle 0xca478500
2018-12-07 15:20:20.745 19447-19505/com.wallet3 D/EGL_emulation: eglMakeCurrent: 0xddb7ade0: ver 3 0 (tinfo 0xca85a110)
2018-12-07 15:20:26.530 19447-19618/com.wallet3 D/JIGUANG-JMessage: [RequestingThread] Action - sendRequestInternal - connection:, timeout:300000, threadId:1018
2018-12-07 15:20:26.532 19447-19618/com.wallet3 D/JIGUANG-JMessage: [RequestingThread] Action - sendCommandWithLoggedIn
2018-12-07 15:20:26.532 19447-19618/com.wallet3 D/JIGUANG-JMessage: [RequestingThread] request is [Requesting] - timeout:290000, times:1, request:[Request] - [JHead] - len:0, version:1, command:100, rid:15366, sid:44007, juid:20163561480
2018-12-07 15:20:26.532 19447-19618/com.wallet3 D/JIGUANG-JMessage: [RequestingThread] Request params - cmd:100
2018-12-07 15:20:26.645 19447-24027/com.wallet3 D/JIGUANG-JMessage: [b] processIMData type : im_response
2018-12-07 15:20:26.646 19447-24027/com.wallet3 D/JIGUANG-JMessage: [ResponseProcessor] IMCMD:3
2018-12-07 15:20:26.649 19447-24118/com.wallet3 D/JIGUANG-JMessage: [MsgRequest] send message success. id = 2193638873 cTimeMS = 1544167227557
2018-12-07 15:20:26.691 19447-19505/com.wallet3 D/EGL_emulation: eglMakeCurrent: 0xddb7ade0: ver 3 0 (tinfo 0xca85a110)
2018-12-07 15:20:27.907 19447-19505/com.wallet3 I/chatty: uid=10095(com.wallet3) RenderThread identical 4 lines
2018-12-07 15:20:27.914 19447-19505/com.wallet3 D/EGL_emulation: eglMakeCurrent: 0xddb7ade0: ver 3 0 (tinfo 0xca85a110)
2018-12-07 15:20:27.916 19447-19505/com.wallet3 D/OpenGLRenderer: endAllActiveAnimators on 0xb96d9680 (RippleDrawable) with handle 0xca56d740
2018-12-07 15:20:27.942 19447-19505/com.wallet3 D/EGL_emulation: eglMakeCurrent: 0xddb7ade0: ver 3 0 (tinfo 0xca85a110)
2018-12-07 15:20:34.427 19447-19618/com.wallet3 D/JIGUANG-JMessage: [RequestingThread] Action - sendRequestInternal - connection:, timeout:300000, threadId:1018
2018-12-07 15:20:34.428 19447-19618/com.wallet3 D/JIGUANG-JMessage: [RequestingThread] Action - sendCommandWithLoggedIn
2018-12-07 15:20:34.428 19447-19618/com.wallet3 D/JIGUANG-JMessage: [RequestingThread] request is [Requesting] - timeout:290000, times:1, request:[Request] - [JHead] - len:0, version:1, command:100, rid:15368, sid:44007, juid:20163561480
2018-12-07 15:20:34.428 19447-19618/com.wallet3 D/JIGUANG-JMessage: [RequestingThread] Request params - cmd:100
2018-12-07 15:20:34.541 19447-19476/com.wallet3 D/JIGUANG-JMessage: [b] processIMData type : im_response
2018-12-07 15:20:34.541 19447-19476/com.wallet3 D/JIGUANG-JMessage: [ResponseProcessor] IMCMD:3
2018-12-07 15:20:34.551 19447-24130/com.wallet3 D/JIGUANG-JMessage: [MsgRequest] send message success. id = 2195559674 cTimeMS = 1544167235451
2018-12-07 15:20:34.595 19447-19505/com.wallet3 D/EGL_emulation: eglMakeCurrent: 0xddb7ade0: ver 3 0 (tinfo 0xca85a110)
2018-12-07 15:20:35.924 19447-19505/com.wallet3 I/chatty: uid=10095(com.wallet3) RenderThread identical 2 lines
2018-12-07 15:20:35.933 19447-19505/com.wallet3 D/EGL_emulation: eglMakeCurrent: 0xddb7ade0: ver 3 0 (tinfo 0xca85a110)
2018-12-07 15:20:35.934 19447-19505/com.wallet3 D/OpenGLRenderer: endAllActiveAnimators on 0xb74d4180 (RippleDrawable) with handle 0xca5a18e0
2018-12-07 15:20:35.961 19447-19505/com.wallet3 D/EGL_emulation: eglMakeCurrent: 0xddb7ade0: ver 3 0 (tinfo 0xca85a110)
2018-12-07 15:20:49.386 19447-19618/com.wallet3 D/JIGUANG-JMessage: [RequestingThread] Action - sendRequestInternal - connection:, timeout:300000, threadId:1018
2018-12-07 15:20:49.387 19447-19618/com.wallet3 D/JIGUANG-JMessage: [RequestingThread] Action - sendCommandWithLoggedIn
2018-12-07 15:20:49.387 19447-19618/com.wallet3 D/JIGUANG-JMessage: [RequestingThread] request is [Requesting] - timeout:290000, times:1, request:[Request] - [JHead] - len:0, version:1, command:100, rid:15370, sid:44007, juid:20163561480
2018-12-07 15:20:49.387 19447-19618/com.wallet3 D/JIGUANG-JMessage: [RequestingThread] Request params - cmd:100
2018-12-07 15:20:49.596 19447-19476/com.wallet3 D/JIGUANG-JMessage: [b] processIMData type : im_response
2018-12-07 15:20:49.597 19447-19476/com.wallet3 D/JIGUANG-JMessage: [ResponseProcessor] IMCMD:3
2018-12-07 15:20:49.597 19447-19476/com.wallet3 D/JMessageModule: 登录状态改变事件：event = cn.jpush.im.android.api.event.LoginStateChangeEvent@59b6023
2018-12-07 15:20:49.597 19447-19476/com.wallet3 W/unknown:ReactNative: Calling JS function after bridge has been destroyed: RCTDeviceEventEmitter.emit(["JMessage.LoginStateChanged",{"type":"user_login_status_unexpected"}])
2018-12-07 15:20:49.597 19447-19476/com.wallet3 D/JMessageModule: 登录状态改变事件：event = cn.jpush.im.android.api.event.LoginStateChangeEvent@59b6023
2018-12-07 15:20:49.598 19447-19476/com.wallet3 W/unknown:ReactNative: Calling JS function after bridge has been destroyed: RCTDeviceEventEmitter.emit(["JMessage.LoginStateChanged",{"type":"user_login_status_unexpected"}])
2018-12-07 15:20:49.598 19447-19476/com.wallet3 D/JMessageModule: 登录状态改变事件：event = cn.jpush.im.android.api.event.LoginStateChangeEvent@59b6023
2018-12-07 15:20:49.598 19447-19476/com.wallet3 W/unknown:ReactNative: Calling JS function after bridge has been destroyed: RCTDeviceEventEmitter.emit(["JMessage.LoginStateChanged",{"type":"user_login_status_unexpected"}])
2018-12-07 15:20:49.598 19447-19476/com.wallet3 D/JMessageModule: 登录状态改变事件：event = cn.jpush.im.android.api.event.LoginStateChangeEvent@59b6023
2018-12-07 15:20:49.598 19447-19476/com.wallet3 W/unknown:ReactNative: Calling JS function after bridge has been destroyed: RCTDeviceEventEmitter.emit(["JMessage.LoginStateChanged",{"type":"user_login_status_unexpected"}])
2018-12-07 15:20:49.598 19447-19476/com.wallet3 D/JMessageModule: 登录状态改变事件：event = cn.jpush.im.android.api.event.LoginStateChangeEvent@59b6023
2018-12-07 15:20:49.600 19447-19618/com.wallet3 D/JIGUANG-JMessage: [RequestingThread] Action - sendRequestInternal - connection:, timeout:60000, threadId:1018
2018-12-07 15:20:49.601 19447-19618/com.wallet3 D/JIGUANG-JMessage: [RequestingThread] Action - sendCommandWithLoggedIn
2018-12-07 15:20:49.601 19447-19618/com.wallet3 D/JIGUANG-JMessage: [RequestingThread] request is [Requesting] - timeout:50000, times:1, request:[Request] - [JHead] - len:0, version:1, command:100, rid:15372, sid:44007, juid:20163561480
2018-12-07 15:20:49.601 19447-19618/com.wallet3 D/JIGUANG-JMessage: [RequestingThread] Request params - cmd:100
2018-12-07 15:20:49.602 19447-19476/com.wallet3 I/JIGUANG-JMessage: [RequestProcessor] SyncCheck stopped
2018-12-07 15:20:49.603 19447-19476/com.wallet3 W/JIGUANG-JMessage: [ImBaseRequest] response code is handled,return from parse response.
2018-12-07 15:20:49.604 19447-19476/com.wallet3 E/JIGUANG-JMessage: [CommonUtils] [getConversation] have not logged in!
2018-12-07 15:20:49.604 19447-19476/com.wallet3 W/JIGUANG-JMessage: [MsgRequest] conversation is null!update message status failed !
2018-12-07 15:20:49.714 19447-19447/com.wallet3 E/JIGUANG-JMessage: [CommonUtils] [getFromUser] have not logged in!
2018-12-07 15:20:49.727 19447-19505/com.wallet3 D/EGL_emulation: eglMakeCurrent: 0xddb7ade0: ver 3 0 (tinfo 0xca85a110)
2018-12-07 15:20:49.764 19447-19505/com.wallet3 D/EGL_emulation: eglMakeCurrent: 0xddb7ade0: ver 3 0 (tinfo 0xca85a110)
2018-12-07 15:20:49.770 19447-19505/com.wallet3 I/chatty: uid=10095(com.wallet3) RenderThread identical 1 line
2018-12-07 15:20:49.775 19447-19505/com.wallet3 D/EGL_emulation: eglMakeCurrent: 0xddb7ade0: ver 3 0 (tinfo 0xca85a110)
2018-12-07 15:20:49.989 19447-19478/com.wallet3 D/JIGUANG-JMessage: [b] processIMData type : im_response
2018-12-07 15:20:49.990 19447-19478/com.wallet3 D/JIGUANG-JMessage: [ResponseProcessor] IMCMD:2
2018-12-07 15:20:49.990 19447-19478/com.wallet3 E/JIGUANG-JMessage: [CommonUtils] [handleIMResponse] have not logged in!
2018-12-07 15:20:51.229 19447-19505/com.wallet3 D/EGL_emulation: eglMakeCurrent: 0xddb7ade0: ver 3 0 (tinfo 0xca85a110)
2018-12-07 15:22:08.344 19447-19473/com.wallet3 W/System: A resource failed to call close. 
2018-12-07 15:23:27.982 19447-19447/com.wallet3 D/JIGUANG-JCore: [PushReceiver] onReceive - cn.jpush.android.intent.ACTION_REPORT_HISTORY
2018-12-07 15:23:27.983 19447-19488/com.wallet3 D/JIGUANG-JPush: [PushReceiverCore] onReceive - cn.jpush.android.intent.ACTION_REPORT_HISTORY
2018-12-07 15:25:34.929 19447-19505/com.wallet3 D/EGL_emulation: eglMakeCurrent: 0xddb7ade0: ver 3 0 (tinfo 0xca85a110)
2018-12-07 15:25:34.931 19447-19505/com.wallet3 D/OpenGLRenderer: endAllActiveAnimators on 0xb7283a80 (RippleDrawable) with handle 0xca751d20
2018-12-07 15:25:34.944 19447-19505/com.wallet3 D/EGL_emulation: eglMakeCurrent: 0xddb7ade0: ver 3 0 (tinfo 0xca85a110)
2018-12-07 15:25:36.090 19447-24040/com.wallet3 E/JIGUANG-JMessage: [CommonUtils] [createConversation] have not logged in!
2018-12-07 15:25:36.090 19447-24040/com.wallet3 W/JIGUANG-JMessage: [ConversationManager] parameter invalid! put to map failed!
2018-12-07 15:25:36.091 19447-24040/com.wallet3 W/System.err: java.lang.NullPointerException: Attempt to invoke virtual method 'cn.jpush.im.android.api.model.Message cn.jpush.im.android.api.model.Conversation.createSendMessage(cn.jpush.im.android.api.content.MessageContent)' on a null object reference
2018-12-07 15:25:36.091 19447-24040/com.wallet3 W/System.err:     at io.jchat.android.JMessageModule.createSendMessage(JMessageModule.java:365)
2018-12-07 15:25:36.091 19447-24040/com.wallet3 W/System.err:     at java.lang.reflect.Method.invoke(Native Method)
2018-12-07 15:25:36.091 19447-24040/com.wallet3 W/System.err:     at com.facebook.react.bridge.JavaMethodWrapper.invoke(JavaMethodWrapper.java:372)
2018-12-07 15:25:36.091 19447-24040/com.wallet3 W/System.err:     at com.facebook.react.bridge.JavaModuleWrapper.invoke(JavaModuleWrapper.java:160)
2018-12-07 15:25:36.091 19447-24040/com.wallet3 W/System.err:     at com.facebook.react.bridge.queue.NativeRunnable.run(Native Method)
2018-12-07 15:25:36.091 19447-24040/com.wallet3 W/System.err:     at android.os.Handler.handleCallback(Handler.java:873)
2018-12-07 15:25:36.091 19447-24040/com.wallet3 W/System.err:     at android.os.Handler.dispatchMessage(Handler.java:99)
2018-12-07 15:25:36.091 19447-24040/com.wallet3 W/System.err:     at com.facebook.react.bridge.queue.MessageQueueThreadHandler.dispatchMessage(MessageQueueThreadHandler.java:29)
2018-12-07 15:25:36.091 19447-24040/com.wallet3 W/System.err:     at android.os.Looper.loop(Looper.java:193)
2018-12-07 15:25:36.092 19447-24040/com.wallet3 W/System.err:     at com.facebook.react.bridge.queue.MessageQueueThreadImpl$3.run(MessageQueueThreadImpl.java:192)
2018-12-07 15:25:36.092 19447-24040/com.wallet3 W/System.err:     at java.lang.Thread.run(Thread.java:764)
2018-12-07 15:25:36.108 19447-24040/com.wallet3 E/JIGUANG-JMessage: [CommonUtils] [createConversation] have not logged in!
2018-12-07 15:25:36.108 19447-24040/com.wallet3 W/JIGUANG-JMessage: [ConversationManager] parameter invalid! put to map failed!
2018-12-07 15:25:36.108 19447-24040/com.wallet3 W/System.err: com.facebook.react.bridge.NoSuchKeyException: id
2018-12-07 15:25:36.108 19447-24040/com.wallet3 W/System.err:     at com.facebook.react.bridge.ReadableNativeMap.getNullableValue(ReadableNativeMap.java:128)
2018-12-07 15:25:36.109 19447-24040/com.wallet3 W/System.err:     at com.facebook.react.bridge.ReadableNativeMap.getString(ReadableNativeMap.java:168)
2018-12-07 15:25:36.109 19447-24040/com.wallet3 W/System.err:     at io.jchat.android.JMessageModule.sendMessage(JMessageModule.java:378)
2018-12-07 15:25:36.109 19447-24040/com.wallet3 W/System.err:     at java.lang.reflect.Method.invoke(Native Method)
2018-12-07 15:25:36.109 19447-24040/com.wallet3 W/System.err:     at com.facebook.react.bridge.JavaMethodWrapper.invoke(JavaMethodWrapper.java:372)
2018-12-07 15:25:36.109 19447-24040/com.wallet3 W/System.err:     at com.facebook.react.bridge.JavaModuleWrapper.invoke(JavaModuleWrapper.java:160)
2018-12-07 15:25:36.109 19447-24040/com.wallet3 W/System.err:     at com.facebook.react.bridge.queue.NativeRunnable.run(Native Method)
2018-12-07 15:25:36.109 19447-24040/com.wallet3 W/System.err:     at android.os.Handler.handleCallback(Handler.java:873)
2018-12-07 15:25:36.109 19447-24040/com.wallet3 W/System.err:     at android.os.Handler.dispatchMessage(Handler.java:99)
2018-12-07 15:25:36.109 19447-24040/com.wallet3 W/System.err:     at com.facebook.react.bridge.queue.MessageQueueThreadHandler.dispatchMessage(MessageQueueThreadHandler.java:29)
2018-12-07 15:25:36.109 19447-24040/com.wallet3 W/System.err:     at android.os.Looper.loop(Looper.java:193)
2018-12-07 15:25:36.109 19447-24040/com.wallet3 W/System.err:     at com.facebook.react.bridge.queue.MessageQueueThreadImpl$3.run(MessageQueueThreadImpl.java:192)
2018-12-07 15:25:36.109 19447-24040/com.wallet3 W/System.err:     at java.lang.Thread.run(Thread.java:764)
2018-12-07 15:25:36.201 19447-19505/com.wallet3 D/EGL_emulation: eglMakeCurrent: 0xddb7ade0: ver 3 0 (tinfo 0xca85a110)
2018-12-07 15:25:36.208 19447-19505/com.wallet3 D/EGL_emulation: eglMakeCurrent: 0xddb7ade0: ver 3 0 (tinfo 0xca85a110)
2018-12-07 15:25:39.166 19447-24040/com.wallet3 I/JMessageModule: username: user1 is logging in
2018-12-07 15:25:39.172 19447-19618/com.wallet3 D/JIGUANG-JMessage: [RequestingThread] Action - sendRequestInternal - connection:, timeout:60000, threadId:1018
2018-12-07 15:25:39.172 19447-19618/com.wallet3 D/JIGUANG-JMessage: [RequestingThread] Action - sendCommandWithLoggedIn
